******************************************************************************
                  TI ARM Linker PC v18.12.2                    
******************************************************************************
>> Linked Sat Nov 23 13:03:05 2019

OUTPUT FILE NAME:   <Lab 5.out>
ENTRY POINT SYMBOL: "_c_int00_noargs"  address: 0000576d


MEMORY CONFIGURATION

         name            origin    length      used     unused   attr    fill
----------------------  --------  ---------  --------  --------  ----  --------
  MAIN                  00000000   00040000  00005ce8  0003a318  R  X
  INFO                  00200000   00004000  00000000  00004000  R  X
  SRAM_CODE             01000000   00010000  00000adc  0000f524  RW X
  SRAM_DATA             20000000   00010000  00000adc  0000f524  RW  


SEGMENT ALLOCATION MAP

run origin  load origin   length   init length attrs members
----------  ----------- ---------- ----------- ----- -------
00000000    00000000    00005ce8   00005ce8    r-x
  00000000    00000000    000000e4   000000e4    r-- .intvecs
  000000e4    000000e4    000058f4   000058f4    r-x .text
  000059d8    000059d8    00000248   00000248    r-- .const
  00005c20    00005c20    000000c8   000000c8    r-- .cinit
20000000    20000000    000008e0   00000000    rw-
  20000000    20000000    000000e4   00000000    rw- .vtable
  200000e8    200000e8    00000400   00000000    rw- .sysmem
  200004e8    200004e8    00000224   00000000    rw- .data
  2000070c    2000070c    000001d4   00000000    rw- .bss
2000fe00    2000fe00    00000200   00000000    rw-
  2000fe00    2000fe00    00000200   00000000    rw- .stack


SECTION ALLOCATION MAP

 output                                  attributes/
section   page    origin      length       input sections
--------  ----  ----------  ----------   ----------------
.intvecs   0    00000000    000000e4     
                  00000000    000000e4     startup_msp432p401r_ccs.obj (.intvecs:retain)

.text      0    000000e4    000058f4     
                  000000e4    00000d7c     cs.obj (.text)
                  00000e60    00000a4e     rtsv7M4_T_le_v4SPD16_eabi.lib : _printfi.c.obj (.text:__TI_printfi)
                  000018ae    00000002                                   : _lock.c.obj (.text:_nop)
                  000018b0    000008d4     adc14.obj (.text)
                  00002184    00000798     timer_a.obj (.text)
                  0000291c    00000480     gpio.obj (.text)
                  00002d9c    000003f0     interrupt.obj (.text)
                  0000318c    00000334     system_msp432p401r.obj (.text)
                  000034c0    00000270     rtsv7M4_T_le_v4SPD16_eabi.lib : _printfi.c.obj (.text:_pconv_a)
                  00003730    00000244     sysctl.obj (.text)
                  00003974    000001d0     rtsv7M4_T_le_v4SPD16_eabi.lib : _printfi.c.obj (.text:_pconv_g)
                  00003b44    000001b6                                   : fd_add_t2.asm.obj (.text)
                  00003cfa    00000002                                   : div0.asm.obj (.text)
                  00003cfc    0000013c                                   : _printfi.c.obj (.text:_pconv_e)
                  00003e38    00000136                                   : fd_div_t2.asm.obj (.text)
                  00003f6e    00000002     --HOLE-- [fill = 0]
                  00003f70    00000124                                   : _printfi.c.obj (.text:fcvt)
                  00004094    00000114                                   : fputs.c.obj (.text:fputs)
                  000041a8    00000110                                   : s_scalbn.c.obj (.text:scalbn)
                  000042b8    0000010c     main.obj (.text)
                  000043c4    000000fc     rtsv7M4_T_le_v4SPD16_eabi.lib : fd_mul_t2.asm.obj (.text)
                  000044c0    000000f4                                   : memory.c.obj (.text:aligned_alloc)
                  000045b4    000000e8                                   : memory.c.obj (.text:free)
                  0000469c    000000dc                                   : setvbuf.c.obj (.text:setvbuf)
                  00004778    000000d8     wdt_a.obj (.text)
                  00004850    000000cc     ref_a.obj (.text)
                  0000491c    000000b1     rtsv7M4_T_le_v4SPD16_eabi.lib : _printfi.c.obj (.text:_ltostr)
                  000049cd    00000001     --HOLE-- [fill = 0]
                  000049ce    0000009c                                   : memcpy_t2.asm.obj (.text)
                  00004a6a    00000096                                   : ull_div_t2.asm.obj (.text)
                  00004b00    0000008c                                   : fputc.c.obj (.text:fputc)
                  00004b8c    00000086                                   : fd_cmp_t2.asm.obj (.text:__aeabi_cdcmple)
                  00004c12    00000086                                   : fd_cmp_t2.asm.obj (.text:__aeabi_cdrcmple)
                  00004c98    0000007c                                   : memory.c.obj (.text:split)
                  00004d14    0000007a                                   : memset_t2.asm.obj (.text)
                  00004d8e    00000002     --HOLE-- [fill = 0]
                  00004d90    00000074                                   : fclose.c.obj (.text:__TI_closefile)
                  00004e04    0000006e                                   : _printfi.c.obj (.text:_mcpy)
                  00004e72    00000002     --HOLE-- [fill = 0]
                  00004e74    00000068                                   : hostlseek.c.obj (.text:HOSTlseek)
                  00004edc    00000068                                   : hostrename.c.obj (.text:HOSTrename)
                  00004f44    00000068                                   : copy_decompress_lzss.c.obj (.text:decompress:lzss:__TI_decompress_lzss)
                  00004fac    00000068                                   : printf.c.obj (.text:printf)
                  00005014    00000064                                   : s_frexp.c.obj (.text:frexp)
                  00005078    00000064                                   : fseek.c.obj (.text:fseek)
                  000050dc    00000062                                   : _io_perm.c.obj (.text:__TI_wrt_ok)
                  0000513e    00000002     --HOLE-- [fill = 0]
                  00005140    00000060                                   : hostopen.c.obj (.text:HOSTopen)
                  000051a0    0000005c                                   : close.c.obj (.text:close)
                  000051fc    00000058                                   : hostread.c.obj (.text:HOSTread)
                  00005254    00000058                                   : hostwrite.c.obj (.text:HOSTwrite)
                  000052ac    00000056                                   : _printfi.c.obj (.text:_pconv_f)
                  00005302    00000054                                   : ltoa.c.obj (.text:ltoa)
                  00005356    00000052                                   : _printfi.c.obj (.text:_ecpy)
                  000053a8    0000004c                                   : fflush.c.obj (.text:__TI_doflush)
                  000053f4    0000004c                                   : atoi.c.obj (.text:atoi)
                  00005440    00000048                                   : exit.c.obj (.text:exit)
                  00005488    00000048                                   : fd_toi_t2.asm.obj (.text)
                  000054d0    00000044                                   : hostclose.c.obj (.text:HOSTclose)
                  00005514    00000044                                   : hostunlink.c.obj (.text:HOSTunlink)
                  00005558    00000044                                   : autoinit.c.obj (.text:__TI_auto_init_nobinit_nopinit:__TI_auto_init_nobinit_nopinit)
                  0000559c    00000044                                   : getdevice.c.obj (.text:getdevice)
                  000055e0    0000003e                                   : _printfi.c.obj (.text:_fcpy)
                  0000561e    0000003e     cpu.obj (.text)
                  0000565c    00000038     rtsv7M4_T_le_v4SPD16_eabi.lib : trgmsg.c.obj (.text:__TI_writemsg)
                  00005694    00000038                                   : fs_tod_t2.asm.obj (.text)
                  000056cc    00000036                                   : strncpy.c.obj (.text:strncpy)
                  00005702    00000002     --HOLE-- [fill = 0]
                  00005704    00000034                                   : fopen.c.obj (.text:__TI_cleanup)
                  00005738    00000034                                   : trgmsg.c.obj (.text:__TI_readmsg)
                  0000576c    00000034                                   : boot_cortex_m.c.obj (.text:_c_int00_noargs:_c_int00_noargs)
                  000057a0    00000030                                   : getdevice.c.obj (.text:finddevice)
                  000057d0    0000002e                                   : i_tofd_t2.asm.obj (.text)
                  000057fe    00000002     --HOLE-- [fill = 0]
                  00005800    0000002c                                   : unlink.c.obj (.text:unlink)
                  0000582c    00000028                                   : memory.c.obj (.text:free_list_insert)
                  00005854    00000028                                   : lseek.c.obj (.text:lseek)
                  0000587c    00000028                                   : write.c.obj (.text:write)
                  000058a4    00000020                                   : memchr.c.obj (.text:memchr)
                  000058c4    0000001c                                   : copy_zero_init.c.obj (.text:decompress:ZI:__TI_zero_init_nomemset:__TI_zero_init_nomemset)
                  000058e0    0000001c                                   : memory.c.obj (.text:free_list_remove)
                  000058fc    0000001c                                   : memccpy.c.obj (.text:memccpy)
                  00005918    0000001a                                   : s_copysign.c.obj (.text:copysign)
                  00005932    00000018                                   : strcmp.c.obj (.text:strcmp)
                  0000594a    00000016                                   : strchr.c.obj (.text:strchr)
                  00005960    00000014                                   : strcpy.c.obj (.text:strcpy)
                  00005974    00000014                                   : strlen.c.obj (.text:strlen)
                  00005988    00000012                                   : wcslen.c.obj (.text:wcslen)
                  0000599a    0000000e                                   : copy_decompress_none.c.obj (.text:decompress:none:__TI_decompress_none)
                  000059a8    0000000e     startup_msp432p401r_ccs.obj (.text)
                  000059b6    00000002     --HOLE-- [fill = 0]
                  000059b8    00000008     rtsv7M4_T_le_v4SPD16_eabi.lib : errno.c.obj (.text:__aeabi_errno_addr)
                  000059c0    00000008                                   : memory.c.obj (.text:malloc)
                  000059c8    00000004                                   : printf.c.obj (.text:_outc)
                  000059cc    00000004                                   : printf.c.obj (.text:_outs)
                  000059d0    00000004                                   : pre_init.c.obj (.text:_system_pre_init)
                  000059d4    00000004                                   : exit.c.obj (.text:abort:abort)

.const     0    000059d8    00000248     
                  000059d8    00000101     rtsv7M4_T_le_v4SPD16_eabi.lib : ctype.c.obj (.const:.string:_ctypes_)
                  00005ad9    00000003     --HOLE-- [fill = 0]
                  00005adc    00000080     adc14.obj (.const:_ctlRegs)
                  00005b5c    00000050     interrupt.obj (.const:g_pulRegs)
                  00005bac    00000020     interrupt.obj (.const:g_pulPriority)
                  00005bcc    0000001c     gpio.obj (.const:GPIO_PORT_TO_INT)
                  00005be8    00000018     main.obj (.const:upConfig_0)
                  00005c00    00000008     interrupt.obj (.const:g_pulDisRegs)
                  00005c08    00000008     interrupt.obj (.const:g_pulEnRegs)
                  00005c10    00000008     interrupt.obj (.const:g_pulPendRegs)
                  00005c18    00000008     interrupt.obj (.const:g_pulUnpendRegs)

.cinit     0    00005c20    000000c8     
                  00005c20    00000094     (.cinit..data.load) [load image, compression = lzss]
                  00005cb4    0000000c     (__TI_handler_table)
                  00005cc0    00000008     (.cinit..bss.load) [load image, compression = zero_init]
                  00005cc8    00000008     (.cinit..vtable.load) [load image, compression = zero_init]
                  00005cd0    00000018     (__TI_cinit_table)

.init_array 
*          0    00000000    00000000     UNINITIALIZED

.binit     0    00000000    00000000     

.vtable    0    20000000    000000e4     UNINITIALIZED
                  20000000    000000e4     interrupt.obj (.vtable)

.sysmem    0    200000e8    00000400     UNINITIALIZED
                  200000e8    00000010     rtsv7M4_T_le_v4SPD16_eabi.lib : memory.c.obj (.sysmem)
                  200000f8    000003f0     --HOLE--

.data      0    200004e8    00000224     UNINITIALIZED
                  200004e8    000000f0     rtsv7M4_T_le_v4SPD16_eabi.lib : defs.c.obj (.data:_ftable)
                  200005d8    00000078                                   : host_device.c.obj (.data:_device)
                  20000650    00000050                                   : host_device.c.obj (.data:_stream)
                  200006a0    00000030     gpio.obj (.data:GPIO_PORT_TO_BASE)
                  200006d0    00000010     rtsv7M4_T_le_v4SPD16_eabi.lib : defs.c.obj (.data)
                  200006e0    0000000c                                   : exit.c.obj (.data:$O1$$)
                  200006ec    00000008                                   : _lock.c.obj (.data:$O1$$)
                  200006f4    00000008                                   : memory.c.obj (.data:$O1$$)
                  200006fc    00000008     main.obj (.data)
                  20000704    00000004     rtsv7M4_T_le_v4SPD16_eabi.lib : errno.c.obj (.data)
                  20000708    00000004     system_msp432p401r.obj (.data)

.bss       0    2000070c    000001d4     UNINITIALIZED
                  2000070c    00000120     rtsv7M4_T_le_v4SPD16_eabi.lib : trgmsg.c.obj (.bss:_CIOBUF_)
                  2000082c    000000a0     (.common:__TI_tmpnams)
                  200008cc    00000008     cs.obj (.bss)
                  200008d4    00000008     (.common:parmbuf)
                  200008dc    00000004     (.common:temp)

.stack     0    2000fe00    00000200     UNINITIALIZED
                  2000fe00    00000004     rtsv7M4_T_le_v4SPD16_eabi.lib : boot_cortex_m.c.obj (.stack)
                  2000fe04    000001fc     --HOLE--

MODULE SUMMARY

       Module                        code    ro data   rw data
       ------                        ----    -------   -------
    .\
       system_msp432p401r.obj        820     0         8      
       main.obj                      268     24        24     
       startup_msp432p401r_ccs.obj   14      228       0      
    +--+-----------------------------+-------+---------+---------+
       Total:                        1102    252       32     
                                                              
    .\driverlib\MSP432P4xx\
       cs.obj                        3452    0         16     
       adc14.obj                     2260    128       0      
       timer_a.obj                   1944    0         0      
       interrupt.obj                 1008    144       456    
       gpio.obj                      1152    28        96     
       sysctl.obj                    580     0         0      
       wdt_a.obj                     216     0         0      
       ref_a.obj                     204     0         0      
       cpu.obj                       62      0         0      
    +--+-----------------------------+-------+---------+---------+
       Total:                        10878   300       568    
                                                              
    C:\ti\ccs910\ccs\tools\compiler\ti-cgt-arm_18.12.2.LTS\lib\rtsv7M4_T_le_v4SPD16_eabi.lib
       _printfi.c.obj                4851    0         0      
       defs.c.obj                    0       0         832    
       memory.c.obj                  676     0         16     
       trgmsg.c.obj                  108     0         576    
       fd_add_t2.asm.obj             438     0         0      
       host_device.c.obj             0       0         400    
       fd_div_t2.asm.obj             310     0         0      
       fputs.c.obj                   276     0         0      
       s_scalbn.c.obj                272     0         0      
       fd_cmp_t2.asm.obj             268     0         0      
       ctype.c.obj                   0       257       0      
       fd_mul_t2.asm.obj             252     0         0      
       setvbuf.c.obj                 220     0         0      
       memcpy_t2.asm.obj             156     0         0      
       ull_div_t2.asm.obj            150     0         0      
       fputc.c.obj                   140     0         0      
       memset_t2.asm.obj             122     0         0      
       fclose.c.obj                  116     0         0      
       getdevice.c.obj               116     0         0      
       hostopen.c.obj                96      0         16     
       printf.c.obj                  112     0         0      
       copy_decompress_lzss.c.obj    104     0         0      
       hostlseek.c.obj               104     0         0      
       hostrename.c.obj              104     0         0      
       exit.c.obj                    76      0         24     
       fseek.c.obj                   100     0         0      
       s_frexp.c.obj                 100     0         0      
       _io_perm.c.obj                98      0         0      
       close.c.obj                   92      0         0      
       hostread.c.obj                88      0         0      
       hostwrite.c.obj               88      0         0      
       ltoa.c.obj                    84      0         0      
       atoi.c.obj                    76      0         0      
       fflush.c.obj                  76      0         0      
       fd_toi_t2.asm.obj             72      0         0      
       autoinit.c.obj                68      0         0      
       hostclose.c.obj               68      0         0      
       hostunlink.c.obj              68      0         0      
       fs_tod_t2.asm.obj             56      0         0      
       strncpy.c.obj                 54      0         0      
       boot_cortex_m.c.obj           52      0         0      
       fopen.c.obj                   52      0         0      
       i_tofd_t2.asm.obj             46      0         0      
       unlink.c.obj                  44      0         0      
       lseek.c.obj                   40      0         0      
       write.c.obj                   40      0         0      
       memchr.c.obj                  32      0         0      
       copy_zero_init.c.obj          28      0         0      
       memccpy.c.obj                 28      0         0      
       s_copysign.c.obj              26      0         0      
       strcmp.c.obj                  24      0         0      
       strchr.c.obj                  22      0         0      
       strcpy.c.obj                  20      0         0      
       strlen.c.obj                  20      0         0      
       _lock.c.obj                   2       0         16     
       wcslen.c.obj                  18      0         0      
       errno.c.obj                   8       0         8      
       copy_decompress_none.c.obj    14      0         0      
       pre_init.c.obj                4       0         0      
       div0.asm.obj                  2       0         0      
    +--+-----------------------------+-------+---------+---------+
       Total:                        10777   257       1888   
                                                              
       Heap:                         0       0         2048   
       Stack:                        0       0         1024   
       Linker Generated:             0       200       0      
    +--+-----------------------------+-------+---------+---------+
       Grand Total:                  22757   1009      5560   


LINKER GENERATED COPY TABLES

__TI_cinit_table @ 00005cd0 records: 3, size/record: 8, table size: 24
	.data: load addr=00005c20, load size=00000094 bytes, run addr=200004e8, run size=00000224 bytes, compression=lzss
	.bss: load addr=00005cc0, load size=00000008 bytes, run addr=2000070c, run size=000001d4 bytes, compression=zero_init
	.vtable: load addr=00005cc8, load size=00000008 bytes, run addr=20000000, run size=000000e4 bytes, compression=zero_init


LINKER GENERATED HANDLER TABLE

__TI_handler_table @ 00005cb4 records: 3, size/record: 4, table size: 12
	index: 0, handler: __TI_zero_init
	index: 1, handler: __TI_decompress_lzss
	index: 2, handler: __TI_decompress_none


GLOBAL SYMBOLS: SORTED ALPHABETICALLY BY Name 

address   name                                           
-------   ----                                           
000059b5  ADC14_IRQHandler                               
000020fd  ADC14_clearInterruptFlag                       
00001ca5  ADC14_configureConversionMemory                
00001b4d  ADC14_configureMultiSequenceMode               
00001be3  ADC14_configureSingleSampleMode                
00001ddd  ADC14_disableComparatorWindow                  
00001c7b  ADC14_disableConversion                        
0000207b  ADC14_disableInterrupt                         
00001a21  ADC14_disableModule                            
00001ffb  ADC14_disableReferenceBurst                    
00001a61  ADC14_disableSampleTimer                       
00001d4d  ADC14_enableComparatorWindow                   
00001c39  ADC14_enableConversion                         
00002053  ADC14_enableInterrupt                          
00001a19  ADC14_enableModule                             
00001fe5  ADC14_enableReferenceBurst                     
00001a37  ADC14_enableSampleTimer                        
000020c7  ADC14_getEnabledInterruptStatus                
000020a3  ADC14_getInterruptStatus                       
00001f05  ADC14_getMultiSequenceResult                   
00001ad7  ADC14_getResolution                            
00001eeb  ADC14_getResult                                
00001f71  ADC14_getResultArray                           
00001a77  ADC14_initModule                               
00001c87  ADC14_isBusy                                   
00002129  ADC14_registerInterrupt                        
00001e3b  ADC14_setComparatorWindowValue                 
00002011  ADC14_setPowerMode                             
00001abd  ADC14_setResolution                            
00001ec1  ADC14_setResultFormat                          
00001b23  ADC14_setSampleHoldTime                        
00001ae1  ADC14_setSampleHoldTrigger                     
00001c59  ADC14_toggleConversionTrigger                  
0000213d  ADC14_unregisterInterrupt                      
000059b5  AES256_IRQHandler                              
000059b5  BusFault_Handler                               
000059d5  C$$EXIT                                        
0000568b  C$$IO$$                                        
000059b5  COMP_E0_IRQHandler                             
000059b5  COMP_E1_IRQHandler                             
00005653  CPU_basepriGet                                 
00005645  CPU_basepriSet                                 
0000561f  CPU_cpsid                                      
00005635  CPU_cpsie                                      
0000562b  CPU_primask                                    
00005641  CPU_wfi                                        
000059b5  CS_IRQHandler                                  
00000de5  CS_clearInterruptFlag                          
0000068d  CS_disableClockRequest                         
00000773  CS_disableDCOExternalResistor                  
00000cb9  CS_disableFaultCounter                         
00000da3  CS_disableInterrupt                            
00000665  CS_enableClockRequest                          
000006d5  CS_enableDCOExternalResistor                   
00000c8d  CS_enableFaultCounter                          
00000d81  CS_enableInterrupt                             
00000c25  CS_getACLK                                     
00000be5  CS_getBCLK                                     
0000086d  CS_getDCOFrequency                             
00000dcb  CS_getEnabledInterruptStatus                   
00000c01  CS_getHSMCLK                                   
00000dc5  CS_getInterruptStatus                          
00000c6b  CS_getMCLK                                     
00000c49  CS_getSMCLK                                    
00000385  CS_initClockSignal                             
00000e07  CS_registerInterrupt                           
00000ce5  CS_resetFaultCounter                           
00000791  CS_setDCOCenteredFrequency                     
000006fd  CS_setDCOExternalResistorCalibration           
00000a0d  CS_setDCOFrequency                             
00000349  CS_setExternalClockSourceFrequency             
000006af  CS_setReferenceOscillatorFrequency             
00000d31  CS_startFaultCounter                           
00000489  CS_startHFXT                                   
000004ad  CS_startHFXTWithTimeout                        
00000571  CS_startLFXT                                   
00000595  CS_startLFXTWithTimeout                        
000007c9  CS_tuneDCOFrequency                            
00000e1b  CS_unregisterInterrupt                         
000059b5  DMA_ERR_IRQHandler                             
000059b5  DMA_INT0_IRQHandler                            
000059b5  DMA_INT1_IRQHandler                            
000059b5  DMA_INT2_IRQHandler                            
000059b5  DMA_INT3_IRQHandler                            
000059b5  DebugMon_Handler                               
000059b5  Default_Handler                                
000059b5  EUSCIA0_IRQHandler                             
000059b5  EUSCIA1_IRQHandler                             
000059b5  EUSCIA2_IRQHandler                             
000059b5  EUSCIA3_IRQHandler                             
000059b5  EUSCIB0_IRQHandler                             
000059b5  EUSCIB1_IRQHandler                             
000059b5  EUSCIB2_IRQHandler                             
000059b5  EUSCIB3_IRQHandler                             
000059b5  FLCTL_IRQHandler                               
000059b5  FPU_IRQHandler                                 
00002c3f  GPIO_clearInterruptFlag                        
00002bff  GPIO_disableInterrupt                          
00002bdd  GPIO_enableInterrupt                           
00002c97  GPIO_getEnabledInterruptStatus                 
00002baf  GPIO_getInputPinValue                          
00002c21  GPIO_getInterruptStatus                        
00002c61  GPIO_interruptEdgeSelect                       
00002d57  GPIO_registerInterrupt                         
00002957  GPIO_setAsInputPin                             
00002b0b  GPIO_setAsInputPinWithPullDownResistor         
00002b5d  GPIO_setAsInputPinWithPullUpResistor           
0000291d  GPIO_setAsOutputPin                            
00002a21  GPIO_setAsPeripheralModuleFunctionInputPin     
0000299d  GPIO_setAsPeripheralModuleFunctionOutputPin    
00002d13  GPIO_setDriveStrengthHigh                      
00002d35  GPIO_setDriveStrengthLow                       
00002aa5  GPIO_setOutputHighOnPin                        
00002ac7  GPIO_setOutputLowOnPin                         
00002ae9  GPIO_toggleOutputOnPin                         
00002d77  GPIO_unregisterInterrupt                       
000054d1  HOSTclose                                      
00004e75  HOSTlseek                                      
00005141  HOSTopen                                       
000051fd  HOSTread                                       
00004edd  HOSTrename                                     
00005515  HOSTunlink                                     
00005255  HOSTwrite                                      
000059b5  HardFault_Handler                              
00002f5f  Interrupt_disableInterrupt                     
00002daf  Interrupt_disableMaster                        
0000315d  Interrupt_disableSleepOnIsrExit                
00002eed  Interrupt_enableInterrupt                      
00002d9f  Interrupt_enableMaster                         
0000314b  Interrupt_enableSleepOnIsrExit                 
00002ec7  Interrupt_getPriority                          
00002e3f  Interrupt_getPriorityGrouping                  
0000312b  Interrupt_getPriorityMask                      
00003145  Interrupt_getVectorTableAddress                
00002fd1  Interrupt_isEnabled                            
0000305d  Interrupt_pendInterrupt                        
00002dbf  Interrupt_registerInterrupt                    
00002e77  Interrupt_setPriority                          
00002e25  Interrupt_setPriorityGrouping                  
0000311b  Interrupt_setPriorityMask                      
00003135  Interrupt_setVectorTableAddress                
000030cd  Interrupt_unpendInterrupt                      
00002e11  Interrupt_unregisterInterrupt                  
000059b5  MemManage_Handler                              
000059b5  NMI_Handler                                    
000059b5  PCM_IRQHandler                                 
000059b5  PORT1_IRQHandler                               
000059b5  PORT2_IRQHandler                               
000059b5  PORT3_IRQHandler                               
000059b5  PORT4_IRQHandler                               
000059b5  PORT5_IRQHandler                               
000059b5  PORT6_IRQHandler                               
000059b5  PSS_IRQHandler                                 
000059b5  PendSV_Handler                                 
00004893  REF_A_disableReferenceVoltage                  
00004883  REF_A_disableReferenceVoltageOutput            
0000486b  REF_A_disableTempSensor                        
0000488b  REF_A_enableReferenceVoltage                   
0000487b  REF_A_enableReferenceVoltageOutput             
00004873  REF_A_enableTempSensor                         
0000489b  REF_A_getBandgapMode                           
000048c9  REF_A_getBufferedBandgapVoltageStatus          
000048d5  REF_A_getVariableReferenceVoltageStatus        
000048a5  REF_A_isBandgapActive                          
000048bd  REF_A_isRefGenActive                           
000048b1  REF_A_isRefGenBusy                             
000048e9  REF_A_setBufferedBandgapVoltageOneTimeTrigger  
00004851  REF_A_setReferenceVoltage                      
000048e1  REF_A_setReferenceVoltageOneTimeTrigger        
000059b5  RTC_C_IRQHandler                               
000059a9  Reset_Handler                                  
000059b5  SVC_Handler                                    
00003923  SysCtl_disableGlitchFilter                     
000037b3  SysCtl_disableNMISource                        
000038bb  SysCtl_disablePeripheralAtCPUHalt              
000037fd  SysCtl_disableSRAMBank                         
00003881  SysCtl_disableSRAMBankRetention                
00003917  SysCtl_enableGlitchFilter                      
000037c7  SysCtl_enableNMISource                         
000038a7  SysCtl_enablePeripheralAtCPUHalt               
000037e1  SysCtl_enableSRAMBank                          
00003865  SysCtl_enableSRAMBankRetention                 
000037ad  SysCtl_getFlashSize                            
000037db  SysCtl_getNMISourceStatus                      
000037a7  SysCtl_getSRAMSize                             
00003731  SysCtl_getTLVInfo                              
0000392f  SysCtl_getTempCalibrationConstant              
0000389d  SysCtl_rebootDevice                            
000038f3  SysCtl_setWDTPasswordViolationResetType        
000038cf  SysCtl_setWDTTimeoutResetType                  
000059b5  SysTick_Handler                                
20000708  SystemCoreClock                                
0000318d  SystemCoreClockUpdate                          
00003405  SystemInit                                     
000059b5  T32_INT1_IRQHandler                            
000059b5  T32_INT2_IRQHandler                            
000059b5  T32_INTC_IRQHandler                            
00004351  TA0_0_IRQHandler                               
00004351  TA0_0_IRQHandler                               
000059b5  TA0_N_IRQHandler                               
000059b5  TA1_0_IRQHandler                               
000059b5  TA1_N_IRQHandler                               
000059b5  TA2_0_IRQHandler                               
000059b5  TA2_N_IRQHandler                               
000059b5  TA3_0_IRQHandler                               
000059b5  TA3_N_IRQHandler                               
0000264f  Timer_A_clearCaptureCompareInterrupt           
00002639  Timer_A_clearInterruptFlag                     
000024b7  Timer_A_clearTimer                             
000022df  Timer_A_configureContinuousMode                
0000236d  Timer_A_configureUpDownMode                    
0000230f  Timer_A_configureUpMode                        
000026dd  Timer_A_disableCaptureCompareInterrupt         
0000268b  Timer_A_disableInterrupt                       
000026b1  Timer_A_enableCaptureCompareInterrupt          
00002677  Timer_A_enableInterrupt                        
00002583  Timer_A_generatePWM                            
00002529  Timer_A_getCaptureCompareCount                 
00002745  Timer_A_getCaptureCompareEnabledInterruptStatus
00002705  Timer_A_getCaptureCompareInterruptStatus       
0000246b  Timer_A_getCounterValue                        
0000272d  Timer_A_getEnabledInterruptStatus              
0000269f  Timer_A_getInterruptStatus                     
000024fb  Timer_A_getOutputForOutputModeOutBitValue      
000024cb  Timer_A_getSynchronizedCaptureCompareInput     
000023cb  Timer_A_initCapture                            
0000241d  Timer_A_initCompare                            
00002781  Timer_A_registerInterrupt                      
0000260d  Timer_A_setCompareValue                        
0000254b  Timer_A_setOutputForOutputModeOutBitValue      
000022c9  Timer_A_startCounter                           
000025f9  Timer_A_stopTimer                              
00002853  Timer_A_unregisterInterrupt                    
000059b5  UsageFault_Handler                             
4000480c  WDTCTL_SYM                                     
000059b5  WDT_A_IRQHandler                               
000047b9  WDT_A_clearTimer                               
00004779  WDT_A_holdTimer                                
000047f5  WDT_A_initIntervalTimer                        
000047d9  WDT_A_initWatchdogTimer                        
00004829  WDT_A_registerInterrupt                        
00004811  WDT_A_setPasswordViolationReset                
0000481d  WDT_A_setTimeoutReset                          
00004799  WDT_A_startTimer                               
0000483d  WDT_A_unregisterInterrupt                      
2000070c  __CIOBUF_                                      
20010000  __STACK_END                                    
00000200  __STACK_SIZE                                   
00000400  __SYSMEM_SIZE                                  
00005cd0  __TI_CINIT_Base                                
00005ce8  __TI_CINIT_Limit                               
00005cb4  __TI_Handler_Table_Base                        
00005cc0  __TI_Handler_Table_Limit                       
00005559  __TI_auto_init_nobinit_nopinit                 
00005705  __TI_cleanup                                   
200006e0  __TI_cleanup_ptr                               
00004d91  __TI_closefile                                 
00004f45  __TI_decompress_lzss                           
0000599b  __TI_decompress_none                           
000053a9  __TI_doflush                                   
200006e4  __TI_dtors_ptr                                 
200006e8  __TI_enable_exit_profile_output                
200006d0  __TI_ft_end                                    
ffffffff  __TI_pprof_out_hndl                            
00000e61  __TI_printfi                                   
ffffffff  __TI_prof_data_size                            
ffffffff  __TI_prof_data_start                           
00005739  __TI_readmsg                                   
00000000  __TI_static_base__                             
2000082c  __TI_tmpnams                                   
0000565d  __TI_writemsg                                  
000050dd  __TI_wrt_ok                                    
000058c5  __TI_zero_init_nomemset                        
00004b8d  __aeabi_cdcmpeq                                
00004b8d  __aeabi_cdcmple                                
00004c13  __aeabi_cdrcmple                               
00005489  __aeabi_d2iz                                   
00003b4f  __aeabi_dadd                                   
00003e39  __aeabi_ddiv                                   
000043c5  __aeabi_dmul                                   
00003b45  __aeabi_dsub                                   
000059b9  __aeabi_errno_addr                             
00005695  __aeabi_f2d                                    
000057d1  __aeabi_i2d                                    
00003cfb  __aeabi_idiv0                                  
00003cfb  __aeabi_ldiv0                                  
00004d15  __aeabi_memclr                                 
00004d15  __aeabi_memclr4                                
00004d15  __aeabi_memclr8                                
000049cf  __aeabi_memcpy                                 
000049cf  __aeabi_memcpy4                                
000049cf  __aeabi_memcpy8                                
00004d17  __aeabi_memset                                 
00004d17  __aeabi_memset4                                
00004d17  __aeabi_memset8                                
200006dc  __aeabi_stderr                                 
200006d4  __aeabi_stdin                                  
200006d8  __aeabi_stdout                                 
00004a6b  __aeabi_uldivmod                               
ffffffff  __binit__                                      
ffffffff  __c_args__                                     
UNDEFED   __mpu_init                                     
2000fe00  __stack                                        
0000576d  _c_int00_noargs                                
000059d8  _ctypes_                                       
200005d8  _device                                        
200004e8  _ftable                                        
200006ec  _lock                                          
000018af  _nop                                           
20000650  _stream                                        
200000e8  _sys_memory                                    
UNDEFED   _system_post_cinit                             
000059d1  _system_pre_init                               
200006f0  _unlock                                        
000059d5  abort                                          
000044c1  aligned_alloc                                  
000053f5  atoi                                           
ffffffff  binit                                          
000051a1  close                                          
00005919  copysign                                       
00005919  copysignl                                      
200006fc  dcoFreq                                        
20000704  errno                                          
00005441  exit                                           
000057a1  finddevice                                     
00004b01  fputc                                          
00004095  fputs                                          
000045b5  free                                           
00005015  frexp                                          
00005015  frexpl                                         
00005079  fseek                                          
20000000  g_pfnRAMVectors                                
0000559d  getdevice                                      
20000700  i                                              
00000000  interruptVectors                               
000041a9  ldexp                                          
000041a9  ldexpl                                         
00005855  lseek                                          
00005303  ltoa                                           
000042b9  main                                           
000059c1  malloc                                         
000044c1  memalign                                       
000058fd  memccpy                                        
000058a5  memchr                                         
000049cf  memcpy                                         
00004d1d  memset                                         
200008d4  parmbuf                                        
00004fad  printf                                         
00004b01  putc                                           
00005801  remove                                         
000041a9  scalbn                                         
000041a9  scalbnl                                        
0000469d  setvbuf                                        
0000594b  strchr                                         
00005933  strcmp                                         
00005961  strcpy                                         
00005975  strlen                                         
000056cd  strncpy                                        
200008dc  temp                                           
00005801  unlink                                         
00005be8  upConfig_0                                     
00005989  wcslen                                         
0000587d  write                                          


GLOBAL SYMBOLS: SORTED BY Symbol Address 

address   name                                           
-------   ----                                           
00000000  __TI_static_base__                             
00000000  interruptVectors                               
00000200  __STACK_SIZE                                   
00000349  CS_setExternalClockSourceFrequency             
00000385  CS_initClockSignal                             
00000400  __SYSMEM_SIZE                                  
00000489  CS_startHFXT                                   
000004ad  CS_startHFXTWithTimeout                        
00000571  CS_startLFXT                                   
00000595  CS_startLFXTWithTimeout                        
00000665  CS_enableClockRequest                          
0000068d  CS_disableClockRequest                         
000006af  CS_setReferenceOscillatorFrequency             
000006d5  CS_enableDCOExternalResistor                   
000006fd  CS_setDCOExternalResistorCalibration           
00000773  CS_disableDCOExternalResistor                  
00000791  CS_setDCOCenteredFrequency                     
000007c9  CS_tuneDCOFrequency                            
0000086d  CS_getDCOFrequency                             
00000a0d  CS_setDCOFrequency                             
00000be5  CS_getBCLK                                     
00000c01  CS_getHSMCLK                                   
00000c25  CS_getACLK                                     
00000c49  CS_getSMCLK                                    
00000c6b  CS_getMCLK                                     
00000c8d  CS_enableFaultCounter                          
00000cb9  CS_disableFaultCounter                         
00000ce5  CS_resetFaultCounter                           
00000d31  CS_startFaultCounter                           
00000d81  CS_enableInterrupt                             
00000da3  CS_disableInterrupt                            
00000dc5  CS_getInterruptStatus                          
00000dcb  CS_getEnabledInterruptStatus                   
00000de5  CS_clearInterruptFlag                          
00000e07  CS_registerInterrupt                           
00000e1b  CS_unregisterInterrupt                         
00000e61  __TI_printfi                                   
000018af  _nop                                           
00001a19  ADC14_enableModule                             
00001a21  ADC14_disableModule                            
00001a37  ADC14_enableSampleTimer                        
00001a61  ADC14_disableSampleTimer                       
00001a77  ADC14_initModule                               
00001abd  ADC14_setResolution                            
00001ad7  ADC14_getResolution                            
00001ae1  ADC14_setSampleHoldTrigger                     
00001b23  ADC14_setSampleHoldTime                        
00001b4d  ADC14_configureMultiSequenceMode               
00001be3  ADC14_configureSingleSampleMode                
00001c39  ADC14_enableConversion                         
00001c59  ADC14_toggleConversionTrigger                  
00001c7b  ADC14_disableConversion                        
00001c87  ADC14_isBusy                                   
00001ca5  ADC14_configureConversionMemory                
00001d4d  ADC14_enableComparatorWindow                   
00001ddd  ADC14_disableComparatorWindow                  
00001e3b  ADC14_setComparatorWindowValue                 
00001ec1  ADC14_setResultFormat                          
00001eeb  ADC14_getResult                                
00001f05  ADC14_getMultiSequenceResult                   
00001f71  ADC14_getResultArray                           
00001fe5  ADC14_enableReferenceBurst                     
00001ffb  ADC14_disableReferenceBurst                    
00002011  ADC14_setPowerMode                             
00002053  ADC14_enableInterrupt                          
0000207b  ADC14_disableInterrupt                         
000020a3  ADC14_getInterruptStatus                       
000020c7  ADC14_getEnabledInterruptStatus                
000020fd  ADC14_clearInterruptFlag                       
00002129  ADC14_registerInterrupt                        
0000213d  ADC14_unregisterInterrupt                      
000022c9  Timer_A_startCounter                           
000022df  Timer_A_configureContinuousMode                
0000230f  Timer_A_configureUpMode                        
0000236d  Timer_A_configureUpDownMode                    
000023cb  Timer_A_initCapture                            
0000241d  Timer_A_initCompare                            
0000246b  Timer_A_getCounterValue                        
000024b7  Timer_A_clearTimer                             
000024cb  Timer_A_getSynchronizedCaptureCompareInput     
000024fb  Timer_A_getOutputForOutputModeOutBitValue      
00002529  Timer_A_getCaptureCompareCount                 
0000254b  Timer_A_setOutputForOutputModeOutBitValue      
00002583  Timer_A_generatePWM                            
000025f9  Timer_A_stopTimer                              
0000260d  Timer_A_setCompareValue                        
00002639  Timer_A_clearInterruptFlag                     
0000264f  Timer_A_clearCaptureCompareInterrupt           
00002677  Timer_A_enableInterrupt                        
0000268b  Timer_A_disableInterrupt                       
0000269f  Timer_A_getInterruptStatus                     
000026b1  Timer_A_enableCaptureCompareInterrupt          
000026dd  Timer_A_disableCaptureCompareInterrupt         
00002705  Timer_A_getCaptureCompareInterruptStatus       
0000272d  Timer_A_getEnabledInterruptStatus              
00002745  Timer_A_getCaptureCompareEnabledInterruptStatus
00002781  Timer_A_registerInterrupt                      
00002853  Timer_A_unregisterInterrupt                    
0000291d  GPIO_setAsOutputPin                            
00002957  GPIO_setAsInputPin                             
0000299d  GPIO_setAsPeripheralModuleFunctionOutputPin    
00002a21  GPIO_setAsPeripheralModuleFunctionInputPin     
00002aa5  GPIO_setOutputHighOnPin                        
00002ac7  GPIO_setOutputLowOnPin                         
00002ae9  GPIO_toggleOutputOnPin                         
00002b0b  GPIO_setAsInputPinWithPullDownResistor         
00002b5d  GPIO_setAsInputPinWithPullUpResistor           
00002baf  GPIO_getInputPinValue                          
00002bdd  GPIO_enableInterrupt                           
00002bff  GPIO_disableInterrupt                          
00002c21  GPIO_getInterruptStatus                        
00002c3f  GPIO_clearInterruptFlag                        
00002c61  GPIO_interruptEdgeSelect                       
00002c97  GPIO_getEnabledInterruptStatus                 
00002d13  GPIO_setDriveStrengthHigh                      
00002d35  GPIO_setDriveStrengthLow                       
00002d57  GPIO_registerInterrupt                         
00002d77  GPIO_unregisterInterrupt                       
00002d9f  Interrupt_enableMaster                         
00002daf  Interrupt_disableMaster                        
00002dbf  Interrupt_registerInterrupt                    
00002e11  Interrupt_unregisterInterrupt                  
00002e25  Interrupt_setPriorityGrouping                  
00002e3f  Interrupt_getPriorityGrouping                  
00002e77  Interrupt_setPriority                          
00002ec7  Interrupt_getPriority                          
00002eed  Interrupt_enableInterrupt                      
00002f5f  Interrupt_disableInterrupt                     
00002fd1  Interrupt_isEnabled                            
0000305d  Interrupt_pendInterrupt                        
000030cd  Interrupt_unpendInterrupt                      
0000311b  Interrupt_setPriorityMask                      
0000312b  Interrupt_getPriorityMask                      
00003135  Interrupt_setVectorTableAddress                
00003145  Interrupt_getVectorTableAddress                
0000314b  Interrupt_enableSleepOnIsrExit                 
0000315d  Interrupt_disableSleepOnIsrExit                
0000318d  SystemCoreClockUpdate                          
00003405  SystemInit                                     
00003731  SysCtl_getTLVInfo                              
000037a7  SysCtl_getSRAMSize                             
000037ad  SysCtl_getFlashSize                            
000037b3  SysCtl_disableNMISource                        
000037c7  SysCtl_enableNMISource                         
000037db  SysCtl_getNMISourceStatus                      
000037e1  SysCtl_enableSRAMBank                          
000037fd  SysCtl_disableSRAMBank                         
00003865  SysCtl_enableSRAMBankRetention                 
00003881  SysCtl_disableSRAMBankRetention                
0000389d  SysCtl_rebootDevice                            
000038a7  SysCtl_enablePeripheralAtCPUHalt               
000038bb  SysCtl_disablePeripheralAtCPUHalt              
000038cf  SysCtl_setWDTTimeoutResetType                  
000038f3  SysCtl_setWDTPasswordViolationResetType        
00003917  SysCtl_enableGlitchFilter                      
00003923  SysCtl_disableGlitchFilter                     
0000392f  SysCtl_getTempCalibrationConstant              
00003b45  __aeabi_dsub                                   
00003b4f  __aeabi_dadd                                   
00003cfb  __aeabi_idiv0                                  
00003cfb  __aeabi_ldiv0                                  
00003e39  __aeabi_ddiv                                   
00004095  fputs                                          
000041a9  ldexp                                          
000041a9  ldexpl                                         
000041a9  scalbn                                         
000041a9  scalbnl                                        
000042b9  main                                           
00004351  TA0_0_IRQHandler                               
00004351  TA0_0_IRQHandler                               
000043c5  __aeabi_dmul                                   
000044c1  aligned_alloc                                  
000044c1  memalign                                       
000045b5  free                                           
0000469d  setvbuf                                        
00004779  WDT_A_holdTimer                                
00004799  WDT_A_startTimer                               
000047b9  WDT_A_clearTimer                               
000047d9  WDT_A_initWatchdogTimer                        
000047f5  WDT_A_initIntervalTimer                        
00004811  WDT_A_setPasswordViolationReset                
0000481d  WDT_A_setTimeoutReset                          
00004829  WDT_A_registerInterrupt                        
0000483d  WDT_A_unregisterInterrupt                      
00004851  REF_A_setReferenceVoltage                      
0000486b  REF_A_disableTempSensor                        
00004873  REF_A_enableTempSensor                         
0000487b  REF_A_enableReferenceVoltageOutput             
00004883  REF_A_disableReferenceVoltageOutput            
0000488b  REF_A_enableReferenceVoltage                   
00004893  REF_A_disableReferenceVoltage                  
0000489b  REF_A_getBandgapMode                           
000048a5  REF_A_isBandgapActive                          
000048b1  REF_A_isRefGenBusy                             
000048bd  REF_A_isRefGenActive                           
000048c9  REF_A_getBufferedBandgapVoltageStatus          
000048d5  REF_A_getVariableReferenceVoltageStatus        
000048e1  REF_A_setReferenceVoltageOneTimeTrigger        
000048e9  REF_A_setBufferedBandgapVoltageOneTimeTrigger  
000049cf  __aeabi_memcpy                                 
000049cf  __aeabi_memcpy4                                
000049cf  __aeabi_memcpy8                                
000049cf  memcpy                                         
00004a6b  __aeabi_uldivmod                               
00004b01  fputc                                          
00004b01  putc                                           
00004b8d  __aeabi_cdcmpeq                                
00004b8d  __aeabi_cdcmple                                
00004c13  __aeabi_cdrcmple                               
00004d15  __aeabi_memclr                                 
00004d15  __aeabi_memclr4                                
00004d15  __aeabi_memclr8                                
00004d17  __aeabi_memset                                 
00004d17  __aeabi_memset4                                
00004d17  __aeabi_memset8                                
00004d1d  memset                                         
00004d91  __TI_closefile                                 
00004e75  HOSTlseek                                      
00004edd  HOSTrename                                     
00004f45  __TI_decompress_lzss                           
00004fad  printf                                         
00005015  frexp                                          
00005015  frexpl                                         
00005079  fseek                                          
000050dd  __TI_wrt_ok                                    
00005141  HOSTopen                                       
000051a1  close                                          
000051fd  HOSTread                                       
00005255  HOSTwrite                                      
00005303  ltoa                                           
000053a9  __TI_doflush                                   
000053f5  atoi                                           
00005441  exit                                           
00005489  __aeabi_d2iz                                   
000054d1  HOSTclose                                      
00005515  HOSTunlink                                     
00005559  __TI_auto_init_nobinit_nopinit                 
0000559d  getdevice                                      
0000561f  CPU_cpsid                                      
0000562b  CPU_primask                                    
00005635  CPU_cpsie                                      
00005641  CPU_wfi                                        
00005645  CPU_basepriSet                                 
00005653  CPU_basepriGet                                 
0000565d  __TI_writemsg                                  
0000568b  C$$IO$$                                        
00005695  __aeabi_f2d                                    
000056cd  strncpy                                        
00005705  __TI_cleanup                                   
00005739  __TI_readmsg                                   
0000576d  _c_int00_noargs                                
000057a1  finddevice                                     
000057d1  __aeabi_i2d                                    
00005801  remove                                         
00005801  unlink                                         
00005855  lseek                                          
0000587d  write                                          
000058a5  memchr                                         
000058c5  __TI_zero_init_nomemset                        
000058fd  memccpy                                        
00005919  copysign                                       
00005919  copysignl                                      
00005933  strcmp                                         
0000594b  strchr                                         
00005961  strcpy                                         
00005975  strlen                                         
00005989  wcslen                                         
0000599b  __TI_decompress_none                           
000059a9  Reset_Handler                                  
000059b5  ADC14_IRQHandler                               
000059b5  AES256_IRQHandler                              
000059b5  BusFault_Handler                               
000059b5  COMP_E0_IRQHandler                             
000059b5  COMP_E1_IRQHandler                             
000059b5  CS_IRQHandler                                  
000059b5  DMA_ERR_IRQHandler                             
000059b5  DMA_INT0_IRQHandler                            
000059b5  DMA_INT1_IRQHandler                            
000059b5  DMA_INT2_IRQHandler                            
000059b5  DMA_INT3_IRQHandler                            
000059b5  DebugMon_Handler                               
000059b5  Default_Handler                                
000059b5  EUSCIA0_IRQHandler                             
000059b5  EUSCIA1_IRQHandler                             
000059b5  EUSCIA2_IRQHandler                             
000059b5  EUSCIA3_IRQHandler                             
000059b5  EUSCIB0_IRQHandler                             
000059b5  EUSCIB1_IRQHandler                             
000059b5  EUSCIB2_IRQHandler                             
000059b5  EUSCIB3_IRQHandler                             
000059b5  FLCTL_IRQHandler                               
000059b5  FPU_IRQHandler                                 
000059b5  HardFault_Handler                              
000059b5  MemManage_Handler                              
000059b5  NMI_Handler                                    
000059b5  PCM_IRQHandler                                 
000059b5  PORT1_IRQHandler                               
000059b5  PORT2_IRQHandler                               
000059b5  PORT3_IRQHandler                               
000059b5  PORT4_IRQHandler                               
000059b5  PORT5_IRQHandler                               
000059b5  PORT6_IRQHandler                               
000059b5  PSS_IRQHandler                                 
000059b5  PendSV_Handler                                 
000059b5  RTC_C_IRQHandler                               
000059b5  SVC_Handler                                    
000059b5  SysTick_Handler                                
000059b5  T32_INT1_IRQHandler                            
000059b5  T32_INT2_IRQHandler                            
000059b5  T32_INTC_IRQHandler                            
000059b5  TA0_N_IRQHandler                               
000059b5  TA1_0_IRQHandler                               
000059b5  TA1_N_IRQHandler                               
000059b5  TA2_0_IRQHandler                               
000059b5  TA2_N_IRQHandler                               
000059b5  TA3_0_IRQHandler                               
000059b5  TA3_N_IRQHandler                               
000059b5  UsageFault_Handler                             
000059b5  WDT_A_IRQHandler                               
000059b9  __aeabi_errno_addr                             
000059c1  malloc                                         
000059d1  _system_pre_init                               
000059d5  C$$EXIT                                        
000059d5  abort                                          
000059d8  _ctypes_                                       
00005be8  upConfig_0                                     
00005cb4  __TI_Handler_Table_Base                        
00005cc0  __TI_Handler_Table_Limit                       
00005cd0  __TI_CINIT_Base                                
00005ce8  __TI_CINIT_Limit                               
20000000  g_pfnRAMVectors                                
200000e8  _sys_memory                                    
200004e8  _ftable                                        
200005d8  _device                                        
20000650  _stream                                        
200006d0  __TI_ft_end                                    
200006d4  __aeabi_stdin                                  
200006d8  __aeabi_stdout                                 
200006dc  __aeabi_stderr                                 
200006e0  __TI_cleanup_ptr                               
200006e4  __TI_dtors_ptr                                 
200006e8  __TI_enable_exit_profile_output                
200006ec  _lock                                          
200006f0  _unlock                                        
200006fc  dcoFreq                                        
20000700  i                                              
20000704  errno                                          
20000708  SystemCoreClock                                
2000070c  __CIOBUF_                                      
2000082c  __TI_tmpnams                                   
200008d4  parmbuf                                        
200008dc  temp                                           
2000fe00  __stack                                        
20010000  __STACK_END                                    
4000480c  WDTCTL_SYM                                     
ffffffff  __TI_pprof_out_hndl                            
ffffffff  __TI_prof_data_size                            
ffffffff  __TI_prof_data_start                           
ffffffff  __binit__                                      
ffffffff  __c_args__                                     
ffffffff  binit                                          
UNDEFED   __mpu_init                                     
UNDEFED   _system_post_cinit                             

[363 symbols]
