******************************************************************************
                  TI ARM Linker PC v18.12.2                    
******************************************************************************
>> Linked Fri Dec 13 17:44:39 2019

OUTPUT FILE NAME:   <Final Project.out>
ENTRY POINT SYMBOL: "_c_int00_noargs"  address: 00005311


MEMORY CONFIGURATION

         name            origin    length      used     unused   attr    fill
----------------------  --------  ---------  --------  --------  ----  --------
  MAIN                  00000000   00040000  00005824  0003a7dc  R  X
  INFO                  00200000   00004000  00000000  00004000  R  X
  SRAM_CODE             01000000   00010000  00003af0  0000c510  RW X
  SRAM_DATA             20000000   00010000  00003af0  0000c510  RW  


SEGMENT ALLOCATION MAP

run origin  load origin   length   init length attrs members
----------  ----------- ---------- ----------- ----- -------
00000000    00000000    00005828   00005828    r-x
  00000000    00000000    000000e4   000000e4    r-- .intvecs
  000000e4    000000e4    000054a8   000054a8    r-x .text
  0000558c    0000558c    000001c8   000001c8    r-- .const
  00005758    00005758    000000d0   000000d0    r-- .cinit
20000000    20000000    000038f0   00000000    rw-
  20000000    20000000    000000e4   00000000    rw- .vtable
  200000e4    200000e4    000031c4   00000000    rw- .bss
  200032a8    200032a8    00000400   00000000    rw- .sysmem
  200036a8    200036a8    00000248   00000000    rw- .data
2000fe00    2000fe00    00000200   00000000    rw-
  2000fe00    2000fe00    00000200   00000000    rw- .stack


SECTION ALLOCATION MAP

 output                                  attributes/
section   page    origin      length       input sections
--------  ----  ----------  ----------   ----------------
.intvecs   0    00000000    000000e4     
                  00000000    000000e4     startup_msp432p401r_ccs.obj (.intvecs:retain)

.text      0    000000e4    000054a8     
                  000000e4    00000d7c     cs.obj (.text)
                  00000e60    00000a4e     rtsv7M4_T_le_v4SPD16_eabi.lib : _printfi.c.obj (.text:__TI_printfi)
                  000018ae    00000002                                   : _lock.c.obj (.text:_nop)
                  000018b0    00000798     timer_a.obj (.text)
                  00002048    000004f4     main.obj (.text)
                  0000253c    00000480     gpio.obj (.text)
                  000029bc    000003f0     interrupt.obj (.text)
                  00002dac    00000334     system_msp432p401r.obj (.text)
                  000030e0    00000270     rtsv7M4_T_le_v4SPD16_eabi.lib : _printfi.c.obj (.text:_pconv_a)
                  00003350    00000244     sysctl.obj (.text)
                  00003594    000001d0     rtsv7M4_T_le_v4SPD16_eabi.lib : _printfi.c.obj (.text:_pconv_g)
                  00003764    000001b6                                   : fd_add_t2.asm.obj (.text)
                  0000391a    00000002                                   : div0.asm.obj (.text)
                  0000391c    00000194     timer32.obj (.text)
                  00003ab0    0000013c     rtsv7M4_T_le_v4SPD16_eabi.lib : _printfi.c.obj (.text:_pconv_e)
                  00003bec    00000136                                   : fd_div_t2.asm.obj (.text)
                  00003d22    00000002     --HOLE-- [fill = 0]
                  00003d24    00000124                                   : _printfi.c.obj (.text:fcvt)
                  00003e48    00000114                                   : fputs.c.obj (.text:fputs)
                  00003f5c    00000110                                   : s_scalbn.c.obj (.text:scalbn)
                  0000406c    000000fc                                   : fd_mul_t2.asm.obj (.text)
                  00004168    000000f4                                   : memory.c.obj (.text:aligned_alloc)
                  0000425c    000000e8                                   : memory.c.obj (.text:free)
                  00004344    000000dc                                   : setvbuf.c.obj (.text:setvbuf)
                  00004420    000000d8     wdt_a.obj (.text)
                  000044f8    000000b1     rtsv7M4_T_le_v4SPD16_eabi.lib : _printfi.c.obj (.text:_ltostr)
                  000045a9    00000001     --HOLE-- [fill = 0]
                  000045aa    0000009c                                   : memcpy_t2.asm.obj (.text)
                  00004646    00000096                                   : ull_div_t2.asm.obj (.text)
                  000046dc    0000008c                                   : fputc.c.obj (.text:fputc)
                  00004768    00000086                                   : fd_cmp_t2.asm.obj (.text:__aeabi_cdcmple)
                  000047ee    00000086                                   : fd_cmp_t2.asm.obj (.text:__aeabi_cdrcmple)
                  00004874    0000007c                                   : memory.c.obj (.text:split)
                  000048f0    0000007a                                   : memset_t2.asm.obj (.text)
                  0000496a    00000002     --HOLE-- [fill = 0]
                  0000496c    00000074                                   : fclose.c.obj (.text:__TI_closefile)
                  000049e0    0000006e                                   : _printfi.c.obj (.text:_mcpy)
                  00004a4e    00000002     --HOLE-- [fill = 0]
                  00004a50    00000068                                   : hostlseek.c.obj (.text:HOSTlseek)
                  00004ab8    00000068                                   : hostrename.c.obj (.text:HOSTrename)
                  00004b20    00000068                                   : copy_decompress_lzss.c.obj (.text:decompress:lzss:__TI_decompress_lzss)
                  00004b88    00000068                                   : printf.c.obj (.text:printf)
                  00004bf0    00000064                                   : s_frexp.c.obj (.text:frexp)
                  00004c54    00000064                                   : fseek.c.obj (.text:fseek)
                  00004cb8    00000062                                   : _io_perm.c.obj (.text:__TI_wrt_ok)
                  00004d1a    00000002     --HOLE-- [fill = 0]
                  00004d1c    00000060                                   : hostopen.c.obj (.text:HOSTopen)
                  00004d7c    0000005c                                   : close.c.obj (.text:close)
                  00004dd8    00000058                                   : hostread.c.obj (.text:HOSTread)
                  00004e30    00000058                                   : hostwrite.c.obj (.text:HOSTwrite)
                  00004e88    00000056                                   : _printfi.c.obj (.text:_pconv_f)
                  00004ede    00000054                                   : ltoa.c.obj (.text:ltoa)
                  00004f32    00000052                                   : _printfi.c.obj (.text:_ecpy)
                  00004f84    0000004c                                   : fflush.c.obj (.text:__TI_doflush)
                  00004fd0    0000004c                                   : atoi.c.obj (.text:atoi)
                  0000501c    00000048                                   : exit.c.obj (.text:exit)
                  00005064    00000048                                   : fd_toi_t2.asm.obj (.text)
                  000050ac    00000044                                   : hostclose.c.obj (.text:HOSTclose)
                  000050f0    00000044                                   : hostunlink.c.obj (.text:HOSTunlink)
                  00005134    00000044                                   : autoinit.c.obj (.text:__TI_auto_init_nobinit_nopinit:__TI_auto_init_nobinit_nopinit)
                  00005178    00000044                                   : getdevice.c.obj (.text:getdevice)
                  000051bc    0000003e                                   : _printfi.c.obj (.text:_fcpy)
                  000051fa    0000003e     cpu.obj (.text)
                  00005238    00000038     rtsv7M4_T_le_v4SPD16_eabi.lib : trgmsg.c.obj (.text:__TI_writemsg)
                  00005270    00000036                                   : strncpy.c.obj (.text:strncpy)
                  000052a6    00000002     --HOLE-- [fill = 0]
                  000052a8    00000034                                   : fopen.c.obj (.text:__TI_cleanup)
                  000052dc    00000034                                   : trgmsg.c.obj (.text:__TI_readmsg)
                  00005310    00000034                                   : boot_cortex_m.c.obj (.text:_c_int00_noargs:_c_int00_noargs)
                  00005344    00000030                                   : getdevice.c.obj (.text:finddevice)
                  00005374    0000002e                                   : i_tofd_t2.asm.obj (.text)
                  000053a2    00000002     --HOLE-- [fill = 0]
                  000053a4    0000002c                                   : unlink.c.obj (.text:unlink)
                  000053d0    00000028                                   : memory.c.obj (.text:free_list_insert)
                  000053f8    00000028                                   : lseek.c.obj (.text:lseek)
                  00005420    00000028                                   : write.c.obj (.text:write)
                  00005448    00000020                                   : memchr.c.obj (.text:memchr)
                  00005468    00000020                                   : u_tofd_t2.asm.obj (.text)
                  00005488    0000001c                                   : memory.c.obj (.text:free_list_remove)
                  000054a4    0000001c                                   : memccpy.c.obj (.text:memccpy)
                  000054c0    0000001a                                   : s_copysign.c.obj (.text:copysign)
                  000054da    00000018                                   : strcmp.c.obj (.text:strcmp)
                  000054f2    00000016                                   : strchr.c.obj (.text:strchr)
                  00005508    00000014                                   : strcpy.c.obj (.text:strcpy)
                  0000551c    00000014                                   : strlen.c.obj (.text:strlen)
                  00005530    00000012                                   : wcslen.c.obj (.text:wcslen)
                  00005542    0000000e                                   : copy_decompress_none.c.obj (.text:decompress:none:__TI_decompress_none)
                  00005550    0000000e     startup_msp432p401r_ccs.obj (.text)
                  0000555e    0000000c     rtsv7M4_T_le_v4SPD16_eabi.lib : copy_zero_init.c.obj (.text:decompress:ZI:__TI_zero_init)
                  0000556a    00000002     --HOLE-- [fill = 0]
                  0000556c    00000008                                   : errno.c.obj (.text:__aeabi_errno_addr)
                  00005574    00000008                                   : memory.c.obj (.text:malloc)
                  0000557c    00000004                                   : printf.c.obj (.text:_outc)
                  00005580    00000004                                   : printf.c.obj (.text:_outs)
                  00005584    00000004                                   : pre_init.c.obj (.text:_system_pre_init)
                  00005588    00000004                                   : exit.c.obj (.text:abort:abort)

.const     0    0000558c    000001c8     
                  0000558c    00000101     rtsv7M4_T_le_v4SPD16_eabi.lib : ctype.c.obj (.const:.string:_ctypes_)
                  0000568d    00000003     --HOLE-- [fill = 0]
                  00005690    00000050     interrupt.obj (.const:g_pulRegs)
                  000056e0    00000020     interrupt.obj (.const:g_pulPriority)
                  00005700    0000001c     gpio.obj (.const:GPIO_PORT_TO_INT)
                  0000571c    00000018     main.obj (.const:upConfig_0)
                  00005734    00000008     interrupt.obj (.const:g_pulDisRegs)
                  0000573c    00000008     interrupt.obj (.const:g_pulEnRegs)
                  00005744    00000008     interrupt.obj (.const:g_pulPendRegs)
                  0000574c    00000008     interrupt.obj (.const:g_pulUnpendRegs)

.cinit     0    00005758    000000d0     
                  00005758    00000099     (.cinit..data.load) [load image, compression = lzss]
                  000057f1    00000003     --HOLE-- [fill = 0]
                  000057f4    0000000c     (__TI_handler_table)
                  00005800    00000008     (.cinit..bss.load) [load image, compression = zero_init]
                  00005808    00000008     (.cinit..vtable.load) [load image, compression = zero_init]
                  00005810    00000018     (__TI_cinit_table)

.init_array 
*          0    00000000    00000000     UNINITIALIZED

.binit     0    00000000    00000000     

.vtable    0    20000000    000000e4     UNINITIALIZED
                  20000000    000000e4     interrupt.obj (.vtable)

.bss       0    200000e4    000031c4     UNINITIALIZED
                  200000e4    00000ffc     (.common:ultrasonic1arr)
                  200010e0    00000ffc     (.common:ultrasonic2arr)
                  200020dc    00000ffc     (.common:ultrasonic3arr)
                  200030d8    00000120     rtsv7M4_T_le_v4SPD16_eabi.lib : trgmsg.c.obj (.bss:_CIOBUF_)
                  200031f8    000000a0     (.common:__TI_tmpnams)
                  20003298    00000008     cs.obj (.bss)
                  200032a0    00000008     (.common:parmbuf)

.sysmem    0    200032a8    00000400     UNINITIALIZED
                  200032a8    00000010     rtsv7M4_T_le_v4SPD16_eabi.lib : memory.c.obj (.sysmem)
                  200032b8    000003f0     --HOLE--

.data      0    200036a8    00000248     UNINITIALIZED
                  200036a8    000000f0     rtsv7M4_T_le_v4SPD16_eabi.lib : defs.c.obj (.data:_ftable)
                  20003798    00000078                                   : host_device.c.obj (.data:_device)
                  20003810    00000050                                   : host_device.c.obj (.data:_stream)
                  20003860    00000030     gpio.obj (.data:GPIO_PORT_TO_BASE)
                  20003890    0000002c     main.obj (.data)
                  200038bc    00000010     rtsv7M4_T_le_v4SPD16_eabi.lib : defs.c.obj (.data)
                  200038cc    0000000c                                   : exit.c.obj (.data:$O1$$)
                  200038d8    00000008                                   : _lock.c.obj (.data:$O1$$)
                  200038e0    00000008                                   : memory.c.obj (.data:$O1$$)
                  200038e8    00000004                                   : errno.c.obj (.data)
                  200038ec    00000004     system_msp432p401r.obj (.data)

.stack     0    2000fe00    00000200     UNINITIALIZED
                  2000fe00    00000004     rtsv7M4_T_le_v4SPD16_eabi.lib : boot_cortex_m.c.obj (.stack)
                  2000fe04    000001fc     --HOLE--

MODULE SUMMARY

       Module                        code    ro data   rw data
       ------                        ----    -------   -------
    .\
       main.obj                      1268    24        24640  
       system_msp432p401r.obj        820     0         8      
       startup_msp432p401r_ccs.obj   14      228       0      
    +--+-----------------------------+-------+---------+---------+
       Total:                        2102    252       24648  
                                                              
    .\driverlib\MSP432P4xx\
       cs.obj                        3452    0         16     
       timer_a.obj                   1944    0         0      
       interrupt.obj                 1008    144       456    
       gpio.obj                      1152    28        96     
       sysctl.obj                    580     0         0      
       timer32.obj                   404     0         0      
       wdt_a.obj                     216     0         0      
       cpu.obj                       62      0         0      
    +--+-----------------------------+-------+---------+---------+
       Total:                        8818    172       568    
                                                              
    C:\ti\ccs910\ccs\tools\compiler\ti-cgt-arm_18.12.2.LTS\lib\rtsv7M4_T_le_v4SPD16_eabi.lib
       _printfi.c.obj                4851    0         0      
       defs.c.obj                    0       0         832    
       memory.c.obj                  676     0         16     
       trgmsg.c.obj                  108     0         576    
       fd_add_t2.asm.obj             438     0         0      
       host_device.c.obj             0       0         400    
       fd_div_t2.asm.obj             310     0         0      
       fputs.c.obj                   276     0         0      
       s_scalbn.c.obj                272     0         0      
       fd_cmp_t2.asm.obj             268     0         0      
       ctype.c.obj                   0       257       0      
       fd_mul_t2.asm.obj             252     0         0      
       setvbuf.c.obj                 220     0         0      
       memcpy_t2.asm.obj             156     0         0      
       ull_div_t2.asm.obj            150     0         0      
       fputc.c.obj                   140     0         0      
       memset_t2.asm.obj             122     0         0      
       fclose.c.obj                  116     0         0      
       getdevice.c.obj               116     0         0      
       hostopen.c.obj                96      0         16     
       printf.c.obj                  112     0         0      
       copy_decompress_lzss.c.obj    104     0         0      
       hostlseek.c.obj               104     0         0      
       hostrename.c.obj              104     0         0      
       exit.c.obj                    76      0         24     
       fseek.c.obj                   100     0         0      
       s_frexp.c.obj                 100     0         0      
       _io_perm.c.obj                98      0         0      
       close.c.obj                   92      0         0      
       hostread.c.obj                88      0         0      
       hostwrite.c.obj               88      0         0      
       ltoa.c.obj                    84      0         0      
       atoi.c.obj                    76      0         0      
       fflush.c.obj                  76      0         0      
       fd_toi_t2.asm.obj             72      0         0      
       autoinit.c.obj                68      0         0      
       hostclose.c.obj               68      0         0      
       hostunlink.c.obj              68      0         0      
       strncpy.c.obj                 54      0         0      
       boot_cortex_m.c.obj           52      0         0      
       fopen.c.obj                   52      0         0      
       i_tofd_t2.asm.obj             46      0         0      
       unlink.c.obj                  44      0         0      
       lseek.c.obj                   40      0         0      
       write.c.obj                   40      0         0      
       memchr.c.obj                  32      0         0      
       u_tofd_t2.asm.obj             32      0         0      
       memccpy.c.obj                 28      0         0      
       s_copysign.c.obj              26      0         0      
       strcmp.c.obj                  24      0         0      
       strchr.c.obj                  22      0         0      
       strcpy.c.obj                  20      0         0      
       strlen.c.obj                  20      0         0      
       _lock.c.obj                   2       0         16     
       wcslen.c.obj                  18      0         0      
       errno.c.obj                   8       0         8      
       copy_decompress_none.c.obj    14      0         0      
       copy_zero_init.c.obj          12      0         0      
       pre_init.c.obj                4       0         0      
       div0.asm.obj                  2       0         0      
    +--+-----------------------------+-------+---------+---------+
       Total:                        10737   257       1888   
                                                              
       Heap:                         0       0         2048   
       Stack:                        0       0         1024   
       Linker Generated:             0       205       0      
    +--+-----------------------------+-------+---------+---------+
       Grand Total:                  21657   886       30176  


LINKER GENERATED COPY TABLES

__TI_cinit_table @ 00005810 records: 3, size/record: 8, table size: 24
	.data: load addr=00005758, load size=00000099 bytes, run addr=200036a8, run size=00000248 bytes, compression=lzss
	.bss: load addr=00005800, load size=00000008 bytes, run addr=200000e4, run size=000031c4 bytes, compression=zero_init
	.vtable: load addr=00005808, load size=00000008 bytes, run addr=20000000, run size=000000e4 bytes, compression=zero_init


LINKER GENERATED HANDLER TABLE

__TI_handler_table @ 000057f4 records: 3, size/record: 4, table size: 12
	index: 0, handler: __TI_zero_init
	index: 1, handler: __TI_decompress_lzss
	index: 2, handler: __TI_decompress_none


GLOBAL SYMBOLS: SORTED ALPHABETICALLY BY Name 

address   name                                           
-------   ----                                           
0000555d  ADC14_IRQHandler                               
0000555d  AES256_IRQHandler                              
0000555d  BusFault_Handler                               
00005589  C$$EXIT                                        
00005267  C$$IO$$                                        
0000555d  COMP_E0_IRQHandler                             
0000555d  COMP_E1_IRQHandler                             
0000522f  CPU_basepriGet                                 
00005221  CPU_basepriSet                                 
000051fb  CPU_cpsid                                      
00005211  CPU_cpsie                                      
00005207  CPU_primask                                    
0000521d  CPU_wfi                                        
0000555d  CS_IRQHandler                                  
00000de5  CS_clearInterruptFlag                          
0000068d  CS_disableClockRequest                         
00000773  CS_disableDCOExternalResistor                  
00000cb9  CS_disableFaultCounter                         
00000da3  CS_disableInterrupt                            
00000665  CS_enableClockRequest                          
000006d5  CS_enableDCOExternalResistor                   
00000c8d  CS_enableFaultCounter                          
00000d81  CS_enableInterrupt                             
00000c25  CS_getACLK                                     
00000be5  CS_getBCLK                                     
0000086d  CS_getDCOFrequency                             
00000dcb  CS_getEnabledInterruptStatus                   
00000c01  CS_getHSMCLK                                   
00000dc5  CS_getInterruptStatus                          
00000c6b  CS_getMCLK                                     
00000c49  CS_getSMCLK                                    
00000385  CS_initClockSignal                             
00000e07  CS_registerInterrupt                           
00000ce5  CS_resetFaultCounter                           
00000791  CS_setDCOCenteredFrequency                     
000006fd  CS_setDCOExternalResistorCalibration           
00000a0d  CS_setDCOFrequency                             
00000349  CS_setExternalClockSourceFrequency             
000006af  CS_setReferenceOscillatorFrequency             
00000d31  CS_startFaultCounter                           
00000489  CS_startHFXT                                   
000004ad  CS_startHFXTWithTimeout                        
00000571  CS_startLFXT                                   
00000595  CS_startLFXTWithTimeout                        
000007c9  CS_tuneDCOFrequency                            
00000e1b  CS_unregisterInterrupt                         
0000555d  DMA_ERR_IRQHandler                             
0000555d  DMA_INT0_IRQHandler                            
0000555d  DMA_INT1_IRQHandler                            
0000555d  DMA_INT2_IRQHandler                            
0000555d  DMA_INT3_IRQHandler                            
0000555d  DebugMon_Handler                               
0000555d  Default_Handler                                
0000555d  EUSCIA0_IRQHandler                             
0000555d  EUSCIA1_IRQHandler                             
0000555d  EUSCIA2_IRQHandler                             
0000555d  EUSCIA3_IRQHandler                             
0000555d  EUSCIB0_IRQHandler                             
0000555d  EUSCIB1_IRQHandler                             
0000555d  EUSCIB2_IRQHandler                             
0000555d  EUSCIB3_IRQHandler                             
0000555d  FLCTL_IRQHandler                               
0000555d  FPU_IRQHandler                                 
0000285f  GPIO_clearInterruptFlag                        
0000281f  GPIO_disableInterrupt                          
000027fd  GPIO_enableInterrupt                           
000028b7  GPIO_getEnabledInterruptStatus                 
000027cf  GPIO_getInputPinValue                          
00002841  GPIO_getInterruptStatus                        
00002881  GPIO_interruptEdgeSelect                       
00002977  GPIO_registerInterrupt                         
00002577  GPIO_setAsInputPin                             
0000272b  GPIO_setAsInputPinWithPullDownResistor         
0000277d  GPIO_setAsInputPinWithPullUpResistor           
0000253d  GPIO_setAsOutputPin                            
00002641  GPIO_setAsPeripheralModuleFunctionInputPin     
000025bd  GPIO_setAsPeripheralModuleFunctionOutputPin    
00002933  GPIO_setDriveStrengthHigh                      
00002955  GPIO_setDriveStrengthLow                       
000026c5  GPIO_setOutputHighOnPin                        
000026e7  GPIO_setOutputLowOnPin                         
00002709  GPIO_toggleOutputOnPin                         
00002997  GPIO_unregisterInterrupt                       
000050ad  HOSTclose                                      
00004a51  HOSTlseek                                      
00004d1d  HOSTopen                                       
00004dd9  HOSTread                                       
00004ab9  HOSTrename                                     
000050f1  HOSTunlink                                     
00004e31  HOSTwrite                                      
0000555d  HardFault_Handler                              
00002b7f  Interrupt_disableInterrupt                     
000029cf  Interrupt_disableMaster                        
00002d7d  Interrupt_disableSleepOnIsrExit                
00002b0d  Interrupt_enableInterrupt                      
000029bf  Interrupt_enableMaster                         
00002d6b  Interrupt_enableSleepOnIsrExit                 
00002ae7  Interrupt_getPriority                          
00002a5f  Interrupt_getPriorityGrouping                  
00002d4b  Interrupt_getPriorityMask                      
00002d65  Interrupt_getVectorTableAddress                
00002bf1  Interrupt_isEnabled                            
00002c7d  Interrupt_pendInterrupt                        
000029df  Interrupt_registerInterrupt                    
00002a97  Interrupt_setPriority                          
00002a45  Interrupt_setPriorityGrouping                  
00002d3b  Interrupt_setPriorityMask                      
00002d55  Interrupt_setVectorTableAddress                
00002ced  Interrupt_unpendInterrupt                      
00002a31  Interrupt_unregisterInterrupt                  
0000555d  MemManage_Handler                              
0000555d  NMI_Handler                                    
0000555d  PCM_IRQHandler                                 
0000555d  PORT1_IRQHandler                               
0000555d  PORT2_IRQHandler                               
0000234d  PORT3_IRQHandler                               
0000234d  PORT3_IRQHandler                               
0000555d  PORT4_IRQHandler                               
00002213  PORT5_IRQHandler                               
00002213  PORT5_IRQHandler                               
0000555d  PORT6_IRQHandler                               
0000555d  PSS_IRQHandler                                 
0000555d  PendSV_Handler                                 
0000555d  RTC_C_IRQHandler                               
00005551  Reset_Handler                                  
0000555d  SVC_Handler                                    
00003543  SysCtl_disableGlitchFilter                     
000033d3  SysCtl_disableNMISource                        
000034db  SysCtl_disablePeripheralAtCPUHalt              
0000341d  SysCtl_disableSRAMBank                         
000034a1  SysCtl_disableSRAMBankRetention                
00003537  SysCtl_enableGlitchFilter                      
000033e7  SysCtl_enableNMISource                         
000034c7  SysCtl_enablePeripheralAtCPUHalt               
00003401  SysCtl_enableSRAMBank                          
00003485  SysCtl_enableSRAMBankRetention                 
000033cd  SysCtl_getFlashSize                            
000033fb  SysCtl_getNMISourceStatus                      
000033c7  SysCtl_getSRAMSize                             
00003351  SysCtl_getTLVInfo                              
0000354f  SysCtl_getTempCalibrationConstant              
000034bd  SysCtl_rebootDevice                            
00003513  SysCtl_setWDTPasswordViolationResetType        
000034ef  SysCtl_setWDTTimeoutResetType                  
0000555d  SysTick_Handler                                
200038ec  SystemCoreClock                                
00002dad  SystemCoreClockUpdate                          
00003025  SystemInit                                     
0000555d  T32_INT1_IRQHandler                            
0000555d  T32_INT2_IRQHandler                            
0000555d  T32_INTC_IRQHandler                            
0000555d  TA0_0_IRQHandler                               
0000555d  TA0_N_IRQHandler                               
0000555d  TA1_0_IRQHandler                               
0000555d  TA1_N_IRQHandler                               
00002401  TA2_0_IRQHandler                               
00002401  TA2_0_IRQHandler                               
0000555d  TA2_N_IRQHandler                               
0000555d  TA3_0_IRQHandler                               
0000555d  TA3_N_IRQHandler                               
00003a5b  Timer32_clearInterruptFlag                     
00003a47  Timer32_disableInterrupt                       
00003a33  Timer32_enableInterrupt                        
00003a6f  Timer32_getInterruptStatus                     
000039dd  Timer32_getValue                               
00003a1f  Timer32_haltTimer                              
0000391d  Timer32_initModule                             
00003a7d  Timer32_registerInterrupt                      
0000397d  Timer32_setCount                               
000039ad  Timer32_setCountInBackground                   
000039eb  Timer32_startTimer                             
00003a93  Timer32_unregisterInterrupt                    
00001d7b  Timer_A_clearCaptureCompareInterrupt           
00001d65  Timer_A_clearInterruptFlag                     
00001be3  Timer_A_clearTimer                             
00001a0b  Timer_A_configureContinuousMode                
00001a99  Timer_A_configureUpDownMode                    
00001a3b  Timer_A_configureUpMode                        
00001e09  Timer_A_disableCaptureCompareInterrupt         
00001db7  Timer_A_disableInterrupt                       
00001ddd  Timer_A_enableCaptureCompareInterrupt          
00001da3  Timer_A_enableInterrupt                        
00001caf  Timer_A_generatePWM                            
00001c55  Timer_A_getCaptureCompareCount                 
00001e71  Timer_A_getCaptureCompareEnabledInterruptStatus
00001e31  Timer_A_getCaptureCompareInterruptStatus       
00001b97  Timer_A_getCounterValue                        
00001e59  Timer_A_getEnabledInterruptStatus              
00001dcb  Timer_A_getInterruptStatus                     
00001c27  Timer_A_getOutputForOutputModeOutBitValue      
00001bf7  Timer_A_getSynchronizedCaptureCompareInput     
00001af7  Timer_A_initCapture                            
00001b49  Timer_A_initCompare                            
00001ead  Timer_A_registerInterrupt                      
00001d39  Timer_A_setCompareValue                        
00001c77  Timer_A_setOutputForOutputModeOutBitValue      
000019f5  Timer_A_startCounter                           
00001d25  Timer_A_stopTimer                              
00001f7f  Timer_A_unregisterInterrupt                    
0000555d  UsageFault_Handler                             
4000480c  WDTCTL_SYM                                     
0000555d  WDT_A_IRQHandler                               
00004461  WDT_A_clearTimer                               
00004421  WDT_A_holdTimer                                
0000449d  WDT_A_initIntervalTimer                        
00004481  WDT_A_initWatchdogTimer                        
000044d1  WDT_A_registerInterrupt                        
000044b9  WDT_A_setPasswordViolationReset                
000044c5  WDT_A_setTimeoutReset                          
00004441  WDT_A_startTimer                               
000044e5  WDT_A_unregisterInterrupt                      
200030d8  __CIOBUF_                                      
20010000  __STACK_END                                    
00000200  __STACK_SIZE                                   
00000400  __SYSMEM_SIZE                                  
00005810  __TI_CINIT_Base                                
00005828  __TI_CINIT_Limit                               
000057f4  __TI_Handler_Table_Base                        
00005800  __TI_Handler_Table_Limit                       
00005135  __TI_auto_init_nobinit_nopinit                 
000052a9  __TI_cleanup                                   
200038cc  __TI_cleanup_ptr                               
0000496d  __TI_closefile                                 
00004b21  __TI_decompress_lzss                           
00005543  __TI_decompress_none                           
00004f85  __TI_doflush                                   
200038d0  __TI_dtors_ptr                                 
200038d4  __TI_enable_exit_profile_output                
200038bc  __TI_ft_end                                    
ffffffff  __TI_pprof_out_hndl                            
00000e61  __TI_printfi                                   
ffffffff  __TI_prof_data_size                            
ffffffff  __TI_prof_data_start                           
000052dd  __TI_readmsg                                   
00000000  __TI_static_base__                             
200031f8  __TI_tmpnams                                   
00005239  __TI_writemsg                                  
00004cb9  __TI_wrt_ok                                    
0000555f  __TI_zero_init                                 
00004769  __aeabi_cdcmpeq                                
00004769  __aeabi_cdcmple                                
000047ef  __aeabi_cdrcmple                               
00005065  __aeabi_d2iz                                   
0000376f  __aeabi_dadd                                   
00003bed  __aeabi_ddiv                                   
0000406d  __aeabi_dmul                                   
00003765  __aeabi_dsub                                   
0000556d  __aeabi_errno_addr                             
00005375  __aeabi_i2d                                    
0000391b  __aeabi_idiv0                                  
0000391b  __aeabi_ldiv0                                  
000048f1  __aeabi_memclr                                 
000048f1  __aeabi_memclr4                                
000048f1  __aeabi_memclr8                                
000045ab  __aeabi_memcpy                                 
000045ab  __aeabi_memcpy4                                
000045ab  __aeabi_memcpy8                                
000048f3  __aeabi_memset                                 
000048f3  __aeabi_memset4                                
000048f3  __aeabi_memset8                                
200038c8  __aeabi_stderr                                 
200038c0  __aeabi_stdin                                  
200038c4  __aeabi_stdout                                 
00005469  __aeabi_ui2d                                   
00004647  __aeabi_uldivmod                               
ffffffff  __binit__                                      
ffffffff  __c_args__                                     
UNDEFED   __mpu_init                                     
2000fe00  __stack                                        
00005311  _c_int00_noargs                                
0000558c  _ctypes_                                       
20003798  _device                                        
200036a8  _ftable                                        
200038d8  _lock                                          
000018af  _nop                                           
20003810  _stream                                        
200032a8  _sys_memory                                    
UNDEFED   _system_post_cinit                             
00005585  _system_pre_init                               
200038dc  _unlock                                        
00005589  abort                                          
00004169  aligned_alloc                                  
00004fd1  atoi                                           
200038a1  awaitingping1                                  
200038a2  awaitingping2                                  
ffffffff  binit                                          
00004d7d  close                                          
000054c1  copysign                                       
000054c1  copysignl                                      
000024b9  distanceReg                                    
200038e8  errno                                          
0000501d  exit                                           
00005345  finddevice                                     
000046dd  fputc                                          
00003e49  fputs                                          
0000425d  free                                           
00004bf1  frexp                                          
00004bf1  frexpl                                         
00004c55  fseek                                          
20000000  g_pfnRAMVectors                                
00005179  getdevice                                      
00000000  interruptVectors                               
00003f5d  ldexp                                          
00003f5d  ldexpl                                         
200038a4  leftturnerr                                    
000053f9  lseek                                          
00004edf  ltoa                                           
00002075  main                                           
00005575  malloc                                         
00004169  memalign                                       
000054a5  memccpy                                        
00005449  memchr                                         
000045ab  memcpy                                         
000048f9  memset                                         
200032a0  parmbuf                                        
200038b0  printdivider                                   
00004b89  printf                                         
000046dd  putc                                           
000053a5  remove                                         
200038a8  rightturnerr                                   
00003f5d  scalbn                                         
00003f5d  scalbnl                                        
200038a0  sensor                                         
00004345  setvbuf                                        
000054f3  strchr                                         
000054db  strcmp                                         
00005509  strcpy                                         
0000551d  strlen                                         
00005271  strncpy                                        
20003890  timedelta1                                     
20003894  timedelta2                                     
20003898  timedelta3                                     
2000389c  timedelta4                                     
200000e4  ultrasonic1arr                                 
200038b2  ultrasonic1counter                             
200010e0  ultrasonic2arr                                 
200038b4  ultrasonic2counter                             
200020dc  ultrasonic3arr                                 
200038b6  ultrasonic3counter                             
200038b8  ultrasonic4counter                             
000053a5  unlink                                         
0000571c  upConfig_0                                     
00005531  wcslen                                         
200038ba  wheelcounter                                   
200038ac  widtherr                                       
00005421  write                                          


GLOBAL SYMBOLS: SORTED BY Symbol Address 

address   name                                           
-------   ----                                           
00000000  __TI_static_base__                             
00000000  interruptVectors                               
00000200  __STACK_SIZE                                   
00000349  CS_setExternalClockSourceFrequency             
00000385  CS_initClockSignal                             
00000400  __SYSMEM_SIZE                                  
00000489  CS_startHFXT                                   
000004ad  CS_startHFXTWithTimeout                        
00000571  CS_startLFXT                                   
00000595  CS_startLFXTWithTimeout                        
00000665  CS_enableClockRequest                          
0000068d  CS_disableClockRequest                         
000006af  CS_setReferenceOscillatorFrequency             
000006d5  CS_enableDCOExternalResistor                   
000006fd  CS_setDCOExternalResistorCalibration           
00000773  CS_disableDCOExternalResistor                  
00000791  CS_setDCOCenteredFrequency                     
000007c9  CS_tuneDCOFrequency                            
0000086d  CS_getDCOFrequency                             
00000a0d  CS_setDCOFrequency                             
00000be5  CS_getBCLK                                     
00000c01  CS_getHSMCLK                                   
00000c25  CS_getACLK                                     
00000c49  CS_getSMCLK                                    
00000c6b  CS_getMCLK                                     
00000c8d  CS_enableFaultCounter                          
00000cb9  CS_disableFaultCounter                         
00000ce5  CS_resetFaultCounter                           
00000d31  CS_startFaultCounter                           
00000d81  CS_enableInterrupt                             
00000da3  CS_disableInterrupt                            
00000dc5  CS_getInterruptStatus                          
00000dcb  CS_getEnabledInterruptStatus                   
00000de5  CS_clearInterruptFlag                          
00000e07  CS_registerInterrupt                           
00000e1b  CS_unregisterInterrupt                         
00000e61  __TI_printfi                                   
000018af  _nop                                           
000019f5  Timer_A_startCounter                           
00001a0b  Timer_A_configureContinuousMode                
00001a3b  Timer_A_configureUpMode                        
00001a99  Timer_A_configureUpDownMode                    
00001af7  Timer_A_initCapture                            
00001b49  Timer_A_initCompare                            
00001b97  Timer_A_getCounterValue                        
00001be3  Timer_A_clearTimer                             
00001bf7  Timer_A_getSynchronizedCaptureCompareInput     
00001c27  Timer_A_getOutputForOutputModeOutBitValue      
00001c55  Timer_A_getCaptureCompareCount                 
00001c77  Timer_A_setOutputForOutputModeOutBitValue      
00001caf  Timer_A_generatePWM                            
00001d25  Timer_A_stopTimer                              
00001d39  Timer_A_setCompareValue                        
00001d65  Timer_A_clearInterruptFlag                     
00001d7b  Timer_A_clearCaptureCompareInterrupt           
00001da3  Timer_A_enableInterrupt                        
00001db7  Timer_A_disableInterrupt                       
00001dcb  Timer_A_getInterruptStatus                     
00001ddd  Timer_A_enableCaptureCompareInterrupt          
00001e09  Timer_A_disableCaptureCompareInterrupt         
00001e31  Timer_A_getCaptureCompareInterruptStatus       
00001e59  Timer_A_getEnabledInterruptStatus              
00001e71  Timer_A_getCaptureCompareEnabledInterruptStatus
00001ead  Timer_A_registerInterrupt                      
00001f7f  Timer_A_unregisterInterrupt                    
00002075  main                                           
00002213  PORT5_IRQHandler                               
00002213  PORT5_IRQHandler                               
0000234d  PORT3_IRQHandler                               
0000234d  PORT3_IRQHandler                               
00002401  TA2_0_IRQHandler                               
00002401  TA2_0_IRQHandler                               
000024b9  distanceReg                                    
0000253d  GPIO_setAsOutputPin                            
00002577  GPIO_setAsInputPin                             
000025bd  GPIO_setAsPeripheralModuleFunctionOutputPin    
00002641  GPIO_setAsPeripheralModuleFunctionInputPin     
000026c5  GPIO_setOutputHighOnPin                        
000026e7  GPIO_setOutputLowOnPin                         
00002709  GPIO_toggleOutputOnPin                         
0000272b  GPIO_setAsInputPinWithPullDownResistor         
0000277d  GPIO_setAsInputPinWithPullUpResistor           
000027cf  GPIO_getInputPinValue                          
000027fd  GPIO_enableInterrupt                           
0000281f  GPIO_disableInterrupt                          
00002841  GPIO_getInterruptStatus                        
0000285f  GPIO_clearInterruptFlag                        
00002881  GPIO_interruptEdgeSelect                       
000028b7  GPIO_getEnabledInterruptStatus                 
00002933  GPIO_setDriveStrengthHigh                      
00002955  GPIO_setDriveStrengthLow                       
00002977  GPIO_registerInterrupt                         
00002997  GPIO_unregisterInterrupt                       
000029bf  Interrupt_enableMaster                         
000029cf  Interrupt_disableMaster                        
000029df  Interrupt_registerInterrupt                    
00002a31  Interrupt_unregisterInterrupt                  
00002a45  Interrupt_setPriorityGrouping                  
00002a5f  Interrupt_getPriorityGrouping                  
00002a97  Interrupt_setPriority                          
00002ae7  Interrupt_getPriority                          
00002b0d  Interrupt_enableInterrupt                      
00002b7f  Interrupt_disableInterrupt                     
00002bf1  Interrupt_isEnabled                            
00002c7d  Interrupt_pendInterrupt                        
00002ced  Interrupt_unpendInterrupt                      
00002d3b  Interrupt_setPriorityMask                      
00002d4b  Interrupt_getPriorityMask                      
00002d55  Interrupt_setVectorTableAddress                
00002d65  Interrupt_getVectorTableAddress                
00002d6b  Interrupt_enableSleepOnIsrExit                 
00002d7d  Interrupt_disableSleepOnIsrExit                
00002dad  SystemCoreClockUpdate                          
00003025  SystemInit                                     
00003351  SysCtl_getTLVInfo                              
000033c7  SysCtl_getSRAMSize                             
000033cd  SysCtl_getFlashSize                            
000033d3  SysCtl_disableNMISource                        
000033e7  SysCtl_enableNMISource                         
000033fb  SysCtl_getNMISourceStatus                      
00003401  SysCtl_enableSRAMBank                          
0000341d  SysCtl_disableSRAMBank                         
00003485  SysCtl_enableSRAMBankRetention                 
000034a1  SysCtl_disableSRAMBankRetention                
000034bd  SysCtl_rebootDevice                            
000034c7  SysCtl_enablePeripheralAtCPUHalt               
000034db  SysCtl_disablePeripheralAtCPUHalt              
000034ef  SysCtl_setWDTTimeoutResetType                  
00003513  SysCtl_setWDTPasswordViolationResetType        
00003537  SysCtl_enableGlitchFilter                      
00003543  SysCtl_disableGlitchFilter                     
0000354f  SysCtl_getTempCalibrationConstant              
00003765  __aeabi_dsub                                   
0000376f  __aeabi_dadd                                   
0000391b  __aeabi_idiv0                                  
0000391b  __aeabi_ldiv0                                  
0000391d  Timer32_initModule                             
0000397d  Timer32_setCount                               
000039ad  Timer32_setCountInBackground                   
000039dd  Timer32_getValue                               
000039eb  Timer32_startTimer                             
00003a1f  Timer32_haltTimer                              
00003a33  Timer32_enableInterrupt                        
00003a47  Timer32_disableInterrupt                       
00003a5b  Timer32_clearInterruptFlag                     
00003a6f  Timer32_getInterruptStatus                     
00003a7d  Timer32_registerInterrupt                      
00003a93  Timer32_unregisterInterrupt                    
00003bed  __aeabi_ddiv                                   
00003e49  fputs                                          
00003f5d  ldexp                                          
00003f5d  ldexpl                                         
00003f5d  scalbn                                         
00003f5d  scalbnl                                        
0000406d  __aeabi_dmul                                   
00004169  aligned_alloc                                  
00004169  memalign                                       
0000425d  free                                           
00004345  setvbuf                                        
00004421  WDT_A_holdTimer                                
00004441  WDT_A_startTimer                               
00004461  WDT_A_clearTimer                               
00004481  WDT_A_initWatchdogTimer                        
0000449d  WDT_A_initIntervalTimer                        
000044b9  WDT_A_setPasswordViolationReset                
000044c5  WDT_A_setTimeoutReset                          
000044d1  WDT_A_registerInterrupt                        
000044e5  WDT_A_unregisterInterrupt                      
000045ab  __aeabi_memcpy                                 
000045ab  __aeabi_memcpy4                                
000045ab  __aeabi_memcpy8                                
000045ab  memcpy                                         
00004647  __aeabi_uldivmod                               
000046dd  fputc                                          
000046dd  putc                                           
00004769  __aeabi_cdcmpeq                                
00004769  __aeabi_cdcmple                                
000047ef  __aeabi_cdrcmple                               
000048f1  __aeabi_memclr                                 
000048f1  __aeabi_memclr4                                
000048f1  __aeabi_memclr8                                
000048f3  __aeabi_memset                                 
000048f3  __aeabi_memset4                                
000048f3  __aeabi_memset8                                
000048f9  memset                                         
0000496d  __TI_closefile                                 
00004a51  HOSTlseek                                      
00004ab9  HOSTrename                                     
00004b21  __TI_decompress_lzss                           
00004b89  printf                                         
00004bf1  frexp                                          
00004bf1  frexpl                                         
00004c55  fseek                                          
00004cb9  __TI_wrt_ok                                    
00004d1d  HOSTopen                                       
00004d7d  close                                          
00004dd9  HOSTread                                       
00004e31  HOSTwrite                                      
00004edf  ltoa                                           
00004f85  __TI_doflush                                   
00004fd1  atoi                                           
0000501d  exit                                           
00005065  __aeabi_d2iz                                   
000050ad  HOSTclose                                      
000050f1  HOSTunlink                                     
00005135  __TI_auto_init_nobinit_nopinit                 
00005179  getdevice                                      
000051fb  CPU_cpsid                                      
00005207  CPU_primask                                    
00005211  CPU_cpsie                                      
0000521d  CPU_wfi                                        
00005221  CPU_basepriSet                                 
0000522f  CPU_basepriGet                                 
00005239  __TI_writemsg                                  
00005267  C$$IO$$                                        
00005271  strncpy                                        
000052a9  __TI_cleanup                                   
000052dd  __TI_readmsg                                   
00005311  _c_int00_noargs                                
00005345  finddevice                                     
00005375  __aeabi_i2d                                    
000053a5  remove                                         
000053a5  unlink                                         
000053f9  lseek                                          
00005421  write                                          
00005449  memchr                                         
00005469  __aeabi_ui2d                                   
000054a5  memccpy                                        
000054c1  copysign                                       
000054c1  copysignl                                      
000054db  strcmp                                         
000054f3  strchr                                         
00005509  strcpy                                         
0000551d  strlen                                         
00005531  wcslen                                         
00005543  __TI_decompress_none                           
00005551  Reset_Handler                                  
0000555d  ADC14_IRQHandler                               
0000555d  AES256_IRQHandler                              
0000555d  BusFault_Handler                               
0000555d  COMP_E0_IRQHandler                             
0000555d  COMP_E1_IRQHandler                             
0000555d  CS_IRQHandler                                  
0000555d  DMA_ERR_IRQHandler                             
0000555d  DMA_INT0_IRQHandler                            
0000555d  DMA_INT1_IRQHandler                            
0000555d  DMA_INT2_IRQHandler                            
0000555d  DMA_INT3_IRQHandler                            
0000555d  DebugMon_Handler                               
0000555d  Default_Handler                                
0000555d  EUSCIA0_IRQHandler                             
0000555d  EUSCIA1_IRQHandler                             
0000555d  EUSCIA2_IRQHandler                             
0000555d  EUSCIA3_IRQHandler                             
0000555d  EUSCIB0_IRQHandler                             
0000555d  EUSCIB1_IRQHandler                             
0000555d  EUSCIB2_IRQHandler                             
0000555d  EUSCIB3_IRQHandler                             
0000555d  FLCTL_IRQHandler                               
0000555d  FPU_IRQHandler                                 
0000555d  HardFault_Handler                              
0000555d  MemManage_Handler                              
0000555d  NMI_Handler                                    
0000555d  PCM_IRQHandler                                 
0000555d  PORT1_IRQHandler                               
0000555d  PORT2_IRQHandler                               
0000555d  PORT4_IRQHandler                               
0000555d  PORT6_IRQHandler                               
0000555d  PSS_IRQHandler                                 
0000555d  PendSV_Handler                                 
0000555d  RTC_C_IRQHandler                               
0000555d  SVC_Handler                                    
0000555d  SysTick_Handler                                
0000555d  T32_INT1_IRQHandler                            
0000555d  T32_INT2_IRQHandler                            
0000555d  T32_INTC_IRQHandler                            
0000555d  TA0_0_IRQHandler                               
0000555d  TA0_N_IRQHandler                               
0000555d  TA1_0_IRQHandler                               
0000555d  TA1_N_IRQHandler                               
0000555d  TA2_N_IRQHandler                               
0000555d  TA3_0_IRQHandler                               
0000555d  TA3_N_IRQHandler                               
0000555d  UsageFault_Handler                             
0000555d  WDT_A_IRQHandler                               
0000555f  __TI_zero_init                                 
0000556d  __aeabi_errno_addr                             
00005575  malloc                                         
00005585  _system_pre_init                               
00005589  C$$EXIT                                        
00005589  abort                                          
0000558c  _ctypes_                                       
0000571c  upConfig_0                                     
000057f4  __TI_Handler_Table_Base                        
00005800  __TI_Handler_Table_Limit                       
00005810  __TI_CINIT_Base                                
00005828  __TI_CINIT_Limit                               
20000000  g_pfnRAMVectors                                
200000e4  ultrasonic1arr                                 
200010e0  ultrasonic2arr                                 
200020dc  ultrasonic3arr                                 
200030d8  __CIOBUF_                                      
200031f8  __TI_tmpnams                                   
200032a0  parmbuf                                        
200032a8  _sys_memory                                    
200036a8  _ftable                                        
20003798  _device                                        
20003810  _stream                                        
20003890  timedelta1                                     
20003894  timedelta2                                     
20003898  timedelta3                                     
2000389c  timedelta4                                     
200038a0  sensor                                         
200038a1  awaitingping1                                  
200038a2  awaitingping2                                  
200038a4  leftturnerr                                    
200038a8  rightturnerr                                   
200038ac  widtherr                                       
200038b0  printdivider                                   
200038b2  ultrasonic1counter                             
200038b4  ultrasonic2counter                             
200038b6  ultrasonic3counter                             
200038b8  ultrasonic4counter                             
200038ba  wheelcounter                                   
200038bc  __TI_ft_end                                    
200038c0  __aeabi_stdin                                  
200038c4  __aeabi_stdout                                 
200038c8  __aeabi_stderr                                 
200038cc  __TI_cleanup_ptr                               
200038d0  __TI_dtors_ptr                                 
200038d4  __TI_enable_exit_profile_output                
200038d8  _lock                                          
200038dc  _unlock                                        
200038e8  errno                                          
200038ec  SystemCoreClock                                
2000fe00  __stack                                        
20010000  __STACK_END                                    
4000480c  WDTCTL_SYM                                     
ffffffff  __TI_pprof_out_hndl                            
ffffffff  __TI_prof_data_size                            
ffffffff  __TI_prof_data_start                           
ffffffff  __binit__                                      
ffffffff  __c_args__                                     
ffffffff  binit                                          
UNDEFED   __mpu_init                                     
UNDEFED   _system_post_cinit                             

[346 symbols]
