******************************************************************************
                  TI ARM Linker PC v18.12.2                    
******************************************************************************
>> Linked Sat Nov 23 13:03:14 2019

OUTPUT FILE NAME:   <Lab 6.out>
ENTRY POINT SYMBOL: "_c_int00_noargs"  address: 00007519


MEMORY CONFIGURATION

         name            origin    length      used     unused   attr    fill
----------------------  --------  ---------  --------  --------  ----  --------
  MAIN                  00000000   00040000  00007b18  000384e8  R  X
  INFO                  00200000   00004000  00000000  00004000  R  X
  SRAM_CODE             01000000   00010000  00000ba8  0000f458  RW X
  SRAM_DATA             20000000   00010000  00000ba8  0000f458  RW  


SEGMENT ALLOCATION MAP

run origin  load origin   length   init length attrs members
----------  ----------- ---------- ----------- ----- -------
00000000    00000000    00007b18   00007b18    r-x
  00000000    00000000    000000e4   000000e4    r-- .intvecs
  000000e4    000000e4    000076c0   000076c0    r-x .text
  000077a4    000077a4    0000026c   0000026c    r-- .const
  00007a10    00007a10    00000108   00000108    r-- .cinit
20000000    20000000    000009ac   00000000    rw-
  20000000    20000000    000000e4   00000000    rw- .vtable
  200000e8    200000e8    00000400   00000000    rw- .sysmem
  200004e8    200004e8    00000274   00000000    rw- .data
  2000075c    2000075c    00000250   00000000    rw- .bss
2000fe00    2000fe00    00000200   00000000    rw-
  2000fe00    2000fe00    00000200   00000000    rw- .stack


SECTION ALLOCATION MAP

 output                                  attributes/
section   page    origin      length       input sections
--------  ----  ----------  ----------   ----------------
.intvecs   0    00000000    000000e4     
                  00000000    000000e4     startup_msp432p401r_ccs.obj (.intvecs:retain)

.text      0    000000e4    000076c0     
                  000000e4    0000159c     flash.obj (.text)
                  00001680    00000d7c     cs.obj (.text)
                  000023fc    00000a4e     rtsv7M4_T_le_v4SPD16_eabi.lib : _printfi.c.obj (.text:__TI_printfi)
                  00002e4a    00000002                                   : _lock.c.obj (.text:_nop)
                  00002e4c    000008d4     adc14.obj (.text)
                  00003720    00000798     timer_a.obj (.text)
                  00003eb8    00000480     gpio.obj (.text)
                  00004338    0000041c     uart.obj (.text)
                  00004754    00000400     main.obj (.text)
                  00004b54    000003f0     interrupt.obj (.text)
                  00004f44    00000334     system_msp432p401r.obj (.text)
                  00005278    00000270     rtsv7M4_T_le_v4SPD16_eabi.lib : _printfi.c.obj (.text:_pconv_a)
                  000054e8    00000244     sysctl.obj (.text)
                  0000572c    000001d0     rtsv7M4_T_le_v4SPD16_eabi.lib : _printfi.c.obj (.text:_pconv_g)
                  000058fc    000001b6                                   : fd_add_t2.asm.obj (.text)
                  00005ab2    00000002                                   : div0.asm.obj (.text)
                  00005ab4    0000013c                                   : _printfi.c.obj (.text:_pconv_e)
                  00005bf0    00000136                                   : fd_div_t2.asm.obj (.text)
                  00005d26    00000002     --HOLE-- [fill = 0]
                  00005d28    00000124                                   : _printfi.c.obj (.text:fcvt)
                  00005e4c    00000114                                   : fputs.c.obj (.text:fputs)
                  00005f60    00000110                                   : s_scalbn.c.obj (.text:scalbn)
                  00006070    000000fc                                   : fd_mul_t2.asm.obj (.text)
                  0000616c    000000f4                                   : memory.c.obj (.text:aligned_alloc)
                  00006260    000000e8                                   : memory.c.obj (.text:free)
                  00006348    000000dc                                   : setvbuf.c.obj (.text:setvbuf)
                  00006424    000000d8     wdt_a.obj (.text)
                  000064fc    000000cc     ref_a.obj (.text)
                  000065c8    000000c0     fpu.obj (.text)
                  00006688    000000b1     rtsv7M4_T_le_v4SPD16_eabi.lib : _printfi.c.obj (.text:_ltostr)
                  00006739    00000001     --HOLE-- [fill = 0]
                  0000673a    0000009c                                   : memcpy_t2.asm.obj (.text)
                  000067d6    00000096                                   : ull_div_t2.asm.obj (.text)
                  0000686c    0000008c                                   : fputc.c.obj (.text:fputc)
                  000068f8    00000086                                   : fd_cmp_t2.asm.obj (.text:__aeabi_cdcmple)
                  0000697e    00000086                                   : fd_cmp_t2.asm.obj (.text:__aeabi_cdrcmple)
                  00006a04    0000007c                                   : memory.c.obj (.text:split)
                  00006a80    0000007a                                   : memset_t2.asm.obj (.text)
                  00006afa    00000002     --HOLE-- [fill = 0]
                  00006afc    00000074                                   : fclose.c.obj (.text:__TI_closefile)
                  00006b70    0000006e                                   : _printfi.c.obj (.text:_mcpy)
                  00006bde    00000002     --HOLE-- [fill = 0]
                  00006be0    00000068                                   : hostlseek.c.obj (.text:HOSTlseek)
                  00006c48    00000068                                   : hostrename.c.obj (.text:HOSTrename)
                  00006cb0    00000068                                   : copy_decompress_lzss.c.obj (.text:decompress:lzss:__TI_decompress_lzss)
                  00006d18    00000068                                   : printf.c.obj (.text:printf)
                  00006d80    00000064                                   : s_frexp.c.obj (.text:frexp)
                  00006de4    00000064                                   : fseek.c.obj (.text:fseek)
                  00006e48    00000062                                   : _io_perm.c.obj (.text:__TI_wrt_ok)
                  00006eaa    00000002     --HOLE-- [fill = 0]
                  00006eac    00000060                                   : hostopen.c.obj (.text:HOSTopen)
                  00006f0c    0000005c                                   : close.c.obj (.text:close)
                  00006f68    00000058                                   : hostread.c.obj (.text:HOSTread)
                  00006fc0    00000058                                   : hostwrite.c.obj (.text:HOSTwrite)
                  00007018    00000056                                   : _printfi.c.obj (.text:_pconv_f)
                  0000706e    00000054                                   : ltoa.c.obj (.text:ltoa)
                  000070c2    00000052                                   : _printfi.c.obj (.text:_ecpy)
                  00007114    0000004c                                   : fflush.c.obj (.text:__TI_doflush)
                  00007160    0000004c                                   : atoi.c.obj (.text:atoi)
                  000071ac    00000048                                   : exit.c.obj (.text:exit)
                  000071f4    00000048                                   : fd_toi_t2.asm.obj (.text)
                  0000723c    00000044                                   : hostclose.c.obj (.text:HOSTclose)
                  00007280    00000044                                   : hostunlink.c.obj (.text:HOSTunlink)
                  000072c4    00000044                                   : autoinit.c.obj (.text:__TI_auto_init_nobinit_nopinit:__TI_auto_init_nobinit_nopinit)
                  00007308    00000044                                   : getdevice.c.obj (.text:getdevice)
                  0000734c    00000040                                   : sprintf.c.obj (.text:sprintf)
                  0000738c    0000003e                                   : _printfi.c.obj (.text:_fcpy)
                  000073ca    0000003e     cpu.obj (.text)
                  00007408    00000038     rtsv7M4_T_le_v4SPD16_eabi.lib : trgmsg.c.obj (.text:__TI_writemsg)
                  00007440    00000038                                   : fs_tod_t2.asm.obj (.text)
                  00007478    00000036                                   : strncpy.c.obj (.text:strncpy)
                  000074ae    00000002     --HOLE-- [fill = 0]
                  000074b0    00000034                                   : fopen.c.obj (.text:__TI_cleanup)
                  000074e4    00000034                                   : trgmsg.c.obj (.text:__TI_readmsg)
                  00007518    00000034                                   : boot_cortex_m.c.obj (.text:_c_int00_noargs:_c_int00_noargs)
                  0000754c    00000030                                   : getdevice.c.obj (.text:finddevice)
                  0000757c    0000002e                                   : i_tofd_t2.asm.obj (.text)
                  000075aa    00000002     --HOLE-- [fill = 0]
                  000075ac    0000002c                                   : unlink.c.obj (.text:unlink)
                  000075d8    00000028                                   : memory.c.obj (.text:free_list_insert)
                  00007600    00000028                                   : lseek.c.obj (.text:lseek)
                  00007628    00000028                                   : write.c.obj (.text:write)
                  00007650    00000020                                   : memchr.c.obj (.text:memchr)
                  00007670    0000001c                                   : copy_zero_init.c.obj (.text:decompress:ZI:__TI_zero_init_nomemset:__TI_zero_init_nomemset)
                  0000768c    0000001c                                   : memory.c.obj (.text:free_list_remove)
                  000076a8    0000001c                                   : memccpy.c.obj (.text:memccpy)
                  000076c4    0000001a                                   : s_copysign.c.obj (.text:copysign)
                  000076de    00000018                                   : sprintf.c.obj (.text:_outs)
                  000076f6    00000018                                   : strcmp.c.obj (.text:strcmp)
                  0000770e    00000016                                   : strchr.c.obj (.text:strchr)
                  00007724    00000014                                   : strcpy.c.obj (.text:strcpy)
                  00007738    00000014                                   : strlen.c.obj (.text:strlen)
                  0000774c    00000012                                   : wcslen.c.obj (.text:wcslen)
                  0000775e    0000000e                                   : copy_decompress_none.c.obj (.text:decompress:none:__TI_decompress_none)
                  0000776c    0000000e     startup_msp432p401r_ccs.obj (.text)
                  0000777a    0000000a     rtsv7M4_T_le_v4SPD16_eabi.lib : sprintf.c.obj (.text:_outc)
                  00007784    00000008                                   : errno.c.obj (.text:__aeabi_errno_addr)
                  0000778c    00000008                                   : memory.c.obj (.text:malloc)
                  00007794    00000004                                   : printf.c.obj (.text:_outc)
                  00007798    00000004                                   : printf.c.obj (.text:_outs)
                  0000779c    00000004                                   : pre_init.c.obj (.text:_system_pre_init)
                  000077a0    00000004                                   : exit.c.obj (.text:abort:abort)

.const     0    000077a4    0000026c     
                  000077a4    00000101     rtsv7M4_T_le_v4SPD16_eabi.lib : ctype.c.obj (.const:.string:_ctypes_)
                  000078a5    00000003     --HOLE-- [fill = 0]
                  000078a8    00000080     adc14.obj (.const:_ctlRegs)
                  00007928    00000050     interrupt.obj (.const:g_pulRegs)
                  00007978    00000024     main.obj (.const:uartConfig)
                  0000799c    00000020     interrupt.obj (.const:g_pulPriority)
                  000079bc    0000001c     gpio.obj (.const:GPIO_PORT_TO_INT)
                  000079d8    00000018     main.obj (.const:upConfig_0)
                  000079f0    00000008     interrupt.obj (.const:g_pulDisRegs)
                  000079f8    00000008     interrupt.obj (.const:g_pulEnRegs)
                  00007a00    00000008     interrupt.obj (.const:g_pulPendRegs)
                  00007a08    00000008     interrupt.obj (.const:g_pulUnpendRegs)

.cinit     0    00007a10    00000108     
                  00007a10    000000d0     (.cinit..data.load) [load image, compression = lzss]
                  00007ae0    0000000c     (__TI_handler_table)
                  00007aec    00000004     --HOLE-- [fill = 0]
                  00007af0    00000008     (.cinit..bss.load) [load image, compression = zero_init]
                  00007af8    00000008     (.cinit..vtable.load) [load image, compression = zero_init]
                  00007b00    00000018     (__TI_cinit_table)

.init_array 
*          0    00000000    00000000     UNINITIALIZED

.binit     0    00000000    00000000     

.vtable    0    20000000    000000e4     UNINITIALIZED
                  20000000    000000e4     interrupt.obj (.vtable)

.sysmem    0    200000e8    00000400     UNINITIALIZED
                  200000e8    00000010     rtsv7M4_T_le_v4SPD16_eabi.lib : memory.c.obj (.sysmem)
                  200000f8    000003f0     --HOLE--

.data      0    200004e8    00000274     UNINITIALIZED
                  200004e8    000000f0     rtsv7M4_T_le_v4SPD16_eabi.lib : defs.c.obj (.data:_ftable)
                  200005d8    00000078                                   : host_device.c.obj (.data:_device)
                  20000650    00000050                                   : host_device.c.obj (.data:_stream)
                  200006a0    00000040     flash.obj (.data:__getBurstProgramRegs)
                  200006e0    00000030     gpio.obj (.data:GPIO_PORT_TO_BASE)
                  20000710    00000016     main.obj (.data)
                  20000726    00000002     --HOLE--
                  20000728    00000010     rtsv7M4_T_le_v4SPD16_eabi.lib : defs.c.obj (.data)
                  20000738    0000000c                                   : exit.c.obj (.data:$O1$$)
                  20000744    00000008                                   : _lock.c.obj (.data:$O1$$)
                  2000074c    00000008                                   : memory.c.obj (.data:$O1$$)
                  20000754    00000004                                   : errno.c.obj (.data)
                  20000758    00000004     system_msp432p401r.obj (.data)

.bss       0    2000075c    00000250     UNINITIALIZED
                  2000075c    00000120     rtsv7M4_T_le_v4SPD16_eabi.lib : trgmsg.c.obj (.bss:_CIOBUF_)
                  2000087c    000000a0     (.common:__TI_tmpnams)
                  2000091c    00000078     (.common:floatarr)
                  20000994    00000008     cs.obj (.bss)
                  2000099c    00000008     (.common:parmbuf)
                  200009a4    00000004     (.common:temp)
                  200009a8    00000004     (.common:temparr)

.stack     0    2000fe00    00000200     UNINITIALIZED
                  2000fe00    00000004     rtsv7M4_T_le_v4SPD16_eabi.lib : boot_cortex_m.c.obj (.stack)
                  2000fe04    000001fc     --HOLE--

MODULE SUMMARY

       Module                        code    ro data   rw data
       ------                        ----    -------   -------
    .\
       main.obj                      1024    60        300    
       system_msp432p401r.obj        820     0         8      
       startup_msp432p401r_ccs.obj   14      228       0      
    +--+-----------------------------+-------+---------+---------+
       Total:                        1858    288       308    
                                                              
    .\driverlib\MSP432P4xx\
       flash.obj                     5532    0         128    
       cs.obj                        3452    0         16     
       adc14.obj                     2260    128       0      
       timer_a.obj                   1944    0         0      
       interrupt.obj                 1008    144       456    
       gpio.obj                      1152    28        96     
       uart.obj                      1052    0         0      
       sysctl.obj                    580     0         0      
       wdt_a.obj                     216     0         0      
       ref_a.obj                     204     0         0      
       fpu.obj                       192     0         0      
       cpu.obj                       62      0         0      
    +--+-----------------------------+-------+---------+---------+
       Total:                        17654   300       696    
                                                              
    C:\ti\ccs910\ccs\tools\compiler\ti-cgt-arm_18.12.2.LTS\lib\rtsv7M4_T_le_v4SPD16_eabi.lib
       _printfi.c.obj                4851    0         0      
       defs.c.obj                    0       0         832    
       memory.c.obj                  676     0         16     
       trgmsg.c.obj                  108     0         576    
       fd_add_t2.asm.obj             438     0         0      
       host_device.c.obj             0       0         400    
       fd_div_t2.asm.obj             310     0         0      
       fputs.c.obj                   276     0         0      
       s_scalbn.c.obj                272     0         0      
       fd_cmp_t2.asm.obj             268     0         0      
       ctype.c.obj                   0       257       0      
       fd_mul_t2.asm.obj             252     0         0      
       setvbuf.c.obj                 220     0         0      
       memcpy_t2.asm.obj             156     0         0      
       ull_div_t2.asm.obj            150     0         0      
       fputc.c.obj                   140     0         0      
       memset_t2.asm.obj             122     0         0      
       fclose.c.obj                  116     0         0      
       getdevice.c.obj               116     0         0      
       hostopen.c.obj                96      0         16     
       printf.c.obj                  112     0         0      
       copy_decompress_lzss.c.obj    104     0         0      
       hostlseek.c.obj               104     0         0      
       hostrename.c.obj              104     0         0      
       exit.c.obj                    76      0         24     
       fseek.c.obj                   100     0         0      
       s_frexp.c.obj                 100     0         0      
       _io_perm.c.obj                98      0         0      
       sprintf.c.obj                 98      0         0      
       close.c.obj                   92      0         0      
       hostread.c.obj                88      0         0      
       hostwrite.c.obj               88      0         0      
       ltoa.c.obj                    84      0         0      
       atoi.c.obj                    76      0         0      
       fflush.c.obj                  76      0         0      
       fd_toi_t2.asm.obj             72      0         0      
       autoinit.c.obj                68      0         0      
       hostclose.c.obj               68      0         0      
       hostunlink.c.obj              68      0         0      
       fs_tod_t2.asm.obj             56      0         0      
       strncpy.c.obj                 54      0         0      
       boot_cortex_m.c.obj           52      0         0      
       fopen.c.obj                   52      0         0      
       i_tofd_t2.asm.obj             46      0         0      
       unlink.c.obj                  44      0         0      
       lseek.c.obj                   40      0         0      
       write.c.obj                   40      0         0      
       memchr.c.obj                  32      0         0      
       copy_zero_init.c.obj          28      0         0      
       memccpy.c.obj                 28      0         0      
       s_copysign.c.obj              26      0         0      
       strcmp.c.obj                  24      0         0      
       strchr.c.obj                  22      0         0      
       strcpy.c.obj                  20      0         0      
       strlen.c.obj                  20      0         0      
       _lock.c.obj                   2       0         16     
       wcslen.c.obj                  18      0         0      
       errno.c.obj                   8       0         8      
       copy_decompress_none.c.obj    14      0         0      
       pre_init.c.obj                4       0         0      
       div0.asm.obj                  2       0         0      
    +--+-----------------------------+-------+---------+---------+
       Total:                        10875   257       1888   
                                                              
       Heap:                         0       0         2048   
       Stack:                        0       0         1024   
       Linker Generated:             0       260       0      
    +--+-----------------------------+-------+---------+---------+
       Grand Total:                  30387   1105      5964   


LINKER GENERATED COPY TABLES

__TI_cinit_table @ 00007b00 records: 3, size/record: 8, table size: 24
	.data: load addr=00007a10, load size=000000d0 bytes, run addr=200004e8, run size=00000274 bytes, compression=lzss
	.bss: load addr=00007af0, load size=00000008 bytes, run addr=2000075c, run size=00000250 bytes, compression=zero_init
	.vtable: load addr=00007af8, load size=00000008 bytes, run addr=20000000, run size=000000e4 bytes, compression=zero_init


LINKER GENERATED HANDLER TABLE

__TI_handler_table @ 00007ae0 records: 3, size/record: 4, table size: 12
	index: 0, handler: __TI_zero_init
	index: 1, handler: __TI_decompress_lzss
	index: 2, handler: __TI_decompress_none


GLOBAL SYMBOLS: SORTED ALPHABETICALLY BY Name 

address   name                                           
-------   ----                                           
00007779  ADC14_IRQHandler                               
00003699  ADC14_clearInterruptFlag                       
00003241  ADC14_configureConversionMemory                
000030e9  ADC14_configureMultiSequenceMode               
0000317f  ADC14_configureSingleSampleMode                
00003379  ADC14_disableComparatorWindow                  
00003217  ADC14_disableConversion                        
00003617  ADC14_disableInterrupt                         
00002fbd  ADC14_disableModule                            
00003597  ADC14_disableReferenceBurst                    
00002ffd  ADC14_disableSampleTimer                       
000032e9  ADC14_enableComparatorWindow                   
000031d5  ADC14_enableConversion                         
000035ef  ADC14_enableInterrupt                          
00002fb5  ADC14_enableModule                             
00003581  ADC14_enableReferenceBurst                     
00002fd3  ADC14_enableSampleTimer                        
00003663  ADC14_getEnabledInterruptStatus                
0000363f  ADC14_getInterruptStatus                       
000034a1  ADC14_getMultiSequenceResult                   
00003073  ADC14_getResolution                            
00003487  ADC14_getResult                                
0000350d  ADC14_getResultArray                           
00003013  ADC14_initModule                               
00003223  ADC14_isBusy                                   
000036c5  ADC14_registerInterrupt                        
000033d7  ADC14_setComparatorWindowValue                 
000035ad  ADC14_setPowerMode                             
00003059  ADC14_setResolution                            
0000345d  ADC14_setResultFormat                          
000030bf  ADC14_setSampleHoldTime                        
0000307d  ADC14_setSampleHoldTrigger                     
000031f5  ADC14_toggleConversionTrigger                  
000036d9  ADC14_unregisterInterrupt                      
00007779  AES256_IRQHandler                              
00007779  BusFault_Handler                               
000077a1  C$$EXIT                                        
00007437  C$$IO$$                                        
00007779  COMP_E0_IRQHandler                             
00007779  COMP_E1_IRQHandler                             
000073ff  CPU_basepriGet                                 
000073f1  CPU_basepriSet                                 
000073cb  CPU_cpsid                                      
000073e1  CPU_cpsie                                      
000073d7  CPU_primask                                    
000073ed  CPU_wfi                                        
00007779  CS_IRQHandler                                  
00002381  CS_clearInterruptFlag                          
00001c29  CS_disableClockRequest                         
00001d0f  CS_disableDCOExternalResistor                  
00002255  CS_disableFaultCounter                         
0000233f  CS_disableInterrupt                            
00001c01  CS_enableClockRequest                          
00001c71  CS_enableDCOExternalResistor                   
00002229  CS_enableFaultCounter                          
0000231d  CS_enableInterrupt                             
000021c1  CS_getACLK                                     
00002181  CS_getBCLK                                     
00001e09  CS_getDCOFrequency                             
00002367  CS_getEnabledInterruptStatus                   
0000219d  CS_getHSMCLK                                   
00002361  CS_getInterruptStatus                          
00002207  CS_getMCLK                                     
000021e5  CS_getSMCLK                                    
00001921  CS_initClockSignal                             
000023a3  CS_registerInterrupt                           
00002281  CS_resetFaultCounter                           
00001d2d  CS_setDCOCenteredFrequency                     
00001c99  CS_setDCOExternalResistorCalibration           
00001fa9  CS_setDCOFrequency                             
000018e5  CS_setExternalClockSourceFrequency             
00001c4b  CS_setReferenceOscillatorFrequency             
000022cd  CS_startFaultCounter                           
00001a25  CS_startHFXT                                   
00001a49  CS_startHFXTWithTimeout                        
00001b0d  CS_startLFXT                                   
00001b31  CS_startLFXTWithTimeout                        
00001d65  CS_tuneDCOFrequency                            
000023b7  CS_unregisterInterrupt                         
00007779  DMA_ERR_IRQHandler                             
00007779  DMA_INT0_IRQHandler                            
00007779  DMA_INT1_IRQHandler                            
00007779  DMA_INT2_IRQHandler                            
00007779  DMA_INT3_IRQHandler                            
00007779  DebugMon_Handler                               
00007779  Default_Handler                                
00007779  EUSCIA0_IRQHandler                             
00007779  EUSCIA1_IRQHandler                             
00007779  EUSCIA2_IRQHandler                             
00007779  EUSCIA3_IRQHandler                             
00007779  EUSCIB0_IRQHandler                             
00007779  EUSCIB1_IRQHandler                             
00007779  EUSCIB2_IRQHandler                             
00007779  EUSCIB3_IRQHandler                             
00007779  FLCTL_IRQHandler                               
00007779  FPU_IRQHandler                                 
000065db  FPU_disableModule                              
00006607  FPU_disableStacking                            
000065fb  FPU_enableLazyStacking                         
000065c9  FPU_enableModule                               
000065e9  FPU_enableStacking                             
00006647  FPU_setFlushToZeroMode                         
00006613  FPU_setHalfPrecisionMode                       
0000662d  FPU_setNaNMode                                 
00006661  FPU_setRoundingMode                            
0000112f  FlashCtl_clearInterruptFlag                    
00000ff3  FlashCtl_clearProgramVerification              
00001105  FlashCtl_disableInterrupt                      
00000661  FlashCtl_disableReadBuffering                  
0000105d  FlashCtl_disableWordProgramming                
000010f1  FlashCtl_enableInterrupt                       
0000060d  FlashCtl_enableReadBuffering                   
0000102d  FlashCtl_enableWordProgramming                 
00000c8d  FlashCtl_eraseSector                           
0000111f  FlashCtl_getEnabledInterruptStatus             
00001119  FlashCtl_getInterruptStatus                    
0000028f  FlashCtl_getMemoryInfo                         
00000af1  FlashCtl_getReadMode                           
000010c3  FlashCtl_getWaitState                          
00000b1b  FlashCtl_initiateMassErase                     
00000db1  FlashCtl_initiateSectorErase                   
00000791  FlashCtl_isSectorProtected                     
00001069  FlashCtl_isWordProgrammingEnabled              
00000b41  FlashCtl_performMassErase                      
00000e49  FlashCtl_programMemory                         
00000731  FlashCtl_protectSector                         
00001143  FlashCtl_registerInterrupt                     
00000fb9  FlashCtl_setProgramVerification                
00000a85  FlashCtl_setReadMode                           
00001085  FlashCtl_setWaitState                          
000006c1  FlashCtl_unprotectSector                       
00001157  FlashCtl_unregisterInterrupt                   
0000081d  FlashCtl_verifyMemory                          
000041db  GPIO_clearInterruptFlag                        
0000419b  GPIO_disableInterrupt                          
00004179  GPIO_enableInterrupt                           
00004233  GPIO_getEnabledInterruptStatus                 
0000414b  GPIO_getInputPinValue                          
000041bd  GPIO_getInterruptStatus                        
000041fd  GPIO_interruptEdgeSelect                       
000042f3  GPIO_registerInterrupt                         
00003ef3  GPIO_setAsInputPin                             
000040a7  GPIO_setAsInputPinWithPullDownResistor         
000040f9  GPIO_setAsInputPinWithPullUpResistor           
00003eb9  GPIO_setAsOutputPin                            
00003fbd  GPIO_setAsPeripheralModuleFunctionInputPin     
00003f39  GPIO_setAsPeripheralModuleFunctionOutputPin    
000042af  GPIO_setDriveStrengthHigh                      
000042d1  GPIO_setDriveStrengthLow                       
00004041  GPIO_setOutputHighOnPin                        
00004063  GPIO_setOutputLowOnPin                         
00004085  GPIO_toggleOutputOnPin                         
00004313  GPIO_unregisterInterrupt                       
0000723d  HOSTclose                                      
00006be1  HOSTlseek                                      
00006ead  HOSTopen                                       
00006f69  HOSTread                                       
00006c49  HOSTrename                                     
00007281  HOSTunlink                                     
00006fc1  HOSTwrite                                      
00007779  HardFault_Handler                              
00004d17  Interrupt_disableInterrupt                     
00004b67  Interrupt_disableMaster                        
00004f15  Interrupt_disableSleepOnIsrExit                
00004ca5  Interrupt_enableInterrupt                      
00004b57  Interrupt_enableMaster                         
00004f03  Interrupt_enableSleepOnIsrExit                 
00004c7f  Interrupt_getPriority                          
00004bf7  Interrupt_getPriorityGrouping                  
00004ee3  Interrupt_getPriorityMask                      
00004efd  Interrupt_getVectorTableAddress                
00004d89  Interrupt_isEnabled                            
00004e15  Interrupt_pendInterrupt                        
00004b77  Interrupt_registerInterrupt                    
00004c2f  Interrupt_setPriority                          
00004bdd  Interrupt_setPriorityGrouping                  
00004ed3  Interrupt_setPriorityMask                      
00004eed  Interrupt_setVectorTableAddress                
00004e85  Interrupt_unpendInterrupt                      
00004bc9  Interrupt_unregisterInterrupt                  
00007779  MemManage_Handler                              
00007779  NMI_Handler                                    
00007779  PCM_IRQHandler                                 
00007779  PORT1_IRQHandler                               
00007779  PORT2_IRQHandler                               
00007779  PORT3_IRQHandler                               
00007779  PORT4_IRQHandler                               
00007779  PORT5_IRQHandler                               
00007779  PORT6_IRQHandler                               
00007779  PSS_IRQHandler                                 
00007779  PendSV_Handler                                 
0000653f  REF_A_disableReferenceVoltage                  
0000652f  REF_A_disableReferenceVoltageOutput            
00006517  REF_A_disableTempSensor                        
00006537  REF_A_enableReferenceVoltage                   
00006527  REF_A_enableReferenceVoltageOutput             
0000651f  REF_A_enableTempSensor                         
00006547  REF_A_getBandgapMode                           
00006575  REF_A_getBufferedBandgapVoltageStatus          
00006581  REF_A_getVariableReferenceVoltageStatus        
00006551  REF_A_isBandgapActive                          
00006569  REF_A_isRefGenActive                           
0000655d  REF_A_isRefGenBusy                             
00006595  REF_A_setBufferedBandgapVoltageOneTimeTrigger  
000064fd  REF_A_setReferenceVoltage                      
0000658d  REF_A_setReferenceVoltageOneTimeTrigger        
00007779  RTC_C_IRQHandler                               
0000776d  Reset_Handler                                  
00007779  SVC_Handler                                    
000056db  SysCtl_disableGlitchFilter                     
0000556b  SysCtl_disableNMISource                        
00005673  SysCtl_disablePeripheralAtCPUHalt              
000055b5  SysCtl_disableSRAMBank                         
00005639  SysCtl_disableSRAMBankRetention                
000056cf  SysCtl_enableGlitchFilter                      
0000557f  SysCtl_enableNMISource                         
0000565f  SysCtl_enablePeripheralAtCPUHalt               
00005599  SysCtl_enableSRAMBank                          
0000561d  SysCtl_enableSRAMBankRetention                 
00005565  SysCtl_getFlashSize                            
00005593  SysCtl_getNMISourceStatus                      
0000555f  SysCtl_getSRAMSize                             
000054e9  SysCtl_getTLVInfo                              
000056e7  SysCtl_getTempCalibrationConstant              
00005655  SysCtl_rebootDevice                            
000056ab  SysCtl_setWDTPasswordViolationResetType        
00005687  SysCtl_setWDTTimeoutResetType                  
00007779  SysTick_Handler                                
20000758  SystemCoreClock                                
00004f45  SystemCoreClockUpdate                          
000051bd  SystemInit                                     
00007779  T32_INT1_IRQHandler                            
00007779  T32_INT2_IRQHandler                            
00007779  T32_INTC_IRQHandler                            
00004935  TA0_0_IRQHandler                               
00004935  TA0_0_IRQHandler                               
00007779  TA0_N_IRQHandler                               
00007779  TA1_0_IRQHandler                               
00007779  TA1_N_IRQHandler                               
00007779  TA2_0_IRQHandler                               
00007779  TA2_N_IRQHandler                               
00007779  TA3_0_IRQHandler                               
00007779  TA3_N_IRQHandler                               
00003beb  Timer_A_clearCaptureCompareInterrupt           
00003bd5  Timer_A_clearInterruptFlag                     
00003a53  Timer_A_clearTimer                             
0000387b  Timer_A_configureContinuousMode                
00003909  Timer_A_configureUpDownMode                    
000038ab  Timer_A_configureUpMode                        
00003c79  Timer_A_disableCaptureCompareInterrupt         
00003c27  Timer_A_disableInterrupt                       
00003c4d  Timer_A_enableCaptureCompareInterrupt          
00003c13  Timer_A_enableInterrupt                        
00003b1f  Timer_A_generatePWM                            
00003ac5  Timer_A_getCaptureCompareCount                 
00003ce1  Timer_A_getCaptureCompareEnabledInterruptStatus
00003ca1  Timer_A_getCaptureCompareInterruptStatus       
00003a07  Timer_A_getCounterValue                        
00003cc9  Timer_A_getEnabledInterruptStatus              
00003c3b  Timer_A_getInterruptStatus                     
00003a97  Timer_A_getOutputForOutputModeOutBitValue      
00003a67  Timer_A_getSynchronizedCaptureCompareInput     
00003967  Timer_A_initCapture                            
000039b9  Timer_A_initCompare                            
00003d1d  Timer_A_registerInterrupt                      
00003ba9  Timer_A_setCompareValue                        
00003ae7  Timer_A_setOutputForOutputModeOutBitValue      
00003865  Timer_A_startCounter                           
00003b95  Timer_A_stopTimer                              
00003def  Timer_A_unregisterInterrupt                    
0000464d  UART_clearInterruptFlag                        
000045a5  UART_disableInterrupt                          
00004487  UART_disableModule                             
00004575  UART_enableInterrupt                           
00004471  UART_enableModule                              
000045f1  UART_getEnabledInterruptStatus                 
000045d5  UART_getInterruptStatus                        
0000453d  UART_getReceiveBufferAddressForDMA             
0000454b  UART_getTransmitBufferAddressForDMA            
00004339  UART_initModule                                
0000449d  UART_queryStatusFlags                          
0000444b  UART_receiveData                               
0000466d  UART_registerInterrupt                         
000044c5  UART_resetDormant                              
00004559  UART_selectDeglitchTime                        
000044b1  UART_setDormant                                
000044d9  UART_transmitAddress                           
000044f7  UART_transmitBreak                             
00004421  UART_transmitData                              
000046e9  UART_unregisterInterrupt                       
00007779  UsageFault_Handler                             
4000480c  WDTCTL_SYM                                     
00007779  WDT_A_IRQHandler                               
00006465  WDT_A_clearTimer                               
00006425  WDT_A_holdTimer                                
000064a1  WDT_A_initIntervalTimer                        
00006485  WDT_A_initWatchdogTimer                        
000064d5  WDT_A_registerInterrupt                        
000064bd  WDT_A_setPasswordViolationReset                
000064c9  WDT_A_setTimeoutReset                          
00006445  WDT_A_startTimer                               
000064e9  WDT_A_unregisterInterrupt                      
2000075c  __CIOBUF_                                      
0000155b  __FlashCtl_remaskBurstDataPost                 
00001441  __FlashCtl_remaskBurstDataPre                  
00001285  __FlashCtl_remaskData32Post                    
00001369  __FlashCtl_remaskData32Pre                     
00001167  __FlashCtl_remaskData8Post                     
000011e7  __FlashCtl_remaskData8Pre                      
20010000  __STACK_END                                    
00000200  __STACK_SIZE                                   
00000400  __SYSMEM_SIZE                                  
00007b00  __TI_CINIT_Base                                
00007b18  __TI_CINIT_Limit                               
00007ae0  __TI_Handler_Table_Base                        
00007aec  __TI_Handler_Table_Limit                       
000072c5  __TI_auto_init_nobinit_nopinit                 
000074b1  __TI_cleanup                                   
20000738  __TI_cleanup_ptr                               
00006afd  __TI_closefile                                 
00006cb1  __TI_decompress_lzss                           
0000775f  __TI_decompress_none                           
00007115  __TI_doflush                                   
2000073c  __TI_dtors_ptr                                 
20000740  __TI_enable_exit_profile_output                
20000728  __TI_ft_end                                    
ffffffff  __TI_pprof_out_hndl                            
000023fd  __TI_printfi                                   
ffffffff  __TI_prof_data_size                            
ffffffff  __TI_prof_data_start                           
000074e5  __TI_readmsg                                   
00000000  __TI_static_base__                             
2000087c  __TI_tmpnams                                   
00007409  __TI_writemsg                                  
00006e49  __TI_wrt_ok                                    
00007671  __TI_zero_init_nomemset                        
000068f9  __aeabi_cdcmpeq                                
000068f9  __aeabi_cdcmple                                
0000697f  __aeabi_cdrcmple                               
000071f5  __aeabi_d2iz                                   
00005907  __aeabi_dadd                                   
00005bf1  __aeabi_ddiv                                   
00006071  __aeabi_dmul                                   
000058fd  __aeabi_dsub                                   
00007785  __aeabi_errno_addr                             
00007441  __aeabi_f2d                                    
0000757d  __aeabi_i2d                                    
00005ab3  __aeabi_idiv0                                  
00005ab3  __aeabi_ldiv0                                  
00006a81  __aeabi_memclr                                 
00006a81  __aeabi_memclr4                                
00006a81  __aeabi_memclr8                                
0000673b  __aeabi_memcpy                                 
0000673b  __aeabi_memcpy4                                
0000673b  __aeabi_memcpy8                                
00006a83  __aeabi_memset                                 
00006a83  __aeabi_memset4                                
00006a83  __aeabi_memset8                                
20000734  __aeabi_stderr                                 
2000072c  __aeabi_stdin                                  
20000730  __aeabi_stdout                                 
000067d7  __aeabi_uldivmod                               
ffffffff  __binit__                                      
ffffffff  __c_args__                                     
UNDEFED   __mpu_init                                     
2000fe00  __stack                                        
00007519  _c_int00_noargs                                
000077a4  _ctypes_                                       
200005d8  _device                                        
200004e8  _ftable                                        
20000744  _lock                                          
00002e4b  _nop                                           
20000650  _stream                                        
200000e8  _sys_memory                                    
UNDEFED   _system_post_cinit                             
0000779d  _system_pre_init                               
20000748  _unlock                                        
000077a1  abort                                          
0000616d  aligned_alloc                                  
00007161  atoi                                           
ffffffff  binit                                          
00006f0d  close                                          
20000725  completed                                      
000076c5  copysign                                       
000076c5  copysignl                                      
20000714  dcoFreq                                        
20000754  errno                                          
000071ad  exit                                           
0000754d  finddevice                                     
2000091c  floatarr                                       
0000686d  fputc                                          
00005e4d  fputs                                          
00006261  free                                           
00006d81  frexp                                          
00006d81  frexpl                                         
00006de5  fseek                                          
20000000  g_pfnRAMVectors                                
00007309  getdevice                                      
2000071c  i                                              
00000000  interruptVectors                               
20000720  j                                              
00005f61  ldexp                                          
00005f61  ldexpl                                         
20000724  len                                            
00007601  lseek                                          
0000706f  ltoa                                           
00004755  main                                           
0000778d  malloc                                         
0000616d  memalign                                       
000076a9  memccpy                                        
00007651  memchr                                         
0000673b  memcpy                                         
00006a89  memset                                         
20000710  modevar                                        
20000718  numtempvals                                    
2000099c  parmbuf                                        
00006d19  printf                                         
0000686d  putc                                           
000075ad  remove                                         
00005f61  scalbn                                         
00005f61  scalbnl                                        
00006349  setvbuf                                        
0000734d  sprintf                                        
0000770f  strchr                                         
000076f7  strcmp                                         
00007725  strcpy                                         
00007739  strlen                                         
00007479  strncpy                                        
200009a4  temp                                           
200009a8  temparr                                        
00007978  uartConfig                                     
000075ad  unlink                                         
000079d8  upConfig_0                                     
0000774d  wcslen                                         
00007629  write                                          


GLOBAL SYMBOLS: SORTED BY Symbol Address 

address   name                                           
-------   ----                                           
00000000  __TI_static_base__                             
00000000  interruptVectors                               
00000200  __STACK_SIZE                                   
0000028f  FlashCtl_getMemoryInfo                         
00000400  __SYSMEM_SIZE                                  
0000060d  FlashCtl_enableReadBuffering                   
00000661  FlashCtl_disableReadBuffering                  
000006c1  FlashCtl_unprotectSector                       
00000731  FlashCtl_protectSector                         
00000791  FlashCtl_isSectorProtected                     
0000081d  FlashCtl_verifyMemory                          
00000a85  FlashCtl_setReadMode                           
00000af1  FlashCtl_getReadMode                           
00000b1b  FlashCtl_initiateMassErase                     
00000b41  FlashCtl_performMassErase                      
00000c8d  FlashCtl_eraseSector                           
00000db1  FlashCtl_initiateSectorErase                   
00000e49  FlashCtl_programMemory                         
00000fb9  FlashCtl_setProgramVerification                
00000ff3  FlashCtl_clearProgramVerification              
0000102d  FlashCtl_enableWordProgramming                 
0000105d  FlashCtl_disableWordProgramming                
00001069  FlashCtl_isWordProgrammingEnabled              
00001085  FlashCtl_setWaitState                          
000010c3  FlashCtl_getWaitState                          
000010f1  FlashCtl_enableInterrupt                       
00001105  FlashCtl_disableInterrupt                      
00001119  FlashCtl_getInterruptStatus                    
0000111f  FlashCtl_getEnabledInterruptStatus             
0000112f  FlashCtl_clearInterruptFlag                    
00001143  FlashCtl_registerInterrupt                     
00001157  FlashCtl_unregisterInterrupt                   
00001167  __FlashCtl_remaskData8Post                     
000011e7  __FlashCtl_remaskData8Pre                      
00001285  __FlashCtl_remaskData32Post                    
00001369  __FlashCtl_remaskData32Pre                     
00001441  __FlashCtl_remaskBurstDataPre                  
0000155b  __FlashCtl_remaskBurstDataPost                 
000018e5  CS_setExternalClockSourceFrequency             
00001921  CS_initClockSignal                             
00001a25  CS_startHFXT                                   
00001a49  CS_startHFXTWithTimeout                        
00001b0d  CS_startLFXT                                   
00001b31  CS_startLFXTWithTimeout                        
00001c01  CS_enableClockRequest                          
00001c29  CS_disableClockRequest                         
00001c4b  CS_setReferenceOscillatorFrequency             
00001c71  CS_enableDCOExternalResistor                   
00001c99  CS_setDCOExternalResistorCalibration           
00001d0f  CS_disableDCOExternalResistor                  
00001d2d  CS_setDCOCenteredFrequency                     
00001d65  CS_tuneDCOFrequency                            
00001e09  CS_getDCOFrequency                             
00001fa9  CS_setDCOFrequency                             
00002181  CS_getBCLK                                     
0000219d  CS_getHSMCLK                                   
000021c1  CS_getACLK                                     
000021e5  CS_getSMCLK                                    
00002207  CS_getMCLK                                     
00002229  CS_enableFaultCounter                          
00002255  CS_disableFaultCounter                         
00002281  CS_resetFaultCounter                           
000022cd  CS_startFaultCounter                           
0000231d  CS_enableInterrupt                             
0000233f  CS_disableInterrupt                            
00002361  CS_getInterruptStatus                          
00002367  CS_getEnabledInterruptStatus                   
00002381  CS_clearInterruptFlag                          
000023a3  CS_registerInterrupt                           
000023b7  CS_unregisterInterrupt                         
000023fd  __TI_printfi                                   
00002e4b  _nop                                           
00002fb5  ADC14_enableModule                             
00002fbd  ADC14_disableModule                            
00002fd3  ADC14_enableSampleTimer                        
00002ffd  ADC14_disableSampleTimer                       
00003013  ADC14_initModule                               
00003059  ADC14_setResolution                            
00003073  ADC14_getResolution                            
0000307d  ADC14_setSampleHoldTrigger                     
000030bf  ADC14_setSampleHoldTime                        
000030e9  ADC14_configureMultiSequenceMode               
0000317f  ADC14_configureSingleSampleMode                
000031d5  ADC14_enableConversion                         
000031f5  ADC14_toggleConversionTrigger                  
00003217  ADC14_disableConversion                        
00003223  ADC14_isBusy                                   
00003241  ADC14_configureConversionMemory                
000032e9  ADC14_enableComparatorWindow                   
00003379  ADC14_disableComparatorWindow                  
000033d7  ADC14_setComparatorWindowValue                 
0000345d  ADC14_setResultFormat                          
00003487  ADC14_getResult                                
000034a1  ADC14_getMultiSequenceResult                   
0000350d  ADC14_getResultArray                           
00003581  ADC14_enableReferenceBurst                     
00003597  ADC14_disableReferenceBurst                    
000035ad  ADC14_setPowerMode                             
000035ef  ADC14_enableInterrupt                          
00003617  ADC14_disableInterrupt                         
0000363f  ADC14_getInterruptStatus                       
00003663  ADC14_getEnabledInterruptStatus                
00003699  ADC14_clearInterruptFlag                       
000036c5  ADC14_registerInterrupt                        
000036d9  ADC14_unregisterInterrupt                      
00003865  Timer_A_startCounter                           
0000387b  Timer_A_configureContinuousMode                
000038ab  Timer_A_configureUpMode                        
00003909  Timer_A_configureUpDownMode                    
00003967  Timer_A_initCapture                            
000039b9  Timer_A_initCompare                            
00003a07  Timer_A_getCounterValue                        
00003a53  Timer_A_clearTimer                             
00003a67  Timer_A_getSynchronizedCaptureCompareInput     
00003a97  Timer_A_getOutputForOutputModeOutBitValue      
00003ac5  Timer_A_getCaptureCompareCount                 
00003ae7  Timer_A_setOutputForOutputModeOutBitValue      
00003b1f  Timer_A_generatePWM                            
00003b95  Timer_A_stopTimer                              
00003ba9  Timer_A_setCompareValue                        
00003bd5  Timer_A_clearInterruptFlag                     
00003beb  Timer_A_clearCaptureCompareInterrupt           
00003c13  Timer_A_enableInterrupt                        
00003c27  Timer_A_disableInterrupt                       
00003c3b  Timer_A_getInterruptStatus                     
00003c4d  Timer_A_enableCaptureCompareInterrupt          
00003c79  Timer_A_disableCaptureCompareInterrupt         
00003ca1  Timer_A_getCaptureCompareInterruptStatus       
00003cc9  Timer_A_getEnabledInterruptStatus              
00003ce1  Timer_A_getCaptureCompareEnabledInterruptStatus
00003d1d  Timer_A_registerInterrupt                      
00003def  Timer_A_unregisterInterrupt                    
00003eb9  GPIO_setAsOutputPin                            
00003ef3  GPIO_setAsInputPin                             
00003f39  GPIO_setAsPeripheralModuleFunctionOutputPin    
00003fbd  GPIO_setAsPeripheralModuleFunctionInputPin     
00004041  GPIO_setOutputHighOnPin                        
00004063  GPIO_setOutputLowOnPin                         
00004085  GPIO_toggleOutputOnPin                         
000040a7  GPIO_setAsInputPinWithPullDownResistor         
000040f9  GPIO_setAsInputPinWithPullUpResistor           
0000414b  GPIO_getInputPinValue                          
00004179  GPIO_enableInterrupt                           
0000419b  GPIO_disableInterrupt                          
000041bd  GPIO_getInterruptStatus                        
000041db  GPIO_clearInterruptFlag                        
000041fd  GPIO_interruptEdgeSelect                       
00004233  GPIO_getEnabledInterruptStatus                 
000042af  GPIO_setDriveStrengthHigh                      
000042d1  GPIO_setDriveStrengthLow                       
000042f3  GPIO_registerInterrupt                         
00004313  GPIO_unregisterInterrupt                       
00004339  UART_initModule                                
00004421  UART_transmitData                              
0000444b  UART_receiveData                               
00004471  UART_enableModule                              
00004487  UART_disableModule                             
0000449d  UART_queryStatusFlags                          
000044b1  UART_setDormant                                
000044c5  UART_resetDormant                              
000044d9  UART_transmitAddress                           
000044f7  UART_transmitBreak                             
0000453d  UART_getReceiveBufferAddressForDMA             
0000454b  UART_getTransmitBufferAddressForDMA            
00004559  UART_selectDeglitchTime                        
00004575  UART_enableInterrupt                           
000045a5  UART_disableInterrupt                          
000045d5  UART_getInterruptStatus                        
000045f1  UART_getEnabledInterruptStatus                 
0000464d  UART_clearInterruptFlag                        
0000466d  UART_registerInterrupt                         
000046e9  UART_unregisterInterrupt                       
00004755  main                                           
00004935  TA0_0_IRQHandler                               
00004935  TA0_0_IRQHandler                               
00004b57  Interrupt_enableMaster                         
00004b67  Interrupt_disableMaster                        
00004b77  Interrupt_registerInterrupt                    
00004bc9  Interrupt_unregisterInterrupt                  
00004bdd  Interrupt_setPriorityGrouping                  
00004bf7  Interrupt_getPriorityGrouping                  
00004c2f  Interrupt_setPriority                          
00004c7f  Interrupt_getPriority                          
00004ca5  Interrupt_enableInterrupt                      
00004d17  Interrupt_disableInterrupt                     
00004d89  Interrupt_isEnabled                            
00004e15  Interrupt_pendInterrupt                        
00004e85  Interrupt_unpendInterrupt                      
00004ed3  Interrupt_setPriorityMask                      
00004ee3  Interrupt_getPriorityMask                      
00004eed  Interrupt_setVectorTableAddress                
00004efd  Interrupt_getVectorTableAddress                
00004f03  Interrupt_enableSleepOnIsrExit                 
00004f15  Interrupt_disableSleepOnIsrExit                
00004f45  SystemCoreClockUpdate                          
000051bd  SystemInit                                     
000054e9  SysCtl_getTLVInfo                              
0000555f  SysCtl_getSRAMSize                             
00005565  SysCtl_getFlashSize                            
0000556b  SysCtl_disableNMISource                        
0000557f  SysCtl_enableNMISource                         
00005593  SysCtl_getNMISourceStatus                      
00005599  SysCtl_enableSRAMBank                          
000055b5  SysCtl_disableSRAMBank                         
0000561d  SysCtl_enableSRAMBankRetention                 
00005639  SysCtl_disableSRAMBankRetention                
00005655  SysCtl_rebootDevice                            
0000565f  SysCtl_enablePeripheralAtCPUHalt               
00005673  SysCtl_disablePeripheralAtCPUHalt              
00005687  SysCtl_setWDTTimeoutResetType                  
000056ab  SysCtl_setWDTPasswordViolationResetType        
000056cf  SysCtl_enableGlitchFilter                      
000056db  SysCtl_disableGlitchFilter                     
000056e7  SysCtl_getTempCalibrationConstant              
000058fd  __aeabi_dsub                                   
00005907  __aeabi_dadd                                   
00005ab3  __aeabi_idiv0                                  
00005ab3  __aeabi_ldiv0                                  
00005bf1  __aeabi_ddiv                                   
00005e4d  fputs                                          
00005f61  ldexp                                          
00005f61  ldexpl                                         
00005f61  scalbn                                         
00005f61  scalbnl                                        
00006071  __aeabi_dmul                                   
0000616d  aligned_alloc                                  
0000616d  memalign                                       
00006261  free                                           
00006349  setvbuf                                        
00006425  WDT_A_holdTimer                                
00006445  WDT_A_startTimer                               
00006465  WDT_A_clearTimer                               
00006485  WDT_A_initWatchdogTimer                        
000064a1  WDT_A_initIntervalTimer                        
000064bd  WDT_A_setPasswordViolationReset                
000064c9  WDT_A_setTimeoutReset                          
000064d5  WDT_A_registerInterrupt                        
000064e9  WDT_A_unregisterInterrupt                      
000064fd  REF_A_setReferenceVoltage                      
00006517  REF_A_disableTempSensor                        
0000651f  REF_A_enableTempSensor                         
00006527  REF_A_enableReferenceVoltageOutput             
0000652f  REF_A_disableReferenceVoltageOutput            
00006537  REF_A_enableReferenceVoltage                   
0000653f  REF_A_disableReferenceVoltage                  
00006547  REF_A_getBandgapMode                           
00006551  REF_A_isBandgapActive                          
0000655d  REF_A_isRefGenBusy                             
00006569  REF_A_isRefGenActive                           
00006575  REF_A_getBufferedBandgapVoltageStatus          
00006581  REF_A_getVariableReferenceVoltageStatus        
0000658d  REF_A_setReferenceVoltageOneTimeTrigger        
00006595  REF_A_setBufferedBandgapVoltageOneTimeTrigger  
000065c9  FPU_enableModule                               
000065db  FPU_disableModule                              
000065e9  FPU_enableStacking                             
000065fb  FPU_enableLazyStacking                         
00006607  FPU_disableStacking                            
00006613  FPU_setHalfPrecisionMode                       
0000662d  FPU_setNaNMode                                 
00006647  FPU_setFlushToZeroMode                         
00006661  FPU_setRoundingMode                            
0000673b  __aeabi_memcpy                                 
0000673b  __aeabi_memcpy4                                
0000673b  __aeabi_memcpy8                                
0000673b  memcpy                                         
000067d7  __aeabi_uldivmod                               
0000686d  fputc                                          
0000686d  putc                                           
000068f9  __aeabi_cdcmpeq                                
000068f9  __aeabi_cdcmple                                
0000697f  __aeabi_cdrcmple                               
00006a81  __aeabi_memclr                                 
00006a81  __aeabi_memclr4                                
00006a81  __aeabi_memclr8                                
00006a83  __aeabi_memset                                 
00006a83  __aeabi_memset4                                
00006a83  __aeabi_memset8                                
00006a89  memset                                         
00006afd  __TI_closefile                                 
00006be1  HOSTlseek                                      
00006c49  HOSTrename                                     
00006cb1  __TI_decompress_lzss                           
00006d19  printf                                         
00006d81  frexp                                          
00006d81  frexpl                                         
00006de5  fseek                                          
00006e49  __TI_wrt_ok                                    
00006ead  HOSTopen                                       
00006f0d  close                                          
00006f69  HOSTread                                       
00006fc1  HOSTwrite                                      
0000706f  ltoa                                           
00007115  __TI_doflush                                   
00007161  atoi                                           
000071ad  exit                                           
000071f5  __aeabi_d2iz                                   
0000723d  HOSTclose                                      
00007281  HOSTunlink                                     
000072c5  __TI_auto_init_nobinit_nopinit                 
00007309  getdevice                                      
0000734d  sprintf                                        
000073cb  CPU_cpsid                                      
000073d7  CPU_primask                                    
000073e1  CPU_cpsie                                      
000073ed  CPU_wfi                                        
000073f1  CPU_basepriSet                                 
000073ff  CPU_basepriGet                                 
00007409  __TI_writemsg                                  
00007437  C$$IO$$                                        
00007441  __aeabi_f2d                                    
00007479  strncpy                                        
000074b1  __TI_cleanup                                   
000074e5  __TI_readmsg                                   
00007519  _c_int00_noargs                                
0000754d  finddevice                                     
0000757d  __aeabi_i2d                                    
000075ad  remove                                         
000075ad  unlink                                         
00007601  lseek                                          
00007629  write                                          
00007651  memchr                                         
00007671  __TI_zero_init_nomemset                        
000076a9  memccpy                                        
000076c5  copysign                                       
000076c5  copysignl                                      
000076f7  strcmp                                         
0000770f  strchr                                         
00007725  strcpy                                         
00007739  strlen                                         
0000774d  wcslen                                         
0000775f  __TI_decompress_none                           
0000776d  Reset_Handler                                  
00007779  ADC14_IRQHandler                               
00007779  AES256_IRQHandler                              
00007779  BusFault_Handler                               
00007779  COMP_E0_IRQHandler                             
00007779  COMP_E1_IRQHandler                             
00007779  CS_IRQHandler                                  
00007779  DMA_ERR_IRQHandler                             
00007779  DMA_INT0_IRQHandler                            
00007779  DMA_INT1_IRQHandler                            
00007779  DMA_INT2_IRQHandler                            
00007779  DMA_INT3_IRQHandler                            
00007779  DebugMon_Handler                               
00007779  Default_Handler                                
00007779  EUSCIA0_IRQHandler                             
00007779  EUSCIA1_IRQHandler                             
00007779  EUSCIA2_IRQHandler                             
00007779  EUSCIA3_IRQHandler                             
00007779  EUSCIB0_IRQHandler                             
00007779  EUSCIB1_IRQHandler                             
00007779  EUSCIB2_IRQHandler                             
00007779  EUSCIB3_IRQHandler                             
00007779  FLCTL_IRQHandler                               
00007779  FPU_IRQHandler                                 
00007779  HardFault_Handler                              
00007779  MemManage_Handler                              
00007779  NMI_Handler                                    
00007779  PCM_IRQHandler                                 
00007779  PORT1_IRQHandler                               
00007779  PORT2_IRQHandler                               
00007779  PORT3_IRQHandler                               
00007779  PORT4_IRQHandler                               
00007779  PORT5_IRQHandler                               
00007779  PORT6_IRQHandler                               
00007779  PSS_IRQHandler                                 
00007779  PendSV_Handler                                 
00007779  RTC_C_IRQHandler                               
00007779  SVC_Handler                                    
00007779  SysTick_Handler                                
00007779  T32_INT1_IRQHandler                            
00007779  T32_INT2_IRQHandler                            
00007779  T32_INTC_IRQHandler                            
00007779  TA0_N_IRQHandler                               
00007779  TA1_0_IRQHandler                               
00007779  TA1_N_IRQHandler                               
00007779  TA2_0_IRQHandler                               
00007779  TA2_N_IRQHandler                               
00007779  TA3_0_IRQHandler                               
00007779  TA3_N_IRQHandler                               
00007779  UsageFault_Handler                             
00007779  WDT_A_IRQHandler                               
00007785  __aeabi_errno_addr                             
0000778d  malloc                                         
0000779d  _system_pre_init                               
000077a1  C$$EXIT                                        
000077a1  abort                                          
000077a4  _ctypes_                                       
00007978  uartConfig                                     
000079d8  upConfig_0                                     
00007ae0  __TI_Handler_Table_Base                        
00007aec  __TI_Handler_Table_Limit                       
00007b00  __TI_CINIT_Base                                
00007b18  __TI_CINIT_Limit                               
20000000  g_pfnRAMVectors                                
200000e8  _sys_memory                                    
200004e8  _ftable                                        
200005d8  _device                                        
20000650  _stream                                        
20000710  modevar                                        
20000714  dcoFreq                                        
20000718  numtempvals                                    
2000071c  i                                              
20000720  j                                              
20000724  len                                            
20000725  completed                                      
20000728  __TI_ft_end                                    
2000072c  __aeabi_stdin                                  
20000730  __aeabi_stdout                                 
20000734  __aeabi_stderr                                 
20000738  __TI_cleanup_ptr                               
2000073c  __TI_dtors_ptr                                 
20000740  __TI_enable_exit_profile_output                
20000744  _lock                                          
20000748  _unlock                                        
20000754  errno                                          
20000758  SystemCoreClock                                
2000075c  __CIOBUF_                                      
2000087c  __TI_tmpnams                                   
2000091c  floatarr                                       
2000099c  parmbuf                                        
200009a4  temp                                           
200009a8  temparr                                        
2000fe00  __stack                                        
20010000  __STACK_END                                    
4000480c  WDTCTL_SYM                                     
ffffffff  __TI_pprof_out_hndl                            
ffffffff  __TI_prof_data_size                            
ffffffff  __TI_prof_data_start                           
ffffffff  __binit__                                      
ffffffff  __c_args__                                     
ffffffff  binit                                          
UNDEFED   __mpu_init                                     
UNDEFED   _system_post_cinit                             

[435 symbols]
