******************************************************************************
                  TI ARM Linker PC v18.12.2                    
******************************************************************************
>> Linked Sat Sep 28 14:12:33 2019

OUTPUT FILE NAME:   <Lab 2.out>
ENTRY POINT SYMBOL: "_c_int00_noargs"  address: 000026d9


MEMORY CONFIGURATION

         name            origin    length      used     unused   attr    fill
----------------------  --------  ---------  --------  --------  ----  --------
  MAIN                  00000000   00040000  00002878  0003d788  R  X
  INFO                  00200000   00004000  00000000  00004000  R  X
  SRAM_CODE             01000000   00010000  00000320  0000fce0  RW X
  SRAM_DATA             20000000   00010000  00000320  0000fce0  RW  


SEGMENT ALLOCATION MAP

run origin  load origin   length   init length attrs members
----------  ----------- ---------- ----------- ----- -------
00000000    00000000    00002878   00002878    r-x
  00000000    00000000    000000e4   000000e4    r-- .intvecs
  000000e4    000000e4    00002668   00002668    r-x .text
  0000274c    0000274c    000000c4   000000c4    r-- .const
  00002810    00002810    00000068   00000068    r-- .cinit
20000000    20000000    00000120   00000000    rw-
  20000000    20000000    000000e4   00000000    rw- .vtable
  200000e4    200000e4    00000034   00000000    rw- .data
  20000118    20000118    00000008   00000000    rw- .bss
2000fe00    2000fe00    00000200   00000000    rw-
  2000fe00    2000fe00    00000200   00000000    rw- .stack


SECTION ALLOCATION MAP

 output                                  attributes/
section   page    origin      length       input sections
--------  ----  ----------  ----------   ----------------
.intvecs   0    00000000    000000e4     
                  00000000    000000e4     startup_msp432p401r_ccs.obj (.intvecs:retain)

.text      0    000000e4    00002668     
                  000000e4    00000d7c     cs.obj (.text)
                  00000e60    00000798     timer_a.obj (.text)
                  000015f8    00000480     gpio.obj (.text)
                  00001a78    000003f0     interrupt.obj (.text)
                  00001e68    00000334     system_msp432p401r.obj (.text)
                  0000219c    00000244     sysctl.obj (.text)
                  000023e0    000000d8     wdt_a.obj (.text)
                  000024b8    0000009c     rtsv7M4_T_le_v4SPD16_eabi.lib : memcpy_t2.asm.obj (.text)
                  00002554    00000098     main.obj (.text)
                  000025ec    00000068     rtsv7M4_T_le_v4SPD16_eabi.lib : copy_decompress_lzss.c.obj (.text:decompress:lzss:__TI_decompress_lzss)
                  00002654    00000044                                   : autoinit.c.obj (.text:__TI_auto_init_nobinit_nopinit:__TI_auto_init_nobinit_nopinit)
                  00002698    0000003e     cpu.obj (.text)
                  000026d6    00000002     --HOLE-- [fill = 0]
                  000026d8    00000034     rtsv7M4_T_le_v4SPD16_eabi.lib : boot_cortex_m.c.obj (.text:_c_int00_noargs:_c_int00_noargs)
                  0000270c    0000001c                                   : copy_zero_init.c.obj (.text:decompress:ZI:__TI_zero_init_nomemset:__TI_zero_init_nomemset)
                  00002728    0000000e                                   : copy_decompress_none.c.obj (.text:decompress:none:__TI_decompress_none)
                  00002736    0000000e     startup_msp432p401r_ccs.obj (.text)
                  00002744    00000004     rtsv7M4_T_le_v4SPD16_eabi.lib : pre_init.c.obj (.text:_system_pre_init)
                  00002748    00000004                                   : exit.c.obj (.text:abort:abort)

.const     0    0000274c    000000c4     
                  0000274c    00000050     interrupt.obj (.const:g_pulRegs)
                  0000279c    00000020     interrupt.obj (.const:g_pulPriority)
                  000027bc    0000001c     gpio.obj (.const:GPIO_PORT_TO_INT)
                  000027d8    00000018     main.obj (.const:upConfig_0)
                  000027f0    00000008     interrupt.obj (.const:g_pulDisRegs)
                  000027f8    00000008     interrupt.obj (.const:g_pulEnRegs)
                  00002800    00000008     interrupt.obj (.const:g_pulPendRegs)
                  00002808    00000008     interrupt.obj (.const:g_pulUnpendRegs)

.cinit     0    00002810    00000068     
                  00002810    0000002f     (.cinit..data.load) [load image, compression = lzss]
                  0000283f    00000001     --HOLE-- [fill = 0]
                  00002840    0000000c     (__TI_handler_table)
                  0000284c    00000004     --HOLE-- [fill = 0]
                  00002850    00000008     (.cinit..bss.load) [load image, compression = zero_init]
                  00002858    00000008     (.cinit..vtable.load) [load image, compression = zero_init]
                  00002860    00000018     (__TI_cinit_table)

.init_array 
*          0    00000000    00000000     UNINITIALIZED

.binit     0    00000000    00000000     

.vtable    0    20000000    000000e4     UNINITIALIZED
                  20000000    000000e4     interrupt.obj (.vtable)

.data      0    200000e4    00000034     UNINITIALIZED
                  200000e4    00000030     gpio.obj (.data:GPIO_PORT_TO_BASE)
                  20000114    00000004     system_msp432p401r.obj (.data)

.bss       0    20000118    00000008     UNINITIALIZED
                  20000118    00000008     cs.obj (.bss)

.stack     0    2000fe00    00000200     UNINITIALIZED
                  2000fe00    00000004     rtsv7M4_T_le_v4SPD16_eabi.lib : boot_cortex_m.c.obj (.stack)
                  2000fe04    000001fc     --HOLE--

MODULE SUMMARY

       Module                        code   ro data   rw data
       ------                        ----   -------   -------
    .\
       system_msp432p401r.obj        820    0         8      
       startup_msp432p401r_ccs.obj   14     228       0      
       main.obj                      152    24        0      
    +--+-----------------------------+------+---------+---------+
       Total:                        986    252       8      
                                                             
    .\driverlib\MSP432P4xx\
       cs.obj                        3452   0         16     
       timer_a.obj                   1944   0         0      
       interrupt.obj                 1008   144       456    
       gpio.obj                      1152   28        96     
       sysctl.obj                    580    0         0      
       wdt_a.obj                     216    0         0      
       cpu.obj                       62     0         0      
    +--+-----------------------------+------+---------+---------+
       Total:                        8414   172       568    
                                                             
    C:\ti\ccs910\ccs\tools\compiler\ti-cgt-arm_18.12.2.LTS\lib\rtsv7M4_T_le_v4SPD16_eabi.lib
       memcpy_t2.asm.obj             156    0         0      
       copy_decompress_lzss.c.obj    104    0         0      
       autoinit.c.obj                68     0         0      
       boot_cortex_m.c.obj           52     0         0      
       copy_zero_init.c.obj          28     0         0      
       copy_decompress_none.c.obj    14     0         0      
       exit.c.obj                    4      0         0      
       pre_init.c.obj                4      0         0      
    +--+-----------------------------+------+---------+---------+
       Total:                        430    0         0      
                                                             
       Stack:                        0      0         1024   
       Linker Generated:             0      99        0      
    +--+-----------------------------+------+---------+---------+
       Grand Total:                  9830   523       1600   


LINKER GENERATED COPY TABLES

__TI_cinit_table @ 00002860 records: 3, size/record: 8, table size: 24
	.data: load addr=00002810, load size=0000002f bytes, run addr=200000e4, run size=00000034 bytes, compression=lzss
	.bss: load addr=00002850, load size=00000008 bytes, run addr=20000118, run size=00000008 bytes, compression=zero_init
	.vtable: load addr=00002858, load size=00000008 bytes, run addr=20000000, run size=000000e4 bytes, compression=zero_init


LINKER GENERATED HANDLER TABLE

__TI_handler_table @ 00002840 records: 3, size/record: 4, table size: 12
	index: 0, handler: __TI_zero_init
	index: 1, handler: __TI_decompress_lzss
	index: 2, handler: __TI_decompress_none


GLOBAL SYMBOLS: SORTED ALPHABETICALLY BY Name 

address   name                                           
-------   ----                                           
00002743  ADC14_IRQHandler                               
00002743  AES256_IRQHandler                              
00002743  BusFault_Handler                               
00002749  C$$EXIT                                        
00002743  COMP_E0_IRQHandler                             
00002743  COMP_E1_IRQHandler                             
000026cd  CPU_basepriGet                                 
000026bf  CPU_basepriSet                                 
00002699  CPU_cpsid                                      
000026af  CPU_cpsie                                      
000026a5  CPU_primask                                    
000026bb  CPU_wfi                                        
00002743  CS_IRQHandler                                  
00000de5  CS_clearInterruptFlag                          
0000068d  CS_disableClockRequest                         
00000773  CS_disableDCOExternalResistor                  
00000cb9  CS_disableFaultCounter                         
00000da3  CS_disableInterrupt                            
00000665  CS_enableClockRequest                          
000006d5  CS_enableDCOExternalResistor                   
00000c8d  CS_enableFaultCounter                          
00000d81  CS_enableInterrupt                             
00000c25  CS_getACLK                                     
00000be5  CS_getBCLK                                     
0000086d  CS_getDCOFrequency                             
00000dcb  CS_getEnabledInterruptStatus                   
00000c01  CS_getHSMCLK                                   
00000dc5  CS_getInterruptStatus                          
00000c6b  CS_getMCLK                                     
00000c49  CS_getSMCLK                                    
00000385  CS_initClockSignal                             
00000e07  CS_registerInterrupt                           
00000ce5  CS_resetFaultCounter                           
00000791  CS_setDCOCenteredFrequency                     
000006fd  CS_setDCOExternalResistorCalibration           
00000a0d  CS_setDCOFrequency                             
00000349  CS_setExternalClockSourceFrequency             
000006af  CS_setReferenceOscillatorFrequency             
00000d31  CS_startFaultCounter                           
00000489  CS_startHFXT                                   
000004ad  CS_startHFXTWithTimeout                        
00000571  CS_startLFXT                                   
00000595  CS_startLFXTWithTimeout                        
000007c9  CS_tuneDCOFrequency                            
00000e1b  CS_unregisterInterrupt                         
00002743  DMA_ERR_IRQHandler                             
00002743  DMA_INT0_IRQHandler                            
00002743  DMA_INT1_IRQHandler                            
00002743  DMA_INT2_IRQHandler                            
00002743  DMA_INT3_IRQHandler                            
00002743  DebugMon_Handler                               
00002743  Default_Handler                                
00002743  EUSCIA0_IRQHandler                             
00002743  EUSCIA1_IRQHandler                             
00002743  EUSCIA2_IRQHandler                             
00002743  EUSCIA3_IRQHandler                             
00002743  EUSCIB0_IRQHandler                             
00002743  EUSCIB1_IRQHandler                             
00002743  EUSCIB2_IRQHandler                             
00002743  EUSCIB3_IRQHandler                             
00002743  FLCTL_IRQHandler                               
00002743  FPU_IRQHandler                                 
0000191b  GPIO_clearInterruptFlag                        
000018db  GPIO_disableInterrupt                          
000018b9  GPIO_enableInterrupt                           
00001973  GPIO_getEnabledInterruptStatus                 
0000188b  GPIO_getInputPinValue                          
000018fd  GPIO_getInterruptStatus                        
0000193d  GPIO_interruptEdgeSelect                       
00001a33  GPIO_registerInterrupt                         
00001633  GPIO_setAsInputPin                             
000017e7  GPIO_setAsInputPinWithPullDownResistor         
00001839  GPIO_setAsInputPinWithPullUpResistor           
000015f9  GPIO_setAsOutputPin                            
000016fd  GPIO_setAsPeripheralModuleFunctionInputPin     
00001679  GPIO_setAsPeripheralModuleFunctionOutputPin    
000019ef  GPIO_setDriveStrengthHigh                      
00001a11  GPIO_setDriveStrengthLow                       
00001781  GPIO_setOutputHighOnPin                        
000017a3  GPIO_setOutputLowOnPin                         
000017c5  GPIO_toggleOutputOnPin                         
00001a53  GPIO_unregisterInterrupt                       
00002743  HardFault_Handler                              
00001c3b  Interrupt_disableInterrupt                     
00001a8b  Interrupt_disableMaster                        
00001e39  Interrupt_disableSleepOnIsrExit                
00001bc9  Interrupt_enableInterrupt                      
00001a7b  Interrupt_enableMaster                         
00001e27  Interrupt_enableSleepOnIsrExit                 
00001ba3  Interrupt_getPriority                          
00001b1b  Interrupt_getPriorityGrouping                  
00001e07  Interrupt_getPriorityMask                      
00001e21  Interrupt_getVectorTableAddress                
00001cad  Interrupt_isEnabled                            
00001d39  Interrupt_pendInterrupt                        
00001a9b  Interrupt_registerInterrupt                    
00001b53  Interrupt_setPriority                          
00001b01  Interrupt_setPriorityGrouping                  
00001df7  Interrupt_setPriorityMask                      
00001e11  Interrupt_setVectorTableAddress                
00001da9  Interrupt_unpendInterrupt                      
00001aed  Interrupt_unregisterInterrupt                  
00002743  MemManage_Handler                              
00002743  NMI_Handler                                    
00002743  PCM_IRQHandler                                 
00002743  PORT1_IRQHandler                               
00002743  PORT2_IRQHandler                               
00002743  PORT3_IRQHandler                               
00002743  PORT4_IRQHandler                               
00002743  PORT5_IRQHandler                               
00002743  PORT6_IRQHandler                               
00002743  PSS_IRQHandler                                 
00002743  PendSV_Handler                                 
00002743  RTC_C_IRQHandler                               
00002737  Reset_Handler                                  
00002743  SVC_Handler                                    
0000238f  SysCtl_disableGlitchFilter                     
0000221f  SysCtl_disableNMISource                        
00002327  SysCtl_disablePeripheralAtCPUHalt              
00002269  SysCtl_disableSRAMBank                         
000022ed  SysCtl_disableSRAMBankRetention                
00002383  SysCtl_enableGlitchFilter                      
00002233  SysCtl_enableNMISource                         
00002313  SysCtl_enablePeripheralAtCPUHalt               
0000224d  SysCtl_enableSRAMBank                          
000022d1  SysCtl_enableSRAMBankRetention                 
00002219  SysCtl_getFlashSize                            
00002247  SysCtl_getNMISourceStatus                      
00002213  SysCtl_getSRAMSize                             
0000219d  SysCtl_getTLVInfo                              
0000239b  SysCtl_getTempCalibrationConstant              
00002309  SysCtl_rebootDevice                            
0000235f  SysCtl_setWDTPasswordViolationResetType        
0000233b  SysCtl_setWDTTimeoutResetType                  
00002743  SysTick_Handler                                
20000114  SystemCoreClock                                
00001e69  SystemCoreClockUpdate                          
000020e1  SystemInit                                     
00002743  T32_INT1_IRQHandler                            
00002743  T32_INT2_IRQHandler                            
00002743  T32_INTC_IRQHandler                            
000025c7  TA0_0_IRQHandler                               
000025c7  TA0_0_IRQHandler                               
00002743  TA0_N_IRQHandler                               
00002743  TA1_0_IRQHandler                               
00002743  TA1_N_IRQHandler                               
00002743  TA2_0_IRQHandler                               
00002743  TA2_N_IRQHandler                               
00002743  TA3_0_IRQHandler                               
00002743  TA3_N_IRQHandler                               
0000132b  Timer_A_clearCaptureCompareInterrupt           
00001315  Timer_A_clearInterruptFlag                     
00001193  Timer_A_clearTimer                             
00000fbb  Timer_A_configureContinuousMode                
00001049  Timer_A_configureUpDownMode                    
00000feb  Timer_A_configureUpMode                        
000013b9  Timer_A_disableCaptureCompareInterrupt         
00001367  Timer_A_disableInterrupt                       
0000138d  Timer_A_enableCaptureCompareInterrupt          
00001353  Timer_A_enableInterrupt                        
0000125f  Timer_A_generatePWM                            
00001205  Timer_A_getCaptureCompareCount                 
00001421  Timer_A_getCaptureCompareEnabledInterruptStatus
000013e1  Timer_A_getCaptureCompareInterruptStatus       
00001147  Timer_A_getCounterValue                        
00001409  Timer_A_getEnabledInterruptStatus              
0000137b  Timer_A_getInterruptStatus                     
000011d7  Timer_A_getOutputForOutputModeOutBitValue      
000011a7  Timer_A_getSynchronizedCaptureCompareInput     
000010a7  Timer_A_initCapture                            
000010f9  Timer_A_initCompare                            
0000145d  Timer_A_registerInterrupt                      
000012e9  Timer_A_setCompareValue                        
00001227  Timer_A_setOutputForOutputModeOutBitValue      
00000fa5  Timer_A_startCounter                           
000012d5  Timer_A_stopTimer                              
0000152f  Timer_A_unregisterInterrupt                    
00002743  UsageFault_Handler                             
4000480c  WDTCTL_SYM                                     
00002743  WDT_A_IRQHandler                               
00002421  WDT_A_clearTimer                               
000023e1  WDT_A_holdTimer                                
0000245d  WDT_A_initIntervalTimer                        
00002441  WDT_A_initWatchdogTimer                        
00002491  WDT_A_registerInterrupt                        
00002479  WDT_A_setPasswordViolationReset                
00002485  WDT_A_setTimeoutReset                          
00002401  WDT_A_startTimer                               
000024a5  WDT_A_unregisterInterrupt                      
20010000  __STACK_END                                    
00000200  __STACK_SIZE                                   
00002860  __TI_CINIT_Base                                
00002878  __TI_CINIT_Limit                               
00002840  __TI_Handler_Table_Base                        
0000284c  __TI_Handler_Table_Limit                       
00002655  __TI_auto_init_nobinit_nopinit                 
000025ed  __TI_decompress_lzss                           
00002729  __TI_decompress_none                           
ffffffff  __TI_pprof_out_hndl                            
ffffffff  __TI_prof_data_size                            
ffffffff  __TI_prof_data_start                           
00000000  __TI_static_base__                             
0000270d  __TI_zero_init_nomemset                        
000024b9  __aeabi_memcpy                                 
000024b9  __aeabi_memcpy4                                
000024b9  __aeabi_memcpy8                                
ffffffff  __binit__                                      
ffffffff  __c_args__                                     
UNDEFED   __mpu_init                                     
2000fe00  __stack                                        
000026d9  _c_int00_noargs                                
UNDEFED   _system_post_cinit                             
00002745  _system_pre_init                               
00002749  abort                                          
ffffffff  binit                                          
20000000  g_pfnRAMVectors                                
00000000  interruptVectors                               
00002555  main                                           
000024b9  memcpy                                         
000027d8  upConfig_0                                     


GLOBAL SYMBOLS: SORTED BY Symbol Address 

address   name                                           
-------   ----                                           
00000000  __TI_static_base__                             
00000000  interruptVectors                               
00000200  __STACK_SIZE                                   
00000349  CS_setExternalClockSourceFrequency             
00000385  CS_initClockSignal                             
00000489  CS_startHFXT                                   
000004ad  CS_startHFXTWithTimeout                        
00000571  CS_startLFXT                                   
00000595  CS_startLFXTWithTimeout                        
00000665  CS_enableClockRequest                          
0000068d  CS_disableClockRequest                         
000006af  CS_setReferenceOscillatorFrequency             
000006d5  CS_enableDCOExternalResistor                   
000006fd  CS_setDCOExternalResistorCalibration           
00000773  CS_disableDCOExternalResistor                  
00000791  CS_setDCOCenteredFrequency                     
000007c9  CS_tuneDCOFrequency                            
0000086d  CS_getDCOFrequency                             
00000a0d  CS_setDCOFrequency                             
00000be5  CS_getBCLK                                     
00000c01  CS_getHSMCLK                                   
00000c25  CS_getACLK                                     
00000c49  CS_getSMCLK                                    
00000c6b  CS_getMCLK                                     
00000c8d  CS_enableFaultCounter                          
00000cb9  CS_disableFaultCounter                         
00000ce5  CS_resetFaultCounter                           
00000d31  CS_startFaultCounter                           
00000d81  CS_enableInterrupt                             
00000da3  CS_disableInterrupt                            
00000dc5  CS_getInterruptStatus                          
00000dcb  CS_getEnabledInterruptStatus                   
00000de5  CS_clearInterruptFlag                          
00000e07  CS_registerInterrupt                           
00000e1b  CS_unregisterInterrupt                         
00000fa5  Timer_A_startCounter                           
00000fbb  Timer_A_configureContinuousMode                
00000feb  Timer_A_configureUpMode                        
00001049  Timer_A_configureUpDownMode                    
000010a7  Timer_A_initCapture                            
000010f9  Timer_A_initCompare                            
00001147  Timer_A_getCounterValue                        
00001193  Timer_A_clearTimer                             
000011a7  Timer_A_getSynchronizedCaptureCompareInput     
000011d7  Timer_A_getOutputForOutputModeOutBitValue      
00001205  Timer_A_getCaptureCompareCount                 
00001227  Timer_A_setOutputForOutputModeOutBitValue      
0000125f  Timer_A_generatePWM                            
000012d5  Timer_A_stopTimer                              
000012e9  Timer_A_setCompareValue                        
00001315  Timer_A_clearInterruptFlag                     
0000132b  Timer_A_clearCaptureCompareInterrupt           
00001353  Timer_A_enableInterrupt                        
00001367  Timer_A_disableInterrupt                       
0000137b  Timer_A_getInterruptStatus                     
0000138d  Timer_A_enableCaptureCompareInterrupt          
000013b9  Timer_A_disableCaptureCompareInterrupt         
000013e1  Timer_A_getCaptureCompareInterruptStatus       
00001409  Timer_A_getEnabledInterruptStatus              
00001421  Timer_A_getCaptureCompareEnabledInterruptStatus
0000145d  Timer_A_registerInterrupt                      
0000152f  Timer_A_unregisterInterrupt                    
000015f9  GPIO_setAsOutputPin                            
00001633  GPIO_setAsInputPin                             
00001679  GPIO_setAsPeripheralModuleFunctionOutputPin    
000016fd  GPIO_setAsPeripheralModuleFunctionInputPin     
00001781  GPIO_setOutputHighOnPin                        
000017a3  GPIO_setOutputLowOnPin                         
000017c5  GPIO_toggleOutputOnPin                         
000017e7  GPIO_setAsInputPinWithPullDownResistor         
00001839  GPIO_setAsInputPinWithPullUpResistor           
0000188b  GPIO_getInputPinValue                          
000018b9  GPIO_enableInterrupt                           
000018db  GPIO_disableInterrupt                          
000018fd  GPIO_getInterruptStatus                        
0000191b  GPIO_clearInterruptFlag                        
0000193d  GPIO_interruptEdgeSelect                       
00001973  GPIO_getEnabledInterruptStatus                 
000019ef  GPIO_setDriveStrengthHigh                      
00001a11  GPIO_setDriveStrengthLow                       
00001a33  GPIO_registerInterrupt                         
00001a53  GPIO_unregisterInterrupt                       
00001a7b  Interrupt_enableMaster                         
00001a8b  Interrupt_disableMaster                        
00001a9b  Interrupt_registerInterrupt                    
00001aed  Interrupt_unregisterInterrupt                  
00001b01  Interrupt_setPriorityGrouping                  
00001b1b  Interrupt_getPriorityGrouping                  
00001b53  Interrupt_setPriority                          
00001ba3  Interrupt_getPriority                          
00001bc9  Interrupt_enableInterrupt                      
00001c3b  Interrupt_disableInterrupt                     
00001cad  Interrupt_isEnabled                            
00001d39  Interrupt_pendInterrupt                        
00001da9  Interrupt_unpendInterrupt                      
00001df7  Interrupt_setPriorityMask                      
00001e07  Interrupt_getPriorityMask                      
00001e11  Interrupt_setVectorTableAddress                
00001e21  Interrupt_getVectorTableAddress                
00001e27  Interrupt_enableSleepOnIsrExit                 
00001e39  Interrupt_disableSleepOnIsrExit                
00001e69  SystemCoreClockUpdate                          
000020e1  SystemInit                                     
0000219d  SysCtl_getTLVInfo                              
00002213  SysCtl_getSRAMSize                             
00002219  SysCtl_getFlashSize                            
0000221f  SysCtl_disableNMISource                        
00002233  SysCtl_enableNMISource                         
00002247  SysCtl_getNMISourceStatus                      
0000224d  SysCtl_enableSRAMBank                          
00002269  SysCtl_disableSRAMBank                         
000022d1  SysCtl_enableSRAMBankRetention                 
000022ed  SysCtl_disableSRAMBankRetention                
00002309  SysCtl_rebootDevice                            
00002313  SysCtl_enablePeripheralAtCPUHalt               
00002327  SysCtl_disablePeripheralAtCPUHalt              
0000233b  SysCtl_setWDTTimeoutResetType                  
0000235f  SysCtl_setWDTPasswordViolationResetType        
00002383  SysCtl_enableGlitchFilter                      
0000238f  SysCtl_disableGlitchFilter                     
0000239b  SysCtl_getTempCalibrationConstant              
000023e1  WDT_A_holdTimer                                
00002401  WDT_A_startTimer                               
00002421  WDT_A_clearTimer                               
00002441  WDT_A_initWatchdogTimer                        
0000245d  WDT_A_initIntervalTimer                        
00002479  WDT_A_setPasswordViolationReset                
00002485  WDT_A_setTimeoutReset                          
00002491  WDT_A_registerInterrupt                        
000024a5  WDT_A_unregisterInterrupt                      
000024b9  __aeabi_memcpy                                 
000024b9  __aeabi_memcpy4                                
000024b9  __aeabi_memcpy8                                
000024b9  memcpy                                         
00002555  main                                           
000025c7  TA0_0_IRQHandler                               
000025c7  TA0_0_IRQHandler                               
000025ed  __TI_decompress_lzss                           
00002655  __TI_auto_init_nobinit_nopinit                 
00002699  CPU_cpsid                                      
000026a5  CPU_primask                                    
000026af  CPU_cpsie                                      
000026bb  CPU_wfi                                        
000026bf  CPU_basepriSet                                 
000026cd  CPU_basepriGet                                 
000026d9  _c_int00_noargs                                
0000270d  __TI_zero_init_nomemset                        
00002729  __TI_decompress_none                           
00002737  Reset_Handler                                  
00002743  ADC14_IRQHandler                               
00002743  AES256_IRQHandler                              
00002743  BusFault_Handler                               
00002743  COMP_E0_IRQHandler                             
00002743  COMP_E1_IRQHandler                             
00002743  CS_IRQHandler                                  
00002743  DMA_ERR_IRQHandler                             
00002743  DMA_INT0_IRQHandler                            
00002743  DMA_INT1_IRQHandler                            
00002743  DMA_INT2_IRQHandler                            
00002743  DMA_INT3_IRQHandler                            
00002743  DebugMon_Handler                               
00002743  Default_Handler                                
00002743  EUSCIA0_IRQHandler                             
00002743  EUSCIA1_IRQHandler                             
00002743  EUSCIA2_IRQHandler                             
00002743  EUSCIA3_IRQHandler                             
00002743  EUSCIB0_IRQHandler                             
00002743  EUSCIB1_IRQHandler                             
00002743  EUSCIB2_IRQHandler                             
00002743  EUSCIB3_IRQHandler                             
00002743  FLCTL_IRQHandler                               
00002743  FPU_IRQHandler                                 
00002743  HardFault_Handler                              
00002743  MemManage_Handler                              
00002743  NMI_Handler                                    
00002743  PCM_IRQHandler                                 
00002743  PORT1_IRQHandler                               
00002743  PORT2_IRQHandler                               
00002743  PORT3_IRQHandler                               
00002743  PORT4_IRQHandler                               
00002743  PORT5_IRQHandler                               
00002743  PORT6_IRQHandler                               
00002743  PSS_IRQHandler                                 
00002743  PendSV_Handler                                 
00002743  RTC_C_IRQHandler                               
00002743  SVC_Handler                                    
00002743  SysTick_Handler                                
00002743  T32_INT1_IRQHandler                            
00002743  T32_INT2_IRQHandler                            
00002743  T32_INTC_IRQHandler                            
00002743  TA0_N_IRQHandler                               
00002743  TA1_0_IRQHandler                               
00002743  TA1_N_IRQHandler                               
00002743  TA2_0_IRQHandler                               
00002743  TA2_N_IRQHandler                               
00002743  TA3_0_IRQHandler                               
00002743  TA3_N_IRQHandler                               
00002743  UsageFault_Handler                             
00002743  WDT_A_IRQHandler                               
00002745  _system_pre_init                               
00002749  C$$EXIT                                        
00002749  abort                                          
000027d8  upConfig_0                                     
00002840  __TI_Handler_Table_Base                        
0000284c  __TI_Handler_Table_Limit                       
00002860  __TI_CINIT_Base                                
00002878  __TI_CINIT_Limit                               
20000000  g_pfnRAMVectors                                
20000114  SystemCoreClock                                
2000fe00  __stack                                        
20010000  __STACK_END                                    
4000480c  WDTCTL_SYM                                     
ffffffff  __TI_pprof_out_hndl                            
ffffffff  __TI_prof_data_size                            
ffffffff  __TI_prof_data_start                           
ffffffff  __binit__                                      
ffffffff  __c_args__                                     
ffffffff  binit                                          
UNDEFED   __mpu_init                                     
UNDEFED   _system_post_cinit                             

[220 symbols]
