<?xml version="1.0" encoding="ISO-8859-1" ?>
<link_info>
   <banner>TI ARM Linker PC v18.12.2.LTS</banner>
   <copyright>Copyright (c) 1996-2018 Texas Instruments Incorporated</copyright>
   <link_time>0x5de15f28</link_time>
   <link_errors>0x0</link_errors>
   <output_file>Lab 9.out</output_file>
   <entry_point>
      <name>_c_int00_noargs</name>
      <address>0x56a1</address>
   </entry_point>
   <input_file_list>
      <input_file id="fl-2">
         <path>.\</path>
         <kind>object</kind>
         <file>main.obj</file>
         <name>main.obj</name>
      </input_file>
      <input_file id="fl-3">
         <path>.\</path>
         <kind>object</kind>
         <file>startup_msp432p401r_ccs.obj</file>
         <name>startup_msp432p401r_ccs.obj</name>
      </input_file>
      <input_file id="fl-4">
         <path>.\</path>
         <kind>object</kind>
         <file>system_msp432p401r.obj</file>
         <name>system_msp432p401r.obj</name>
      </input_file>
      <input_file id="fl-5">
         <path>.\driverlib\MSP432P4xx\</path>
         <kind>object</kind>
         <file>adc14.obj</file>
         <name>adc14.obj</name>
      </input_file>
      <input_file id="fl-6">
         <path>.\driverlib\MSP432P4xx\</path>
         <kind>object</kind>
         <file>aes256.obj</file>
         <name>aes256.obj</name>
      </input_file>
      <input_file id="fl-7">
         <path>.\driverlib\MSP432P4xx\</path>
         <kind>object</kind>
         <file>comp_e.obj</file>
         <name>comp_e.obj</name>
      </input_file>
      <input_file id="fl-8">
         <path>.\driverlib\MSP432P4xx\</path>
         <kind>object</kind>
         <file>cpu.obj</file>
         <name>cpu.obj</name>
      </input_file>
      <input_file id="fl-9">
         <path>.\driverlib\MSP432P4xx\</path>
         <kind>object</kind>
         <file>crc32.obj</file>
         <name>crc32.obj</name>
      </input_file>
      <input_file id="fl-a">
         <path>.\driverlib\MSP432P4xx\</path>
         <kind>object</kind>
         <file>cs.obj</file>
         <name>cs.obj</name>
      </input_file>
      <input_file id="fl-b">
         <path>.\driverlib\MSP432P4xx\</path>
         <kind>object</kind>
         <file>dma.obj</file>
         <name>dma.obj</name>
      </input_file>
      <input_file id="fl-c">
         <path>.\driverlib\MSP432P4xx\</path>
         <kind>object</kind>
         <file>flash.obj</file>
         <name>flash.obj</name>
      </input_file>
      <input_file id="fl-d">
         <path>.\driverlib\MSP432P4xx\</path>
         <kind>object</kind>
         <file>fpu.obj</file>
         <name>fpu.obj</name>
      </input_file>
      <input_file id="fl-e">
         <path>.\driverlib\MSP432P4xx\</path>
         <kind>object</kind>
         <file>gpio.obj</file>
         <name>gpio.obj</name>
      </input_file>
      <input_file id="fl-f">
         <path>.\driverlib\MSP432P4xx\</path>
         <kind>object</kind>
         <file>i2c.obj</file>
         <name>i2c.obj</name>
      </input_file>
      <input_file id="fl-10">
         <path>.\driverlib\MSP432P4xx\</path>
         <kind>object</kind>
         <file>interrupt.obj</file>
         <name>interrupt.obj</name>
      </input_file>
      <input_file id="fl-11">
         <path>.\driverlib\MSP432P4xx\</path>
         <kind>object</kind>
         <file>mpu.obj</file>
         <name>mpu.obj</name>
      </input_file>
      <input_file id="fl-12">
         <path>.\driverlib\MSP432P4xx\</path>
         <kind>object</kind>
         <file>pcm.obj</file>
         <name>pcm.obj</name>
      </input_file>
      <input_file id="fl-13">
         <path>.\driverlib\MSP432P4xx\</path>
         <kind>object</kind>
         <file>pmap.obj</file>
         <name>pmap.obj</name>
      </input_file>
      <input_file id="fl-14">
         <path>.\driverlib\MSP432P4xx\</path>
         <kind>object</kind>
         <file>pss.obj</file>
         <name>pss.obj</name>
      </input_file>
      <input_file id="fl-15">
         <path>.\driverlib\MSP432P4xx\</path>
         <kind>object</kind>
         <file>ref_a.obj</file>
         <name>ref_a.obj</name>
      </input_file>
      <input_file id="fl-16">
         <path>.\driverlib\MSP432P4xx\</path>
         <kind>object</kind>
         <file>reset.obj</file>
         <name>reset.obj</name>
      </input_file>
      <input_file id="fl-17">
         <path>.\driverlib\MSP432P4xx\</path>
         <kind>object</kind>
         <file>rtc_c.obj</file>
         <name>rtc_c.obj</name>
      </input_file>
      <input_file id="fl-18">
         <path>.\driverlib\MSP432P4xx\</path>
         <kind>object</kind>
         <file>spi.obj</file>
         <name>spi.obj</name>
      </input_file>
      <input_file id="fl-19">
         <path>.\driverlib\MSP432P4xx\</path>
         <kind>object</kind>
         <file>sysctl.obj</file>
         <name>sysctl.obj</name>
      </input_file>
      <input_file id="fl-1a">
         <path>.\driverlib\MSP432P4xx\</path>
         <kind>object</kind>
         <file>systick.obj</file>
         <name>systick.obj</name>
      </input_file>
      <input_file id="fl-1b">
         <path>.\driverlib\MSP432P4xx\</path>
         <kind>object</kind>
         <file>timer32.obj</file>
         <name>timer32.obj</name>
      </input_file>
      <input_file id="fl-1c">
         <path>.\driverlib\MSP432P4xx\</path>
         <kind>object</kind>
         <file>timer_a.obj</file>
         <name>timer_a.obj</name>
      </input_file>
      <input_file id="fl-1d">
         <path>.\driverlib\MSP432P4xx\</path>
         <kind>object</kind>
         <file>uart.obj</file>
         <name>uart.obj</name>
      </input_file>
      <input_file id="fl-1e">
         <path>.\driverlib\MSP432P4xx\</path>
         <kind>object</kind>
         <file>wdt_a.obj</file>
         <name>wdt_a.obj</name>
      </input_file>
      <input_file id="fl-22">
         <kind>object</kind>
         <file>&lt;internal&gt;</file>
         <name>&lt;internal&gt;</name>
      </input_file>
      <input_file id="fl-d8">
         <path>C:\ti\ccs910\ccs\tools\compiler\ti-cgt-arm_18.12.2.LTS\lib\</path>
         <kind>archive</kind>
         <file>rtsv7M4_T_le_v4SPD16_eabi.lib</file>
         <name>printf.c.obj</name>
      </input_file>
      <input_file id="fl-d9">
         <path>C:\ti\ccs910\ccs\tools\compiler\ti-cgt-arm_18.12.2.LTS\lib\</path>
         <kind>archive</kind>
         <file>rtsv7M4_T_le_v4SPD16_eabi.lib</file>
         <name>_printfi.c.obj</name>
      </input_file>
      <input_file id="fl-da">
         <path>C:\ti\ccs910\ccs\tools\compiler\ti-cgt-arm_18.12.2.LTS\lib\</path>
         <kind>archive</kind>
         <file>rtsv7M4_T_le_v4SPD16_eabi.lib</file>
         <name>fputc.c.obj</name>
      </input_file>
      <input_file id="fl-db">
         <path>C:\ti\ccs910\ccs\tools\compiler\ti-cgt-arm_18.12.2.LTS\lib\</path>
         <kind>archive</kind>
         <file>rtsv7M4_T_le_v4SPD16_eabi.lib</file>
         <name>fputs.c.obj</name>
      </input_file>
      <input_file id="fl-dc">
         <path>C:\ti\ccs910\ccs\tools\compiler\ti-cgt-arm_18.12.2.LTS\lib\</path>
         <kind>archive</kind>
         <file>rtsv7M4_T_le_v4SPD16_eabi.lib</file>
         <name>_io_perm.c.obj</name>
      </input_file>
      <input_file id="fl-dd">
         <path>C:\ti\ccs910\ccs\tools\compiler\ti-cgt-arm_18.12.2.LTS\lib\</path>
         <kind>archive</kind>
         <file>rtsv7M4_T_le_v4SPD16_eabi.lib</file>
         <name>setvbuf.c.obj</name>
      </input_file>
      <input_file id="fl-de">
         <path>C:\ti\ccs910\ccs\tools\compiler\ti-cgt-arm_18.12.2.LTS\lib\</path>
         <kind>archive</kind>
         <file>rtsv7M4_T_le_v4SPD16_eabi.lib</file>
         <name>s_frexp.c.obj</name>
      </input_file>
      <input_file id="fl-df">
         <path>C:\ti\ccs910\ccs\tools\compiler\ti-cgt-arm_18.12.2.LTS\lib\</path>
         <kind>archive</kind>
         <file>rtsv7M4_T_le_v4SPD16_eabi.lib</file>
         <name>s_scalbn.c.obj</name>
      </input_file>
      <input_file id="fl-e0">
         <path>C:\ti\ccs910\ccs\tools\compiler\ti-cgt-arm_18.12.2.LTS\lib\</path>
         <kind>archive</kind>
         <file>rtsv7M4_T_le_v4SPD16_eabi.lib</file>
         <name>ull_div_t2.asm.obj</name>
      </input_file>
      <input_file id="fl-e1">
         <path>C:\ti\ccs910\ccs\tools\compiler\ti-cgt-arm_18.12.2.LTS\lib\</path>
         <kind>archive</kind>
         <file>rtsv7M4_T_le_v4SPD16_eabi.lib</file>
         <name>memset_t2.asm.obj</name>
      </input_file>
      <input_file id="fl-e2">
         <path>C:\ti\ccs910\ccs\tools\compiler\ti-cgt-arm_18.12.2.LTS\lib\</path>
         <kind>archive</kind>
         <file>rtsv7M4_T_le_v4SPD16_eabi.lib</file>
         <name>fd_add_t2.asm.obj</name>
      </input_file>
      <input_file id="fl-e3">
         <path>C:\ti\ccs910\ccs\tools\compiler\ti-cgt-arm_18.12.2.LTS\lib\</path>
         <kind>archive</kind>
         <file>rtsv7M4_T_le_v4SPD16_eabi.lib</file>
         <name>fd_cmp_t2.asm.obj</name>
      </input_file>
      <input_file id="fl-e4">
         <path>C:\ti\ccs910\ccs\tools\compiler\ti-cgt-arm_18.12.2.LTS\lib\</path>
         <kind>archive</kind>
         <file>rtsv7M4_T_le_v4SPD16_eabi.lib</file>
         <name>fd_div_t2.asm.obj</name>
      </input_file>
      <input_file id="fl-e5">
         <path>C:\ti\ccs910\ccs\tools\compiler\ti-cgt-arm_18.12.2.LTS\lib\</path>
         <kind>archive</kind>
         <file>rtsv7M4_T_le_v4SPD16_eabi.lib</file>
         <name>fd_mul_t2.asm.obj</name>
      </input_file>
      <input_file id="fl-e6">
         <path>C:\ti\ccs910\ccs\tools\compiler\ti-cgt-arm_18.12.2.LTS\lib\</path>
         <kind>archive</kind>
         <file>rtsv7M4_T_le_v4SPD16_eabi.lib</file>
         <name>fd_toi_t2.asm.obj</name>
      </input_file>
      <input_file id="fl-e7">
         <path>C:\ti\ccs910\ccs\tools\compiler\ti-cgt-arm_18.12.2.LTS\lib\</path>
         <kind>archive</kind>
         <file>rtsv7M4_T_le_v4SPD16_eabi.lib</file>
         <name>i_tofd_t2.asm.obj</name>
      </input_file>
      <input_file id="fl-e8">
         <path>C:\ti\ccs910\ccs\tools\compiler\ti-cgt-arm_18.12.2.LTS\lib\</path>
         <kind>archive</kind>
         <file>rtsv7M4_T_le_v4SPD16_eabi.lib</file>
         <name>memcpy_t2.asm.obj</name>
      </input_file>
      <input_file id="fl-e9">
         <path>C:\ti\ccs910\ccs\tools\compiler\ti-cgt-arm_18.12.2.LTS\lib\</path>
         <kind>archive</kind>
         <file>rtsv7M4_T_le_v4SPD16_eabi.lib</file>
         <name>copy_zero_init.c.obj</name>
      </input_file>
      <input_file id="fl-ea">
         <path>C:\ti\ccs910\ccs\tools\compiler\ti-cgt-arm_18.12.2.LTS\lib\</path>
         <kind>archive</kind>
         <file>rtsv7M4_T_le_v4SPD16_eabi.lib</file>
         <name>copy_decompress_none.c.obj</name>
      </input_file>
      <input_file id="fl-eb">
         <path>C:\ti\ccs910\ccs\tools\compiler\ti-cgt-arm_18.12.2.LTS\lib\</path>
         <kind>archive</kind>
         <file>rtsv7M4_T_le_v4SPD16_eabi.lib</file>
         <name>copy_decompress_lzss.c.obj</name>
      </input_file>
      <input_file id="fl-ec">
         <path>C:\ti\ccs910\ccs\tools\compiler\ti-cgt-arm_18.12.2.LTS\lib\</path>
         <kind>archive</kind>
         <file>rtsv7M4_T_le_v4SPD16_eabi.lib</file>
         <name>exit.c.obj</name>
      </input_file>
      <input_file id="fl-ed">
         <path>C:\ti\ccs910\ccs\tools\compiler\ti-cgt-arm_18.12.2.LTS\lib\</path>
         <kind>archive</kind>
         <file>rtsv7M4_T_le_v4SPD16_eabi.lib</file>
         <name>_lock.c.obj</name>
      </input_file>
      <input_file id="fl-ee">
         <path>C:\ti\ccs910\ccs\tools\compiler\ti-cgt-arm_18.12.2.LTS\lib\</path>
         <kind>archive</kind>
         <file>rtsv7M4_T_le_v4SPD16_eabi.lib</file>
         <name>atoi.c.obj</name>
      </input_file>
      <input_file id="fl-ef">
         <path>C:\ti\ccs910\ccs\tools\compiler\ti-cgt-arm_18.12.2.LTS\lib\</path>
         <kind>archive</kind>
         <file>rtsv7M4_T_le_v4SPD16_eabi.lib</file>
         <name>ctype.c.obj</name>
      </input_file>
      <input_file id="fl-f0">
         <path>C:\ti\ccs910\ccs\tools\compiler\ti-cgt-arm_18.12.2.LTS\lib\</path>
         <kind>archive</kind>
         <file>rtsv7M4_T_le_v4SPD16_eabi.lib</file>
         <name>defs.c.obj</name>
      </input_file>
      <input_file id="fl-f1">
         <path>C:\ti\ccs910\ccs\tools\compiler\ti-cgt-arm_18.12.2.LTS\lib\</path>
         <kind>archive</kind>
         <file>rtsv7M4_T_le_v4SPD16_eabi.lib</file>
         <name>ltoa.c.obj</name>
      </input_file>
      <input_file id="fl-f2">
         <path>C:\ti\ccs910\ccs\tools\compiler\ti-cgt-arm_18.12.2.LTS\lib\</path>
         <kind>archive</kind>
         <file>rtsv7M4_T_le_v4SPD16_eabi.lib</file>
         <name>memccpy.c.obj</name>
      </input_file>
      <input_file id="fl-f3">
         <path>C:\ti\ccs910\ccs\tools\compiler\ti-cgt-arm_18.12.2.LTS\lib\</path>
         <kind>archive</kind>
         <file>rtsv7M4_T_le_v4SPD16_eabi.lib</file>
         <name>memchr.c.obj</name>
      </input_file>
      <input_file id="fl-f4">
         <path>C:\ti\ccs910\ccs\tools\compiler\ti-cgt-arm_18.12.2.LTS\lib\</path>
         <kind>archive</kind>
         <file>rtsv7M4_T_le_v4SPD16_eabi.lib</file>
         <name>memory.c.obj</name>
      </input_file>
      <input_file id="fl-f5">
         <path>C:\ti\ccs910\ccs\tools\compiler\ti-cgt-arm_18.12.2.LTS\lib\</path>
         <kind>archive</kind>
         <file>rtsv7M4_T_le_v4SPD16_eabi.lib</file>
         <name>strchr.c.obj</name>
      </input_file>
      <input_file id="fl-f6">
         <path>C:\ti\ccs910\ccs\tools\compiler\ti-cgt-arm_18.12.2.LTS\lib\</path>
         <kind>archive</kind>
         <file>rtsv7M4_T_le_v4SPD16_eabi.lib</file>
         <name>strlen.c.obj</name>
      </input_file>
      <input_file id="fl-f7">
         <path>C:\ti\ccs910\ccs\tools\compiler\ti-cgt-arm_18.12.2.LTS\lib\</path>
         <kind>archive</kind>
         <file>rtsv7M4_T_le_v4SPD16_eabi.lib</file>
         <name>write.c.obj</name>
      </input_file>
      <input_file id="fl-f8">
         <path>C:\ti\ccs910\ccs\tools\compiler\ti-cgt-arm_18.12.2.LTS\lib\</path>
         <kind>archive</kind>
         <file>rtsv7M4_T_le_v4SPD16_eabi.lib</file>
         <name>host_device.c.obj</name>
      </input_file>
      <input_file id="fl-f9">
         <path>C:\ti\ccs910\ccs\tools\compiler\ti-cgt-arm_18.12.2.LTS\lib\</path>
         <kind>archive</kind>
         <file>rtsv7M4_T_le_v4SPD16_eabi.lib</file>
         <name>boot_cortex_m.c.obj</name>
      </input_file>
      <input_file id="fl-fa">
         <path>C:\ti\ccs910\ccs\tools\compiler\ti-cgt-arm_18.12.2.LTS\lib\</path>
         <kind>archive</kind>
         <file>rtsv7M4_T_le_v4SPD16_eabi.lib</file>
         <name>errno.c.obj</name>
      </input_file>
      <input_file id="fl-fb">
         <path>C:\ti\ccs910\ccs\tools\compiler\ti-cgt-arm_18.12.2.LTS\lib\</path>
         <kind>archive</kind>
         <file>rtsv7M4_T_le_v4SPD16_eabi.lib</file>
         <name>wcslen.c.obj</name>
      </input_file>
      <input_file id="fl-fc">
         <path>C:\ti\ccs910\ccs\tools\compiler\ti-cgt-arm_18.12.2.LTS\lib\</path>
         <kind>archive</kind>
         <file>rtsv7M4_T_le_v4SPD16_eabi.lib</file>
         <name>s_copysign.c.obj</name>
      </input_file>
      <input_file id="fl-fd">
         <path>C:\ti\ccs910\ccs\tools\compiler\ti-cgt-arm_18.12.2.LTS\lib\</path>
         <kind>archive</kind>
         <file>rtsv7M4_T_le_v4SPD16_eabi.lib</file>
         <name>fflush.c.obj</name>
      </input_file>
      <input_file id="fl-fe">
         <path>C:\ti\ccs910\ccs\tools\compiler\ti-cgt-arm_18.12.2.LTS\lib\</path>
         <kind>archive</kind>
         <file>rtsv7M4_T_le_v4SPD16_eabi.lib</file>
         <name>fopen.c.obj</name>
      </input_file>
      <input_file id="fl-ff">
         <path>C:\ti\ccs910\ccs\tools\compiler\ti-cgt-arm_18.12.2.LTS\lib\</path>
         <kind>archive</kind>
         <file>rtsv7M4_T_le_v4SPD16_eabi.lib</file>
         <name>fseek.c.obj</name>
      </input_file>
      <input_file id="fl-100">
         <path>C:\ti\ccs910\ccs\tools\compiler\ti-cgt-arm_18.12.2.LTS\lib\</path>
         <kind>archive</kind>
         <file>rtsv7M4_T_le_v4SPD16_eabi.lib</file>
         <name>div0.asm.obj</name>
      </input_file>
      <input_file id="fl-101">
         <path>C:\ti\ccs910\ccs\tools\compiler\ti-cgt-arm_18.12.2.LTS\lib\</path>
         <kind>archive</kind>
         <file>rtsv7M4_T_le_v4SPD16_eabi.lib</file>
         <name>autoinit.c.obj</name>
      </input_file>
      <input_file id="fl-102">
         <path>C:\ti\ccs910\ccs\tools\compiler\ti-cgt-arm_18.12.2.LTS\lib\</path>
         <kind>archive</kind>
         <file>rtsv7M4_T_le_v4SPD16_eabi.lib</file>
         <name>pre_init.c.obj</name>
      </input_file>
      <input_file id="fl-103">
         <path>C:\ti\ccs910\ccs\tools\compiler\ti-cgt-arm_18.12.2.LTS\lib\</path>
         <kind>archive</kind>
         <file>rtsv7M4_T_le_v4SPD16_eabi.lib</file>
         <name>cpy_tbl.c.obj</name>
      </input_file>
      <input_file id="fl-104">
         <path>C:\ti\ccs910\ccs\tools\compiler\ti-cgt-arm_18.12.2.LTS\lib\</path>
         <kind>archive</kind>
         <file>rtsv7M4_T_le_v4SPD16_eabi.lib</file>
         <name>args_main.c.obj</name>
      </input_file>
      <input_file id="fl-105">
         <path>C:\ti\ccs910\ccs\tools\compiler\ti-cgt-arm_18.12.2.LTS\lib\</path>
         <kind>archive</kind>
         <file>rtsv7M4_T_le_v4SPD16_eabi.lib</file>
         <name>hostclose.c.obj</name>
      </input_file>
      <input_file id="fl-106">
         <path>C:\ti\ccs910\ccs\tools\compiler\ti-cgt-arm_18.12.2.LTS\lib\</path>
         <kind>archive</kind>
         <file>rtsv7M4_T_le_v4SPD16_eabi.lib</file>
         <name>hostlseek.c.obj</name>
      </input_file>
      <input_file id="fl-107">
         <path>C:\ti\ccs910\ccs\tools\compiler\ti-cgt-arm_18.12.2.LTS\lib\</path>
         <kind>archive</kind>
         <file>rtsv7M4_T_le_v4SPD16_eabi.lib</file>
         <name>hostopen.c.obj</name>
      </input_file>
      <input_file id="fl-108">
         <path>C:\ti\ccs910\ccs\tools\compiler\ti-cgt-arm_18.12.2.LTS\lib\</path>
         <kind>archive</kind>
         <file>rtsv7M4_T_le_v4SPD16_eabi.lib</file>
         <name>hostread.c.obj</name>
      </input_file>
      <input_file id="fl-109">
         <path>C:\ti\ccs910\ccs\tools\compiler\ti-cgt-arm_18.12.2.LTS\lib\</path>
         <kind>archive</kind>
         <file>rtsv7M4_T_le_v4SPD16_eabi.lib</file>
         <name>hostrename.c.obj</name>
      </input_file>
      <input_file id="fl-10a">
         <path>C:\ti\ccs910\ccs\tools\compiler\ti-cgt-arm_18.12.2.LTS\lib\</path>
         <kind>archive</kind>
         <file>rtsv7M4_T_le_v4SPD16_eabi.lib</file>
         <name>hostunlink.c.obj</name>
      </input_file>
      <input_file id="fl-10b">
         <path>C:\ti\ccs910\ccs\tools\compiler\ti-cgt-arm_18.12.2.LTS\lib\</path>
         <kind>archive</kind>
         <file>rtsv7M4_T_le_v4SPD16_eabi.lib</file>
         <name>hostwrite.c.obj</name>
      </input_file>
      <input_file id="fl-10c">
         <path>C:\ti\ccs910\ccs\tools\compiler\ti-cgt-arm_18.12.2.LTS\lib\</path>
         <kind>archive</kind>
         <file>rtsv7M4_T_le_v4SPD16_eabi.lib</file>
         <name>trgmsg.c.obj</name>
      </input_file>
      <input_file id="fl-10d">
         <path>C:\ti\ccs910\ccs\tools\compiler\ti-cgt-arm_18.12.2.LTS\lib\</path>
         <kind>archive</kind>
         <file>rtsv7M4_T_le_v4SPD16_eabi.lib</file>
         <name>open.c.obj</name>
      </input_file>
      <input_file id="fl-10e">
         <path>C:\ti\ccs910\ccs\tools\compiler\ti-cgt-arm_18.12.2.LTS\lib\</path>
         <kind>archive</kind>
         <file>rtsv7M4_T_le_v4SPD16_eabi.lib</file>
         <name>lseek.c.obj</name>
      </input_file>
      <input_file id="fl-10f">
         <path>C:\ti\ccs910\ccs\tools\compiler\ti-cgt-arm_18.12.2.LTS\lib\</path>
         <kind>archive</kind>
         <file>rtsv7M4_T_le_v4SPD16_eabi.lib</file>
         <name>fclose.c.obj</name>
      </input_file>
      <input_file id="fl-110">
         <path>C:\ti\ccs910\ccs\tools\compiler\ti-cgt-arm_18.12.2.LTS\lib\</path>
         <kind>archive</kind>
         <file>rtsv7M4_T_le_v4SPD16_eabi.lib</file>
         <name>getdevice.c.obj</name>
      </input_file>
      <input_file id="fl-111">
         <path>C:\ti\ccs910\ccs\tools\compiler\ti-cgt-arm_18.12.2.LTS\lib\</path>
         <kind>archive</kind>
         <file>rtsv7M4_T_le_v4SPD16_eabi.lib</file>
         <name>strcmp.c.obj</name>
      </input_file>
      <input_file id="fl-112">
         <path>C:\ti\ccs910\ccs\tools\compiler\ti-cgt-arm_18.12.2.LTS\lib\</path>
         <kind>archive</kind>
         <file>rtsv7M4_T_le_v4SPD16_eabi.lib</file>
         <name>strcpy.c.obj</name>
      </input_file>
      <input_file id="fl-113">
         <path>C:\ti\ccs910\ccs\tools\compiler\ti-cgt-arm_18.12.2.LTS\lib\</path>
         <kind>archive</kind>
         <file>rtsv7M4_T_le_v4SPD16_eabi.lib</file>
         <name>strncpy.c.obj</name>
      </input_file>
      <input_file id="fl-114">
         <path>C:\ti\ccs910\ccs\tools\compiler\ti-cgt-arm_18.12.2.LTS\lib\</path>
         <kind>archive</kind>
         <file>rtsv7M4_T_le_v4SPD16_eabi.lib</file>
         <name>remove.c.obj</name>
      </input_file>
      <input_file id="fl-115">
         <path>C:\ti\ccs910\ccs\tools\compiler\ti-cgt-arm_18.12.2.LTS\lib\</path>
         <kind>archive</kind>
         <file>rtsv7M4_T_le_v4SPD16_eabi.lib</file>
         <name>close.c.obj</name>
      </input_file>
      <input_file id="fl-116">
         <path>C:\ti\ccs910\ccs\tools\compiler\ti-cgt-arm_18.12.2.LTS\lib\</path>
         <kind>archive</kind>
         <file>rtsv7M4_T_le_v4SPD16_eabi.lib</file>
         <name>unlink.c.obj</name>
      </input_file>
   </input_file_list>
   <object_component_list>
      <object_component id="oc-23">
         <name>.intvecs:retain</name>
         <load_address>0x0</load_address>
         <run_address>0x0</run_address>
         <size>0xe4</size>
         <input_file_ref idref="fl-3"/>
      </object_component>
      <object_component id="oc-b6">
         <name>.text</name>
         <load_address>0xe4</load_address>
         <run_address>0xe4</run_address>
         <size>0xd7c</size>
         <input_file_ref idref="fl-a"/>
      </object_component>
      <object_component id="oc-18e">
         <name>.text:__TI_printfi</name>
         <load_address>0xe60</load_address>
         <run_address>0xe60</run_address>
         <size>0xa4e</size>
         <input_file_ref idref="fl-d9"/>
      </object_component>
      <object_component id="oc-261">
         <name>.text:_nop</name>
         <load_address>0x18ae</load_address>
         <run_address>0x18ae</run_address>
         <size>0x2</size>
         <input_file_ref idref="fl-ed"/>
      </object_component>
      <object_component id="oc-ce">
         <name>.text</name>
         <load_address>0x18b0</load_address>
         <run_address>0x18b0</run_address>
         <size>0x7a8</size>
         <input_file_ref idref="fl-f"/>
      </object_component>
      <object_component id="oc-c8">
         <name>.text</name>
         <load_address>0x2058</load_address>
         <run_address>0x2058</run_address>
         <size>0x798</size>
         <input_file_ref idref="fl-1c"/>
      </object_component>
      <object_component id="oc-bc">
         <name>.text</name>
         <load_address>0x27f0</load_address>
         <run_address>0x27f0</run_address>
         <size>0x480</size>
         <input_file_ref idref="fl-e"/>
      </object_component>
      <object_component id="oc-c2">
         <name>.text</name>
         <load_address>0x2c70</load_address>
         <run_address>0x2c70</run_address>
         <size>0x3f0</size>
         <input_file_ref idref="fl-10"/>
      </object_component>
      <object_component id="oc-a9">
         <name>.text</name>
         <load_address>0x3060</load_address>
         <run_address>0x3060</run_address>
         <size>0x334</size>
         <input_file_ref idref="fl-4"/>
      </object_component>
      <object_component id="oc-23d">
         <name>.text:_pconv_a</name>
         <load_address>0x3394</load_address>
         <run_address>0x3394</run_address>
         <size>0x270</size>
         <input_file_ref idref="fl-d9"/>
      </object_component>
      <object_component id="oc-6d">
         <name>.text</name>
         <load_address>0x3604</load_address>
         <run_address>0x3604</run_address>
         <size>0x270</size>
         <input_file_ref idref="fl-2"/>
      </object_component>
      <object_component id="oc-153">
         <name>.text</name>
         <load_address>0x3874</load_address>
         <run_address>0x3874</run_address>
         <size>0x244</size>
         <input_file_ref idref="fl-19"/>
      </object_component>
      <object_component id="oc-22b">
         <name>.text:_pconv_g</name>
         <load_address>0x3ab8</load_address>
         <run_address>0x3ab8</run_address>
         <size>0x1d0</size>
         <input_file_ref idref="fl-d9"/>
      </object_component>
      <object_component id="oc-2cc">
         <name>.text</name>
         <load_address>0x3c88</load_address>
         <run_address>0x3c88</run_address>
         <size>0x1b6</size>
         <input_file_ref idref="fl-e2"/>
      </object_component>
      <object_component id="oc-352">
         <name>.text</name>
         <load_address>0x3e3e</load_address>
         <run_address>0x3e3e</run_address>
         <size>0x2</size>
         <input_file_ref idref="fl-100"/>
      </object_component>
      <object_component id="oc-237">
         <name>.text:_pconv_e</name>
         <load_address>0x3e40</load_address>
         <run_address>0x3e40</run_address>
         <size>0x13c</size>
         <input_file_ref idref="fl-d9"/>
      </object_component>
      <object_component id="oc-2b2">
         <name>.text</name>
         <load_address>0x3f7c</load_address>
         <run_address>0x3f7c</run_address>
         <size>0x136</size>
         <input_file_ref idref="fl-e4"/>
      </object_component>
      <object_component id="oc-2de">
         <name>.text:fcvt</name>
         <load_address>0x40b4</load_address>
         <run_address>0x40b4</run_address>
         <size>0x124</size>
         <input_file_ref idref="fl-d9"/>
      </object_component>
      <object_component id="oc-26f">
         <name>.text:fputs</name>
         <load_address>0x41d8</load_address>
         <run_address>0x41d8</run_address>
         <size>0x114</size>
         <input_file_ref idref="fl-db"/>
      </object_component>
      <object_component id="oc-2f2">
         <name>.text:scalbn</name>
         <load_address>0x42ec</load_address>
         <run_address>0x42ec</run_address>
         <size>0x110</size>
         <input_file_ref idref="fl-df"/>
      </object_component>
      <object_component id="oc-2ad">
         <name>.text</name>
         <load_address>0x43fc</load_address>
         <run_address>0x43fc</run_address>
         <size>0xfc</size>
         <input_file_ref idref="fl-e5"/>
      </object_component>
      <object_component id="oc-3fd">
         <name>.text:aligned_alloc</name>
         <load_address>0x44f8</load_address>
         <run_address>0x44f8</run_address>
         <size>0xf4</size>
         <input_file_ref idref="fl-f4"/>
      </object_component>
      <object_component id="oc-3bb">
         <name>.text:free</name>
         <load_address>0x45ec</load_address>
         <run_address>0x45ec</run_address>
         <size>0xe8</size>
         <input_file_ref idref="fl-f4"/>
      </object_component>
      <object_component id="oc-38d">
         <name>.text:setvbuf</name>
         <load_address>0x46d4</load_address>
         <run_address>0x46d4</run_address>
         <size>0xdc</size>
         <input_file_ref idref="fl-dd"/>
      </object_component>
      <object_component id="oc-b0">
         <name>.text</name>
         <load_address>0x47b0</load_address>
         <run_address>0x47b0</run_address>
         <size>0xd8</size>
         <input_file_ref idref="fl-1e"/>
      </object_component>
      <object_component id="oc-220">
         <name>.text:_ltostr</name>
         <load_address>0x4888</load_address>
         <run_address>0x4888</run_address>
         <size>0xb1</size>
         <input_file_ref idref="fl-d9"/>
      </object_component>
      <object_component id="oc-37">
         <name>.text</name>
         <load_address>0x493a</load_address>
         <run_address>0x493a</run_address>
         <size>0x9c</size>
         <input_file_ref idref="fl-e8"/>
      </object_component>
      <object_component id="oc-2a6">
         <name>.text</name>
         <load_address>0x49d6</load_address>
         <run_address>0x49d6</run_address>
         <size>0x96</size>
         <input_file_ref idref="fl-e0"/>
      </object_component>
      <object_component id="oc-276">
         <name>.text:fputc</name>
         <load_address>0x4a6c</load_address>
         <run_address>0x4a6c</run_address>
         <size>0x8c</size>
         <input_file_ref idref="fl-da"/>
      </object_component>
      <object_component id="oc-226">
         <name>.text:__aeabi_cdcmple</name>
         <load_address>0x4af8</load_address>
         <run_address>0x4af8</run_address>
         <size>0x86</size>
         <input_file_ref idref="fl-e3"/>
      </object_component>
      <object_component id="oc-2b7">
         <name>.text:__aeabi_cdrcmple</name>
         <load_address>0x4b7e</load_address>
         <run_address>0x4b7e</run_address>
         <size>0x86</size>
         <input_file_ref idref="fl-e3"/>
      </object_component>
      <object_component id="oc-445">
         <name>.text:split</name>
         <load_address>0x4c04</load_address>
         <run_address>0x4c04</run_address>
         <size>0x7c</size>
         <input_file_ref idref="fl-f4"/>
      </object_component>
      <object_component id="oc-91">
         <name>.text</name>
         <load_address>0x4c80</load_address>
         <run_address>0x4c80</run_address>
         <size>0x7a</size>
         <input_file_ref idref="fl-e1"/>
      </object_component>
      <object_component id="oc-404">
         <name>.text:__TI_closefile</name>
         <load_address>0x4cfc</load_address>
         <run_address>0x4cfc</run_address>
         <size>0x74</size>
         <input_file_ref idref="fl-10f"/>
      </object_component>
      <object_component id="oc-2d7">
         <name>.text:_mcpy</name>
         <load_address>0x4d70</load_address>
         <run_address>0x4d70</run_address>
         <size>0x6e</size>
         <input_file_ref idref="fl-d9"/>
      </object_component>
      <object_component id="oc-428">
         <name>.text:HOSTlseek</name>
         <load_address>0x4de0</load_address>
         <run_address>0x4de0</run_address>
         <size>0x68</size>
         <input_file_ref idref="fl-106"/>
      </object_component>
      <object_component id="oc-434">
         <name>.text:HOSTrename</name>
         <load_address>0x4e48</load_address>
         <run_address>0x4e48</run_address>
         <size>0x68</size>
         <input_file_ref idref="fl-109"/>
      </object_component>
      <object_component id="oc-14">
         <name>.text:decompress:lzss:__TI_decompress_lzss</name>
         <load_address>0x4eb0</load_address>
         <run_address>0x4eb0</run_address>
         <size>0x68</size>
         <input_file_ref idref="fl-eb"/>
      </object_component>
      <object_component id="oc-d4">
         <name>.text:printf</name>
         <load_address>0x4f18</load_address>
         <run_address>0x4f18</run_address>
         <size>0x68</size>
         <input_file_ref idref="fl-d8"/>
      </object_component>
      <object_component id="oc-2ec">
         <name>.text:frexp</name>
         <load_address>0x4f80</load_address>
         <run_address>0x4f80</run_address>
         <size>0x64</size>
         <input_file_ref idref="fl-de"/>
      </object_component>
      <object_component id="oc-387">
         <name>.text:fseek</name>
         <load_address>0x4fe4</load_address>
         <run_address>0x4fe4</run_address>
         <size>0x64</size>
         <input_file_ref idref="fl-ff"/>
      </object_component>
      <object_component id="oc-323">
         <name>.text:__TI_wrt_ok</name>
         <load_address>0x5048</load_address>
         <run_address>0x5048</run_address>
         <size>0x62</size>
         <input_file_ref idref="fl-dc"/>
      </object_component>
      <object_component id="oc-410">
         <name>.text:HOSTopen</name>
         <load_address>0x50ac</load_address>
         <run_address>0x50ac</run_address>
         <size>0x60</size>
         <input_file_ref idref="fl-107"/>
      </object_component>
      <object_component id="oc-44c">
         <name>.text:close</name>
         <load_address>0x510c</load_address>
         <run_address>0x510c</run_address>
         <size>0x5c</size>
         <input_file_ref idref="fl-115"/>
      </object_component>
      <object_component id="oc-41c">
         <name>.text:HOSTread</name>
         <load_address>0x5168</load_address>
         <run_address>0x5168</run_address>
         <size>0x58</size>
         <input_file_ref idref="fl-108"/>
      </object_component>
      <object_component id="oc-422">
         <name>.text:HOSTwrite</name>
         <load_address>0x51c0</load_address>
         <run_address>0x51c0</run_address>
         <size>0x58</size>
         <input_file_ref idref="fl-10b"/>
      </object_component>
      <object_component id="oc-231">
         <name>.text:_pconv_f</name>
         <load_address>0x5218</load_address>
         <run_address>0x5218</run_address>
         <size>0x56</size>
         <input_file_ref idref="fl-d9"/>
      </object_component>
      <object_component id="oc-2c1">
         <name>.text:ltoa</name>
         <load_address>0x526e</load_address>
         <run_address>0x526e</run_address>
         <size>0x54</size>
         <input_file_ref idref="fl-f1"/>
      </object_component>
      <object_component id="oc-2d1">
         <name>.text:_ecpy</name>
         <load_address>0x52c2</load_address>
         <run_address>0x52c2</run_address>
         <size>0x52</size>
         <input_file_ref idref="fl-d9"/>
      </object_component>
      <object_component id="oc-32f">
         <name>.text:__TI_doflush</name>
         <load_address>0x5314</load_address>
         <run_address>0x5314</run_address>
         <size>0x4c</size>
         <input_file_ref idref="fl-fd"/>
      </object_component>
      <object_component id="oc-21a">
         <name>.text:atoi</name>
         <load_address>0x5360</load_address>
         <run_address>0x5360</run_address>
         <size>0x4c</size>
         <input_file_ref idref="fl-ee"/>
      </object_component>
      <object_component id="oc-112">
         <name>.text:exit</name>
         <load_address>0x53ac</load_address>
         <run_address>0x53ac</run_address>
         <size>0x48</size>
         <input_file_ref idref="fl-ec"/>
      </object_component>
      <object_component id="oc-2bc">
         <name>.text</name>
         <load_address>0x53f4</load_address>
         <run_address>0x53f4</run_address>
         <size>0x48</size>
         <input_file_ref idref="fl-e6"/>
      </object_component>
      <object_component id="oc-416">
         <name>.text:HOSTclose</name>
         <load_address>0x543c</load_address>
         <run_address>0x543c</run_address>
         <size>0x44</size>
         <input_file_ref idref="fl-105"/>
      </object_component>
      <object_component id="oc-42e">
         <name>.text:HOSTunlink</name>
         <load_address>0x5480</load_address>
         <run_address>0x5480</run_address>
         <size>0x44</size>
         <input_file_ref idref="fl-10a"/>
      </object_component>
      <object_component id="oc-118">
         <name>.text:__TI_auto_init_nobinit_nopinit:__TI_auto_init_nobinit_nopinit</name>
         <load_address>0x54c4</load_address>
         <run_address>0x54c4</run_address>
         <size>0x44</size>
         <input_file_ref idref="fl-101"/>
      </object_component>
      <object_component id="oc-484">
         <name>.text:getdevice</name>
         <load_address>0x5508</load_address>
         <run_address>0x5508</run_address>
         <size>0x44</size>
         <input_file_ref idref="fl-110"/>
      </object_component>
      <object_component id="oc-2e4">
         <name>.text:_fcpy</name>
         <load_address>0x554c</load_address>
         <run_address>0x554c</run_address>
         <size>0x3e</size>
         <input_file_ref idref="fl-d9"/>
      </object_component>
      <object_component id="oc-16d">
         <name>.text</name>
         <load_address>0x558a</load_address>
         <run_address>0x558a</run_address>
         <size>0x3e</size>
         <input_file_ref idref="fl-8"/>
      </object_component>
      <object_component id="oc-45d">
         <name>.text:__TI_writemsg</name>
         <load_address>0x55c8</load_address>
         <run_address>0x55c8</run_address>
         <size>0x38</size>
         <input_file_ref idref="fl-10c"/>
      </object_component>
      <object_component id="oc-4a6">
         <name>.text:strncpy</name>
         <load_address>0x5600</load_address>
         <run_address>0x5600</run_address>
         <size>0x36</size>
         <input_file_ref idref="fl-113"/>
      </object_component>
      <object_component id="oc-3c7">
         <name>.text:__TI_cleanup</name>
         <load_address>0x5638</load_address>
         <run_address>0x5638</run_address>
         <size>0x34</size>
         <input_file_ref idref="fl-fe"/>
      </object_component>
      <object_component id="oc-463">
         <name>.text:__TI_readmsg</name>
         <load_address>0x566c</load_address>
         <run_address>0x566c</run_address>
         <size>0x34</size>
         <input_file_ref idref="fl-10c"/>
      </object_component>
      <object_component id="oc-55">
         <name>.text:_c_int00_noargs:_c_int00_noargs</name>
         <load_address>0x56a0</load_address>
         <run_address>0x56a0</run_address>
         <size>0x34</size>
         <input_file_ref idref="fl-f9"/>
      </object_component>
      <object_component id="oc-4ac">
         <name>.text:finddevice</name>
         <load_address>0x56d4</load_address>
         <run_address>0x56d4</run_address>
         <size>0x30</size>
         <input_file_ref idref="fl-110"/>
      </object_component>
      <object_component id="oc-2c7">
         <name>.text</name>
         <load_address>0x5704</load_address>
         <run_address>0x5704</run_address>
         <size>0x2e</size>
         <input_file_ref idref="fl-e7"/>
      </object_component>
      <object_component id="oc-452">
         <name>.text:unlink</name>
         <load_address>0x5734</load_address>
         <run_address>0x5734</run_address>
         <size>0x2c</size>
         <input_file_ref idref="fl-116"/>
      </object_component>
      <object_component id="oc-3f6">
         <name>.text:free_list_insert</name>
         <load_address>0x5760</load_address>
         <run_address>0x5760</run_address>
         <size>0x28</size>
         <input_file_ref idref="fl-f4"/>
      </object_component>
      <object_component id="oc-3b3">
         <name>.text:lseek</name>
         <load_address>0x5788</load_address>
         <run_address>0x5788</run_address>
         <size>0x28</size>
         <input_file_ref idref="fl-10e"/>
      </object_component>
      <object_component id="oc-335">
         <name>.text:write</name>
         <load_address>0x57b0</load_address>
         <run_address>0x57b0</run_address>
         <size>0x28</size>
         <input_file_ref idref="fl-f7"/>
      </object_component>
      <object_component id="oc-329">
         <name>.text:memchr</name>
         <load_address>0x57d8</load_address>
         <run_address>0x57d8</run_address>
         <size>0x20</size>
         <input_file_ref idref="fl-f3"/>
      </object_component>
      <object_component id="oc-43">
         <name>.text:decompress:ZI:__TI_zero_init_nomemset:__TI_zero_init_nomemset</name>
         <load_address>0x57f8</load_address>
         <run_address>0x57f8</run_address>
         <size>0x1c</size>
         <input_file_ref idref="fl-e9"/>
      </object_component>
      <object_component id="oc-3f0">
         <name>.text:free_list_remove</name>
         <load_address>0x5814</load_address>
         <run_address>0x5814</run_address>
         <size>0x1c</size>
         <input_file_ref idref="fl-f4"/>
      </object_component>
      <object_component id="oc-243">
         <name>.text:memccpy</name>
         <load_address>0x5830</load_address>
         <run_address>0x5830</run_address>
         <size>0x1c</size>
         <input_file_ref idref="fl-f2"/>
      </object_component>
      <object_component id="oc-36b">
         <name>.text:copysign</name>
         <load_address>0x584c</load_address>
         <run_address>0x584c</run_address>
         <size>0x1a</size>
         <input_file_ref idref="fl-fc"/>
      </object_component>
      <object_component id="oc-4c3">
         <name>.text:strcmp</name>
         <load_address>0x5866</load_address>
         <run_address>0x5866</run_address>
         <size>0x18</size>
         <input_file_ref idref="fl-111"/>
      </object_component>
      <object_component id="oc-2f8">
         <name>.text:strchr</name>
         <load_address>0x587e</load_address>
         <run_address>0x587e</run_address>
         <size>0x16</size>
         <input_file_ref idref="fl-f5"/>
      </object_component>
      <object_component id="oc-477">
         <name>.text:strcpy</name>
         <load_address>0x5894</load_address>
         <run_address>0x5894</run_address>
         <size>0x14</size>
         <input_file_ref idref="fl-112"/>
      </object_component>
      <object_component id="oc-214">
         <name>.text:strlen</name>
         <load_address>0x58a8</load_address>
         <run_address>0x58a8</run_address>
         <size>0x14</size>
         <input_file_ref idref="fl-f6"/>
      </object_component>
      <object_component id="oc-249">
         <name>.text:wcslen</name>
         <load_address>0x58bc</load_address>
         <run_address>0x58bc</run_address>
         <size>0x12</size>
         <input_file_ref idref="fl-fb"/>
      </object_component>
      <object_component id="oc-1a">
         <name>.text:decompress:none:__TI_decompress_none</name>
         <load_address>0x58ce</load_address>
         <run_address>0x58ce</run_address>
         <size>0xe</size>
         <input_file_ref idref="fl-ea"/>
      </object_component>
      <object_component id="oc-67">
         <name>.text</name>
         <load_address>0x58dc</load_address>
         <run_address>0x58dc</run_address>
         <size>0xe</size>
         <input_file_ref idref="fl-3"/>
      </object_component>
      <object_component id="oc-24f">
         <name>.text:__aeabi_errno_addr</name>
         <load_address>0x58ec</load_address>
         <run_address>0x58ec</run_address>
         <size>0x8</size>
         <input_file_ref idref="fl-fa"/>
      </object_component>
      <object_component id="oc-3c1">
         <name>.text:malloc</name>
         <load_address>0x58f4</load_address>
         <run_address>0x58f4</run_address>
         <size>0x8</size>
         <input_file_ref idref="fl-f4"/>
      </object_component>
      <object_component id="oc-1a0">
         <name>.text:_outc</name>
         <load_address>0x58fc</load_address>
         <run_address>0x58fc</run_address>
         <size>0x4</size>
         <input_file_ref idref="fl-d8"/>
      </object_component>
      <object_component id="oc-19a">
         <name>.text:_outs</name>
         <load_address>0x5900</load_address>
         <run_address>0x5900</run_address>
         <size>0x4</size>
         <input_file_ref idref="fl-d8"/>
      </object_component>
      <object_component id="oc-97">
         <name>.text:_system_pre_init</name>
         <load_address>0x5904</load_address>
         <run_address>0x5904</run_address>
         <size>0x4</size>
         <input_file_ref idref="fl-102"/>
      </object_component>
      <object_component id="oc-10c">
         <name>.text:abort:abort</name>
         <load_address>0x5908</load_address>
         <run_address>0x5908</run_address>
         <size>0x4</size>
         <input_file_ref idref="fl-ec"/>
      </object_component>
      <object_component id="oc-2a1">
         <name>.const:.string:_ctypes_</name>
         <load_address>0x590c</load_address>
         <run_address>0x590c</run_address>
         <size>0x101</size>
         <input_file_ref idref="fl-ef"/>
      </object_component>
      <object_component id="oc-179">
         <name>.const:g_pulRegs</name>
         <load_address>0x5a10</load_address>
         <run_address>0x5a10</run_address>
         <size>0x50</size>
         <input_file_ref idref="fl-10"/>
      </object_component>
      <object_component id="oc-176">
         <name>.const:g_pulPriority</name>
         <load_address>0x5a60</load_address>
         <run_address>0x5a60</run_address>
         <size>0x20</size>
         <input_file_ref idref="fl-10"/>
      </object_component>
      <object_component id="oc-168">
         <name>.const:GPIO_PORT_TO_INT</name>
         <load_address>0x5a80</load_address>
         <run_address>0x5a80</run_address>
         <size>0x1c</size>
         <input_file_ref idref="fl-e"/>
      </object_component>
      <object_component id="oc-da">
         <name>.const:upConfig_0</name>
         <load_address>0x5a9c</load_address>
         <run_address>0x5a9c</run_address>
         <size>0x18</size>
         <input_file_ref idref="fl-2"/>
      </object_component>
      <object_component id="oc-dd">
         <name>.const:i2cConfig</name>
         <load_address>0x5ab4</load_address>
         <run_address>0x5ab4</run_address>
         <size>0x14</size>
         <input_file_ref idref="fl-2"/>
      </object_component>
      <object_component id="oc-17f">
         <name>.const:g_pulDisRegs</name>
         <load_address>0x5ac8</load_address>
         <run_address>0x5ac8</run_address>
         <size>0x8</size>
         <input_file_ref idref="fl-10"/>
      </object_component>
      <object_component id="oc-17c">
         <name>.const:g_pulEnRegs</name>
         <load_address>0x5ad0</load_address>
         <run_address>0x5ad0</run_address>
         <size>0x8</size>
         <input_file_ref idref="fl-10"/>
      </object_component>
      <object_component id="oc-182">
         <name>.const:g_pulPendRegs</name>
         <load_address>0x5ad8</load_address>
         <run_address>0x5ad8</run_address>
         <size>0x8</size>
         <input_file_ref idref="fl-10"/>
      </object_component>
      <object_component id="oc-185">
         <name>.const:g_pulUnpendRegs</name>
         <load_address>0x5ae0</load_address>
         <run_address>0x5ae0</run_address>
         <size>0x8</size>
         <input_file_ref idref="fl-10"/>
      </object_component>
      <object_component id="oc-502">
         <name>.cinit..data.load</name>
         <load_address>0x5ae8</load_address>
         <run_address>0x5ae8</run_address>
         <size>0x99</size>
      </object_component>
      <object_component id="oc-4ff">
         <name>__TI_handler_table</name>
         <load_address>0x5b84</load_address>
         <run_address>0x5b84</run_address>
         <size>0xc</size>
      </object_component>
      <object_component id="oc-503">
         <name>.cinit..bss.load</name>
         <load_address>0x5b90</load_address>
         <run_address>0x5b90</run_address>
         <size>0x8</size>
      </object_component>
      <object_component id="oc-501">
         <name>.cinit..vtable.load</name>
         <load_address>0x5b98</load_address>
         <run_address>0x5b98</run_address>
         <size>0x8</size>
      </object_component>
      <object_component id="oc-500">
         <name>__TI_cinit_table</name>
         <load_address>0x5ba0</load_address>
         <run_address>0x5ba0</run_address>
         <size>0x18</size>
      </object_component>
      <object_component id="oc-4d4">
         <name>.binit</name>
         <load_address>0x0</load_address>
         <run_address>0x0</run_address>
         <size>0x0</size>
      </object_component>
      <object_component id="oc-173">
         <name>.vtable</name>
         <uninitialized>true</uninitialized>
         <run_address>0x20000000</run_address>
         <size>0xe4</size>
         <input_file_ref idref="fl-10"/>
      </object_component>
      <object_component id="oc-e0">
         <name>.data</name>
         <load_address>0x200006e0</load_address>
         <run_address>0x200006e0</run_address>
         <size>0xd</size>
         <input_file_ref idref="fl-2"/>
      </object_component>
      <object_component id="oc-14a">
         <name>.data</name>
         <load_address>0x20000710</load_address>
         <run_address>0x20000710</run_address>
         <size>0x4</size>
         <input_file_ref idref="fl-4"/>
      </object_component>
      <object_component id="oc-165">
         <name>.data:GPIO_PORT_TO_BASE</name>
         <load_address>0x200006a0</load_address>
         <run_address>0x200006a0</run_address>
         <size>0x30</size>
         <input_file_ref idref="fl-e"/>
      </object_component>
      <object_component id="oc-1ba">
         <name>.data:$O1$$</name>
         <load_address>0x200006f0</load_address>
         <run_address>0x200006f0</run_address>
         <size>0xc</size>
         <input_file_ref idref="fl-ec"/>
      </object_component>
      <object_component id="oc-194">
         <name>.data:$O1$$</name>
         <load_address>0x200006fc</load_address>
         <run_address>0x200006fc</run_address>
         <size>0x8</size>
         <input_file_ref idref="fl-ed"/>
      </object_component>
      <object_component id="oc-197">
         <name>.data:_ftable</name>
         <load_address>0x200004e8</load_address>
         <run_address>0x200004e8</run_address>
         <size>0xf0</size>
         <input_file_ref idref="fl-f0"/>
      </object_component>
      <object_component id="oc-40a">
         <name>.data</name>
         <load_address>0x200006d0</load_address>
         <run_address>0x200006d0</run_address>
         <size>0x10</size>
         <input_file_ref idref="fl-f0"/>
      </object_component>
      <object_component id="oc-440">
         <name>.data:$O1$$</name>
         <load_address>0x20000704</load_address>
         <run_address>0x20000704</run_address>
         <size>0x8</size>
         <input_file_ref idref="fl-f4"/>
      </object_component>
      <object_component id="oc-3da">
         <name>.data:_device</name>
         <load_address>0x200005d8</load_address>
         <run_address>0x200005d8</run_address>
         <size>0x78</size>
         <input_file_ref idref="fl-f8"/>
      </object_component>
      <object_component id="oc-399">
         <name>.data:_stream</name>
         <load_address>0x20000650</load_address>
         <run_address>0x20000650</run_address>
         <size>0x50</size>
         <input_file_ref idref="fl-f8"/>
      </object_component>
      <object_component id="oc-308">
         <name>.data</name>
         <load_address>0x2000070c</load_address>
         <run_address>0x2000070c</run_address>
         <size>0x4</size>
         <input_file_ref idref="fl-fa"/>
      </object_component>
      <object_component id="oc-160">
         <name>.bss</name>
         <uninitialized>true</uninitialized>
         <run_address>0x200008d4</run_address>
         <size>0x8</size>
         <input_file_ref idref="fl-a"/>
      </object_component>
      <object_component id="oc-48e">
         <name>.bss:_CIOBUF_</name>
         <uninitialized>true</uninitialized>
         <run_address>0x20000714</run_address>
         <size>0x120</size>
         <input_file_ref idref="fl-10c"/>
      </object_component>
      <object_component id="oc-458">
         <name>.common:__TI_tmpnams</name>
         <uninitialized>true</uninitialized>
         <run_address>0x20000834</run_address>
         <size>0xa0</size>
      </object_component>
      <object_component id="oc-469">
         <name>.common:parmbuf</name>
         <uninitialized>true</uninitialized>
         <run_address>0x200008dc</run_address>
         <size>0x8</size>
      </object_component>
      <object_component id="oc-26">
         <name>.sysmem</name>
         <uninitialized>true</uninitialized>
         <run_address>0x200000e8</run_address>
         <size>0x10</size>
         <input_file_ref idref="fl-f4"/>
      </object_component>
      <object_component id="oc-505">
         <name>.sysmem</name>
         <uninitialized>true</uninitialized>
         <run_address>0x200000e8</run_address>
         <size>0x0</size>
      </object_component>
      <object_component id="oc-29">
         <name>.stack</name>
         <uninitialized>true</uninitialized>
         <run_address>0x2000fe00</run_address>
         <size>0x4</size>
         <input_file_ref idref="fl-f9"/>
      </object_component>
      <object_component id="oc-504">
         <name>.stack</name>
         <uninitialized>true</uninitialized>
         <run_address>0x2000fe00</run_address>
         <size>0x0</size>
      </object_component>
      <object_component id="oc-1af">
         <name>.debug_info</name>
         <load_address>0x0</load_address>
         <run_address>0x0</run_address>
         <size>0xc21</size>
         <input_file_ref idref="fl-2"/>
      </object_component>
      <object_component id="oc-e1">
         <name>.debug_info</name>
         <load_address>0xc21</load_address>
         <run_address>0xc21</run_address>
         <size>0x177</size>
         <input_file_ref idref="fl-2"/>
      </object_component>
      <object_component id="oc-db">
         <name>.debug_info</name>
         <load_address>0xd98</load_address>
         <run_address>0xd98</run_address>
         <size>0xdf</size>
         <input_file_ref idref="fl-2"/>
      </object_component>
      <object_component id="oc-de">
         <name>.debug_info</name>
         <load_address>0xe77</load_address>
         <run_address>0xe77</run_address>
         <size>0xdd</size>
         <input_file_ref idref="fl-2"/>
      </object_component>
      <object_component id="oc-6e">
         <name>.debug_info</name>
         <load_address>0xf54</load_address>
         <run_address>0xf54</run_address>
         <size>0x634</size>
         <input_file_ref idref="fl-2"/>
      </object_component>
      <object_component id="oc-20f">
         <name>.debug_info</name>
         <load_address>0x1588</load_address>
         <run_address>0x1588</run_address>
         <size>0x9a</size>
         <input_file_ref idref="fl-2"/>
      </object_component>
      <object_component id="oc-eb">
         <name>.debug_info</name>
         <load_address>0x1622</load_address>
         <run_address>0x1622</run_address>
         <size>0x26b</size>
         <input_file_ref idref="fl-2"/>
      </object_component>
      <object_component id="oc-1e1">
         <name>.debug_info</name>
         <load_address>0x188d</load_address>
         <run_address>0x188d</run_address>
         <size>0x1055</size>
         <input_file_ref idref="fl-2"/>
      </object_component>
      <object_component id="oc-1dc">
         <name>.debug_info</name>
         <load_address>0x28e2</load_address>
         <run_address>0x28e2</run_address>
         <size>0x37e2</size>
         <input_file_ref idref="fl-2"/>
      </object_component>
      <object_component id="oc-1ea">
         <name>.debug_info</name>
         <load_address>0x60c4</load_address>
         <run_address>0x60c4</run_address>
         <size>0x1b5</size>
         <input_file_ref idref="fl-2"/>
      </object_component>
      <object_component id="oc-208">
         <name>.debug_info</name>
         <load_address>0x6279</load_address>
         <run_address>0x6279</run_address>
         <size>0x341</size>
         <input_file_ref idref="fl-2"/>
      </object_component>
      <object_component id="oc-e4">
         <name>.debug_info</name>
         <load_address>0x65ba</load_address>
         <run_address>0x65ba</run_address>
         <size>0x8b</size>
         <input_file_ref idref="fl-2"/>
      </object_component>
      <object_component id="oc-1b4">
         <name>.debug_info</name>
         <load_address>0x6645</load_address>
         <run_address>0x6645</run_address>
         <size>0x297</size>
         <input_file_ref idref="fl-2"/>
      </object_component>
      <object_component id="oc-15a">
         <name>.debug_info</name>
         <load_address>0x68dc</load_address>
         <run_address>0x68dc</run_address>
         <size>0xef</size>
         <input_file_ref idref="fl-2"/>
      </object_component>
      <object_component id="oc-14e">
         <name>.debug_info</name>
         <load_address>0x69cb</load_address>
         <run_address>0x69cb</run_address>
         <size>0xbb</size>
         <input_file_ref idref="fl-2"/>
      </object_component>
      <object_component id="oc-1a8">
         <name>.debug_info</name>
         <load_address>0x6a86</load_address>
         <run_address>0x6a86</run_address>
         <size>0x2c</size>
         <input_file_ref idref="fl-2"/>
      </object_component>
      <object_component id="oc-75">
         <name>.debug_info</name>
         <load_address>0x6ab2</load_address>
         <run_address>0x6ab2</run_address>
         <size>0x2d2</size>
         <input_file_ref idref="fl-3"/>
      </object_component>
      <object_component id="oc-24">
         <name>.debug_info</name>
         <load_address>0x6d84</load_address>
         <run_address>0x6d84</run_address>
         <size>0xfe</size>
         <input_file_ref idref="fl-3"/>
      </object_component>
      <object_component id="oc-68">
         <name>.debug_info</name>
         <load_address>0x6e82</load_address>
         <run_address>0x6e82</run_address>
         <size>0x1c5</size>
         <input_file_ref idref="fl-3"/>
      </object_component>
      <object_component id="oc-32">
         <name>.debug_info</name>
         <load_address>0x7047</load_address>
         <run_address>0x7047</run_address>
         <size>0x84</size>
         <input_file_ref idref="fl-3"/>
      </object_component>
      <object_component id="oc-14b">
         <name>.debug_info</name>
         <load_address>0x70cb</load_address>
         <run_address>0x70cb</run_address>
         <size>0xf7</size>
         <input_file_ref idref="fl-4"/>
      </object_component>
      <object_component id="oc-aa">
         <name>.debug_info</name>
         <load_address>0x71c2</load_address>
         <run_address>0x71c2</run_address>
         <size>0x269</size>
         <input_file_ref idref="fl-4"/>
      </object_component>
      <object_component id="oc-16f">
         <name>.debug_info</name>
         <load_address>0x742b</load_address>
         <run_address>0x742b</run_address>
         <size>0x3cd</size>
         <input_file_ref idref="fl-8"/>
      </object_component>
      <object_component id="oc-164">
         <name>.debug_info</name>
         <load_address>0x77f8</load_address>
         <run_address>0x77f8</run_address>
         <size>0x78c</size>
         <input_file_ref idref="fl-a"/>
      </object_component>
      <object_component id="oc-161">
         <name>.debug_info</name>
         <load_address>0x7f84</load_address>
         <run_address>0x7f84</run_address>
         <size>0x10d</size>
         <input_file_ref idref="fl-a"/>
      </object_component>
      <object_component id="oc-b9">
         <name>.debug_info</name>
         <load_address>0x8091</load_address>
         <run_address>0x8091</run_address>
         <size>0x22e7</size>
         <input_file_ref idref="fl-a"/>
      </object_component>
      <object_component id="oc-16c">
         <name>.debug_info</name>
         <load_address>0xa378</load_address>
         <run_address>0xa378</run_address>
         <size>0x695</size>
         <input_file_ref idref="fl-e"/>
      </object_component>
      <object_component id="oc-169">
         <name>.debug_info</name>
         <load_address>0xaa0d</load_address>
         <run_address>0xaa0d</run_address>
         <size>0xff</size>
         <input_file_ref idref="fl-e"/>
      </object_component>
      <object_component id="oc-166">
         <name>.debug_info</name>
         <load_address>0xab0c</load_address>
         <run_address>0xab0c</run_address>
         <size>0x101</size>
         <input_file_ref idref="fl-e"/>
      </object_component>
      <object_component id="oc-bd">
         <name>.debug_info</name>
         <load_address>0xac0d</load_address>
         <run_address>0xac0d</run_address>
         <size>0x1a02</size>
         <input_file_ref idref="fl-e"/>
      </object_component>
      <object_component id="oc-18d">
         <name>.debug_info</name>
         <load_address>0xc60f</load_address>
         <run_address>0xc60f</run_address>
         <size>0x684</size>
         <input_file_ref idref="fl-f"/>
      </object_component>
      <object_component id="oc-d0">
         <name>.debug_info</name>
         <load_address>0xcc93</load_address>
         <run_address>0xcc93</run_address>
         <size>0x2d23</size>
         <input_file_ref idref="fl-f"/>
      </object_component>
      <object_component id="oc-189">
         <name>.debug_info</name>
         <load_address>0xf9b6</load_address>
         <run_address>0xf9b6</run_address>
         <size>0x623</size>
         <input_file_ref idref="fl-10"/>
      </object_component>
      <object_component id="oc-177">
         <name>.debug_info</name>
         <load_address>0xffd9</load_address>
         <run_address>0xffd9</run_address>
         <size>0xfe</size>
         <input_file_ref idref="fl-10"/>
      </object_component>
      <object_component id="oc-17a">
         <name>.debug_info</name>
         <load_address>0x100d7</load_address>
         <run_address>0x100d7</run_address>
         <size>0xf6</size>
         <input_file_ref idref="fl-10"/>
      </object_component>
      <object_component id="oc-17d">
         <name>.debug_info</name>
         <load_address>0x101cd</load_address>
         <run_address>0x101cd</run_address>
         <size>0xfa</size>
         <input_file_ref idref="fl-10"/>
      </object_component>
      <object_component id="oc-180">
         <name>.debug_info</name>
         <load_address>0x102c7</load_address>
         <run_address>0x102c7</run_address>
         <size>0xfc</size>
         <input_file_ref idref="fl-10"/>
      </object_component>
      <object_component id="oc-183">
         <name>.debug_info</name>
         <load_address>0x103c3</load_address>
         <run_address>0x103c3</run_address>
         <size>0xfe</size>
         <input_file_ref idref="fl-10"/>
      </object_component>
      <object_component id="oc-186">
         <name>.debug_info</name>
         <load_address>0x104c1</load_address>
         <run_address>0x104c1</run_address>
         <size>0x102</size>
         <input_file_ref idref="fl-10"/>
      </object_component>
      <object_component id="oc-174">
         <name>.debug_info</name>
         <load_address>0x105c3</load_address>
         <run_address>0x105c3</run_address>
         <size>0x103</size>
         <input_file_ref idref="fl-10"/>
      </object_component>
      <object_component id="oc-c5">
         <name>.debug_info</name>
         <load_address>0x106c6</load_address>
         <run_address>0x106c6</run_address>
         <size>0x11a6</size>
         <input_file_ref idref="fl-10"/>
      </object_component>
      <object_component id="oc-1d9">
         <name>.debug_info</name>
         <load_address>0x1186c</load_address>
         <run_address>0x1186c</run_address>
         <size>0x55b</size>
         <input_file_ref idref="fl-19"/>
      </object_component>
      <object_component id="oc-155">
         <name>.debug_info</name>
         <load_address>0x11dc7</load_address>
         <run_address>0x11dc7</run_address>
         <size>0xea5</size>
         <input_file_ref idref="fl-19"/>
      </object_component>
      <object_component id="oc-18b">
         <name>.debug_info</name>
         <load_address>0x12c6c</load_address>
         <run_address>0x12c6c</run_address>
         <size>0x6b9</size>
         <input_file_ref idref="fl-1c"/>
      </object_component>
      <object_component id="oc-c9">
         <name>.debug_info</name>
         <load_address>0x13325</load_address>
         <run_address>0x13325</run_address>
         <size>0x24ab</size>
         <input_file_ref idref="fl-1c"/>
      </object_component>
      <object_component id="oc-15f">
         <name>.debug_info</name>
         <load_address>0x157d0</load_address>
         <run_address>0x157d0</run_address>
         <size>0x723</size>
         <input_file_ref idref="fl-1e"/>
      </object_component>
      <object_component id="oc-b1">
         <name>.debug_info</name>
         <load_address>0x15ef3</load_address>
         <run_address>0x15ef3</run_address>
         <size>0x8b5</size>
         <input_file_ref idref="fl-1e"/>
      </object_component>
      <object_component id="oc-1a7">
         <name>.debug_info</name>
         <load_address>0x167a8</load_address>
         <run_address>0x167a8</run_address>
         <size>0x3e6</size>
         <input_file_ref idref="fl-d8"/>
      </object_component>
      <object_component id="oc-1a3">
         <name>.debug_info</name>
         <load_address>0x16b8e</load_address>
         <run_address>0x16b8e</run_address>
         <size>0x158</size>
         <input_file_ref idref="fl-d8"/>
      </object_component>
      <object_component id="oc-19d">
         <name>.debug_info</name>
         <load_address>0x16ce6</load_address>
         <run_address>0x16ce6</run_address>
         <size>0x167</size>
         <input_file_ref idref="fl-d8"/>
      </object_component>
      <object_component id="oc-d6">
         <name>.debug_info</name>
         <load_address>0x16e4d</load_address>
         <run_address>0x16e4d</run_address>
         <size>0x1ad</size>
         <input_file_ref idref="fl-d8"/>
      </object_component>
      <object_component id="oc-27f">
         <name>.debug_info</name>
         <load_address>0x16ffa</load_address>
         <run_address>0x16ffa</run_address>
         <size>0xb2</size>
         <input_file_ref idref="fl-d8"/>
      </object_component>
      <object_component id="oc-256">
         <name>.debug_info</name>
         <load_address>0x170ac</load_address>
         <run_address>0x170ac</run_address>
         <size>0x57c</size>
         <input_file_ref idref="fl-d9"/>
      </object_component>
      <object_component id="oc-222">
         <name>.debug_info</name>
         <load_address>0x17628</load_address>
         <run_address>0x17628</run_address>
         <size>0x21f</size>
         <input_file_ref idref="fl-d9"/>
      </object_component>
      <object_component id="oc-2d3">
         <name>.debug_info</name>
         <load_address>0x17847</load_address>
         <run_address>0x17847</run_address>
         <size>0x1b4</size>
         <input_file_ref idref="fl-d9"/>
      </object_component>
      <object_component id="oc-2da">
         <name>.debug_info</name>
         <load_address>0x179fb</load_address>
         <run_address>0x179fb</run_address>
         <size>0x21c</size>
         <input_file_ref idref="fl-d9"/>
      </object_component>
      <object_component id="oc-22e">
         <name>.debug_info</name>
         <load_address>0x17c17</load_address>
         <run_address>0x17c17</run_address>
         <size>0x3bc</size>
         <input_file_ref idref="fl-d9"/>
      </object_component>
      <object_component id="oc-2e0">
         <name>.debug_info</name>
         <load_address>0x17fd3</load_address>
         <run_address>0x17fd3</run_address>
         <size>0x306</size>
         <input_file_ref idref="fl-d9"/>
      </object_component>
      <object_component id="oc-2e6">
         <name>.debug_info</name>
         <load_address>0x182d9</load_address>
         <run_address>0x182d9</run_address>
         <size>0x216</size>
         <input_file_ref idref="fl-d9"/>
      </object_component>
      <object_component id="oc-234">
         <name>.debug_info</name>
         <load_address>0x184ef</load_address>
         <run_address>0x184ef</run_address>
         <size>0x216</size>
         <input_file_ref idref="fl-d9"/>
      </object_component>
      <object_component id="oc-239">
         <name>.debug_info</name>
         <load_address>0x18705</load_address>
         <run_address>0x18705</run_address>
         <size>0x305</size>
         <input_file_ref idref="fl-d9"/>
      </object_component>
      <object_component id="oc-23f">
         <name>.debug_info</name>
         <load_address>0x18a0a</load_address>
         <run_address>0x18a0a</run_address>
         <size>0x4b1</size>
         <input_file_ref idref="fl-d9"/>
      </object_component>
      <object_component id="oc-190">
         <name>.debug_info</name>
         <load_address>0x18ebb</load_address>
         <run_address>0x18ebb</run_address>
         <size>0x5f5</size>
         <input_file_ref idref="fl-d9"/>
      </object_component>
      <object_component id="oc-257">
         <name>.debug_info</name>
         <load_address>0x194b0</load_address>
         <run_address>0x194b0</run_address>
         <size>0x86</size>
         <input_file_ref idref="fl-d9"/>
      </object_component>
      <object_component id="oc-314">
         <name>.debug_info</name>
         <load_address>0x19536</load_address>
         <run_address>0x19536</run_address>
         <size>0x39</size>
         <input_file_ref idref="fl-d9"/>
      </object_component>
      <object_component id="oc-382">
         <name>.debug_info</name>
         <load_address>0x1956f</load_address>
         <run_address>0x1956f</run_address>
         <size>0xb6</size>
         <input_file_ref idref="fl-d9"/>
      </object_component>
      <object_component id="oc-319">
         <name>.debug_info</name>
         <load_address>0x19625</load_address>
         <run_address>0x19625</run_address>
         <size>0x46</size>
         <input_file_ref idref="fl-d9"/>
      </object_component>
      <object_component id="oc-25c">
         <name>.debug_info</name>
         <load_address>0x1966b</load_address>
         <run_address>0x1966b</run_address>
         <size>0x46</size>
         <input_file_ref idref="fl-d9"/>
      </object_component>
      <object_component id="oc-30f">
         <name>.debug_info</name>
         <load_address>0x196b1</load_address>
         <run_address>0x196b1</run_address>
         <size>0x2c</size>
         <input_file_ref idref="fl-d9"/>
      </object_component>
      <object_component id="oc-33e">
         <name>.debug_info</name>
         <load_address>0x196dd</load_address>
         <run_address>0x196dd</run_address>
         <size>0x384</size>
         <input_file_ref idref="fl-da"/>
      </object_component>
      <object_component id="oc-278">
         <name>.debug_info</name>
         <load_address>0x19a61</load_address>
         <run_address>0x19a61</run_address>
         <size>0x1eb</size>
         <input_file_ref idref="fl-da"/>
      </object_component>
      <object_component id="oc-33c">
         <name>.debug_info</name>
         <load_address>0x19c4c</load_address>
         <run_address>0x19c4c</run_address>
         <size>0x3fd</size>
         <input_file_ref idref="fl-db"/>
      </object_component>
      <object_component id="oc-270">
         <name>.debug_info</name>
         <load_address>0x1a049</load_address>
         <run_address>0x1a049</run_address>
         <size>0x2e3</size>
         <input_file_ref idref="fl-db"/>
      </object_component>
      <object_component id="oc-103">
         <name>.debug_info</name>
         <load_address>0x1a32c</load_address>
         <run_address>0x1a32c</run_address>
         <size>0x2c</size>
         <input_file_ref idref="fl-db"/>
      </object_component>
      <object_component id="oc-394">
         <name>.debug_info</name>
         <load_address>0x1a358</load_address>
         <run_address>0x1a358</run_address>
         <size>0x301</size>
         <input_file_ref idref="fl-dc"/>
      </object_component>
      <object_component id="oc-327">
         <name>.debug_info</name>
         <load_address>0x1a659</load_address>
         <run_address>0x1a659</run_address>
         <size>0x19d</size>
         <input_file_ref idref="fl-dc"/>
      </object_component>
      <object_component id="oc-3cf">
         <name>.debug_info</name>
         <load_address>0x1a7f6</load_address>
         <run_address>0x1a7f6</run_address>
         <size>0xbf</size>
         <input_file_ref idref="fl-dc"/>
      </object_component>
      <object_component id="oc-3ce">
         <name>.debug_info</name>
         <load_address>0x1a8b5</load_address>
         <run_address>0x1a8b5</run_address>
         <size>0x375</size>
         <input_file_ref idref="fl-dd"/>
      </object_component>
      <object_component id="oc-391">
         <name>.debug_info</name>
         <load_address>0x1ac2a</load_address>
         <run_address>0x1ac2a</run_address>
         <size>0x20c</size>
         <input_file_ref idref="fl-dd"/>
      </object_component>
      <object_component id="oc-365">
         <name>.debug_info</name>
         <load_address>0x1ae36</load_address>
         <run_address>0x1ae36</run_address>
         <size>0x29b</size>
         <input_file_ref idref="fl-de"/>
      </object_component>
      <object_component id="oc-2ed">
         <name>.debug_info</name>
         <load_address>0x1b0d1</load_address>
         <run_address>0x1b0d1</run_address>
         <size>0x196</size>
         <input_file_ref idref="fl-de"/>
      </object_component>
      <object_component id="oc-3a9">
         <name>.debug_info</name>
         <load_address>0x1b267</load_address>
         <run_address>0x1b267</run_address>
         <size>0x39</size>
         <input_file_ref idref="fl-de"/>
      </object_component>
      <object_component id="oc-366">
         <name>.debug_info</name>
         <load_address>0x1b2a0</load_address>
         <run_address>0x1b2a0</run_address>
         <size>0x2c</size>
         <input_file_ref idref="fl-de"/>
      </object_component>
      <object_component id="oc-372">
         <name>.debug_info</name>
         <load_address>0x1b2cc</load_address>
         <run_address>0x1b2cc</run_address>
         <size>0x2fe</size>
         <input_file_ref idref="fl-df"/>
      </object_component>
      <object_component id="oc-2f4">
         <name>.debug_info</name>
         <load_address>0x1b5ca</load_address>
         <run_address>0x1b5ca</run_address>
         <size>0x226</size>
         <input_file_ref idref="fl-df"/>
      </object_component>
      <object_component id="oc-2a8">
         <name>.debug_info</name>
         <load_address>0x1b7f0</load_address>
         <run_address>0x1b7f0</run_address>
         <size>0x135</size>
         <input_file_ref idref="fl-e0"/>
      </object_component>
      <object_component id="oc-92">
         <name>.debug_info</name>
         <load_address>0x1b925</load_address>
         <run_address>0x1b925</run_address>
         <size>0x148</size>
         <input_file_ref idref="fl-e1"/>
      </object_component>
      <object_component id="oc-2cd">
         <name>.debug_info</name>
         <load_address>0x1ba6d</load_address>
         <run_address>0x1ba6d</run_address>
         <size>0x14d</size>
         <input_file_ref idref="fl-e2"/>
      </object_component>
      <object_component id="oc-229">
         <name>.debug_info</name>
         <load_address>0x1bbba</load_address>
         <run_address>0x1bbba</run_address>
         <size>0x129</size>
         <input_file_ref idref="fl-e3"/>
      </object_component>
      <object_component id="oc-2ba">
         <name>.debug_info</name>
         <load_address>0x1bce3</load_address>
         <run_address>0x1bce3</run_address>
         <size>0x12b</size>
         <input_file_ref idref="fl-e3"/>
      </object_component>
      <object_component id="oc-2b4">
         <name>.debug_info</name>
         <load_address>0x1be0e</load_address>
         <run_address>0x1be0e</run_address>
         <size>0x13b</size>
         <input_file_ref idref="fl-e4"/>
      </object_component>
      <object_component id="oc-2ae">
         <name>.debug_info</name>
         <load_address>0x1bf49</load_address>
         <run_address>0x1bf49</run_address>
         <size>0x13b</size>
         <input_file_ref idref="fl-e5"/>
      </object_component>
      <object_component id="oc-2be">
         <name>.debug_info</name>
         <load_address>0x1c084</load_address>
         <run_address>0x1c084</run_address>
         <size>0x12f</size>
         <input_file_ref idref="fl-e6"/>
      </object_component>
      <object_component id="oc-2ca">
         <name>.debug_info</name>
         <load_address>0x1c1b3</load_address>
         <run_address>0x1c1b3</run_address>
         <size>0x12d</size>
         <input_file_ref idref="fl-e7"/>
      </object_component>
      <object_component id="oc-38">
         <name>.debug_info</name>
         <load_address>0x1c2e0</load_address>
         <run_address>0x1c2e0</run_address>
         <size>0x11a</size>
         <input_file_ref idref="fl-e8"/>
      </object_component>
      <object_component id="oc-90">
         <name>.debug_info</name>
         <load_address>0x1c3fa</load_address>
         <run_address>0x1c3fa</run_address>
         <size>0x2d5</size>
         <input_file_ref idref="fl-e9"/>
      </object_component>
      <object_component id="oc-46">
         <name>.debug_info</name>
         <load_address>0x1c6cf</load_address>
[...]
         <name>__aeabi_memset4</name>
         <value>0x4c83</value>
         <object_component_ref idref="oc-91"/>
      </symbol>
      <symbol id="sm-76c">
         <name>__aeabi_memclr8</name>
         <value>0x4c81</value>
         <object_component_ref idref="oc-91"/>
      </symbol>
      <symbol id="sm-76d">
         <name>__aeabi_memclr4</name>
         <value>0x4c81</value>
         <object_component_ref idref="oc-91"/>
      </symbol>
      <symbol id="sm-76e">
         <name>__aeabi_memclr</name>
         <value>0x4c81</value>
         <object_component_ref idref="oc-91"/>
      </symbol>
      <symbol id="sm-785">
         <name>__aeabi_dsub</name>
         <value>0x3c89</value>
         <object_component_ref idref="oc-2cc"/>
      </symbol>
      <symbol id="sm-786">
         <name>__aeabi_dadd</name>
         <value>0x3c93</value>
         <object_component_ref idref="oc-2cc"/>
      </symbol>
      <symbol id="sm-7a8">
         <name>__aeabi_cdcmpeq</name>
         <value>0x4af9</value>
         <object_component_ref idref="oc-226"/>
      </symbol>
      <symbol id="sm-7a9">
         <name>__aeabi_cdcmple</name>
         <value>0x4af9</value>
         <object_component_ref idref="oc-226"/>
      </symbol>
      <symbol id="sm-7aa">
         <name>__aeabi_cdrcmple</name>
         <value>0x4b7f</value>
         <object_component_ref idref="oc-2b7"/>
      </symbol>
      <symbol id="sm-7be">
         <name>__aeabi_ddiv</name>
         <value>0x3f7d</value>
         <object_component_ref idref="oc-2b2"/>
      </symbol>
      <symbol id="sm-7c9">
         <name>__aeabi_dmul</name>
         <value>0x43fd</value>
         <object_component_ref idref="oc-2ad"/>
      </symbol>
      <symbol id="sm-7d3">
         <name>__aeabi_d2iz</name>
         <value>0x53f5</value>
         <object_component_ref idref="oc-2bc"/>
      </symbol>
      <symbol id="sm-7dd">
         <name>__aeabi_i2d</name>
         <value>0x5705</value>
         <object_component_ref idref="oc-2c7"/>
      </symbol>
      <symbol id="sm-7f8">
         <name>memcpy</name>
         <value>0x493b</value>
         <object_component_ref idref="oc-37"/>
      </symbol>
      <symbol id="sm-7f9">
         <name>__aeabi_memcpy</name>
         <value>0x493b</value>
         <object_component_ref idref="oc-37"/>
      </symbol>
      <symbol id="sm-7fa">
         <name>__aeabi_memcpy8</name>
         <value>0x493b</value>
         <object_component_ref idref="oc-37"/>
      </symbol>
      <symbol id="sm-7fb">
         <name>__aeabi_memcpy4</name>
         <value>0x493b</value>
         <object_component_ref idref="oc-37"/>
      </symbol>
      <symbol id="sm-80f">
         <name>__TI_zero_init_nomemset</name>
         <value>0x57f9</value>
         <object_component_ref idref="oc-43"/>
      </symbol>
      <symbol id="sm-826">
         <name>__TI_decompress_none</name>
         <value>0x58cf</value>
         <object_component_ref idref="oc-1a"/>
      </symbol>
      <symbol id="sm-849">
         <name>__TI_decompress_lzss</name>
         <value>0x4eb1</value>
         <object_component_ref idref="oc-14"/>
      </symbol>
      <symbol id="sm-86f">
         <name>C$$EXIT</name>
         <value>0x5909</value>
         <object_component_ref idref="oc-10c"/>
      </symbol>
      <symbol id="sm-870">
         <name>abort</name>
         <value>0x5909</value>
         <object_component_ref idref="oc-10c"/>
      </symbol>
      <symbol id="sm-871">
         <name>__TI_dtors_ptr</name>
         <value>0x200006f4</value>
         <object_component_ref idref="oc-1ba"/>
      </symbol>
      <symbol id="sm-872">
         <name>__TI_cleanup_ptr</name>
         <value>0x200006f0</value>
         <object_component_ref idref="oc-1ba"/>
      </symbol>
      <symbol id="sm-873">
         <name>__TI_enable_exit_profile_output</name>
         <value>0x200006f8</value>
         <object_component_ref idref="oc-1ba"/>
      </symbol>
      <symbol id="sm-874">
         <name>exit</name>
         <value>0x53ad</value>
         <object_component_ref idref="oc-112"/>
      </symbol>
      <symbol id="sm-889">
         <name>_nop</name>
         <value>0x18af</value>
         <object_component_ref idref="oc-261"/>
      </symbol>
      <symbol id="sm-88a">
         <name>_lock</name>
         <value>0x200006fc</value>
         <object_component_ref idref="oc-194"/>
      </symbol>
      <symbol id="sm-88b">
         <name>_unlock</name>
         <value>0x20000700</value>
         <object_component_ref idref="oc-194"/>
      </symbol>
      <symbol id="sm-8a1">
         <name>atoi</name>
         <value>0x5361</value>
         <object_component_ref idref="oc-21a"/>
      </symbol>
      <symbol id="sm-8ac">
         <name>_ctypes_</name>
         <value>0x590c</value>
         <object_component_ref idref="oc-2a1"/>
      </symbol>
      <symbol id="sm-8c1">
         <name>__TI_tmpnams</name>
         <value>0x20000834</value>
      </symbol>
      <symbol id="sm-8c2">
         <name>__aeabi_stdout</name>
         <value>0x200006d8</value>
         <object_component_ref idref="oc-40a"/>
      </symbol>
      <symbol id="sm-8c3">
         <name>__aeabi_stderr</name>
         <value>0x200006dc</value>
         <object_component_ref idref="oc-40a"/>
      </symbol>
      <symbol id="sm-8c4">
         <name>__aeabi_stdin</name>
         <value>0x200006d4</value>
         <object_component_ref idref="oc-40a"/>
      </symbol>
      <symbol id="sm-8c5">
         <name>_ftable</name>
         <value>0x200004e8</value>
         <object_component_ref idref="oc-197"/>
      </symbol>
      <symbol id="sm-8c6">
         <name>__TI_ft_end</name>
         <value>0x200006d0</value>
         <object_component_ref idref="oc-40a"/>
      </symbol>
      <symbol id="sm-8d5">
         <name>ltoa</name>
         <value>0x526f</value>
         <object_component_ref idref="oc-2c1"/>
      </symbol>
      <symbol id="sm-8e5">
         <name>memccpy</name>
         <value>0x5831</value>
         <object_component_ref idref="oc-243"/>
      </symbol>
      <symbol id="sm-8f5">
         <name>memchr</name>
         <value>0x57d9</value>
         <object_component_ref idref="oc-329"/>
      </symbol>
      <symbol id="sm-97c">
         <name>_sys_memory</name>
         <value>0x200000e8</value>
         <object_component_ref idref="oc-26"/>
      </symbol>
      <symbol id="sm-97d">
         <name>free</name>
         <value>0x45ed</value>
         <object_component_ref idref="oc-3bb"/>
      </symbol>
      <symbol id="sm-97e">
         <name>memalign</name>
         <value>0x44f9</value>
         <object_component_ref idref="oc-3fd"/>
      </symbol>
      <symbol id="sm-97f">
         <name>malloc</name>
         <value>0x58f5</value>
         <object_component_ref idref="oc-3c1"/>
      </symbol>
      <symbol id="sm-980">
         <name>aligned_alloc</name>
         <value>0x44f9</value>
         <object_component_ref idref="oc-3fd"/>
      </symbol>
      <symbol id="sm-990">
         <name>strchr</name>
         <value>0x587f</value>
         <object_component_ref idref="oc-2f8"/>
      </symbol>
      <symbol id="sm-99e">
         <name>strlen</name>
         <value>0x58a9</value>
         <object_component_ref idref="oc-214"/>
      </symbol>
      <symbol id="sm-9b8">
         <name>write</name>
         <value>0x57b1</value>
         <object_component_ref idref="oc-335"/>
      </symbol>
      <symbol id="sm-9c9">
         <name>_stream</name>
         <value>0x20000650</value>
         <object_component_ref idref="oc-399"/>
      </symbol>
      <symbol id="sm-9ca">
         <name>_device</name>
         <value>0x200005d8</value>
         <object_component_ref idref="oc-3da"/>
      </symbol>
      <symbol id="sm-9dd">
         <name>__stack</name>
         <value>0x2000fe00</value>
         <object_component_ref idref="oc-29"/>
      </symbol>
      <symbol id="sm-9de">
         <name>_c_int00_noargs</name>
         <value>0x56a1</value>
         <object_component_ref idref="oc-55"/>
      </symbol>
      <symbol id="sm-9f4">
         <name>__aeabi_errno_addr</name>
         <value>0x58ed</value>
         <object_component_ref idref="oc-24f"/>
      </symbol>
      <symbol id="sm-9f5">
         <name>errno</name>
         <value>0x2000070c</value>
         <object_component_ref idref="oc-308"/>
      </symbol>
      <symbol id="sm-a0e">
         <name>wcslen</name>
         <value>0x58bd</value>
         <object_component_ref idref="oc-249"/>
      </symbol>
      <symbol id="sm-a18">
         <name>copysign</name>
         <value>0x584d</value>
         <object_component_ref idref="oc-36b"/>
      </symbol>
      <symbol id="sm-a19">
         <name>copysignl</name>
         <value>0x584d</value>
         <object_component_ref idref="oc-36b"/>
      </symbol>
      <symbol id="sm-a29">
         <name>__TI_doflush</name>
         <value>0x5315</value>
         <object_component_ref idref="oc-32f"/>
      </symbol>
      <symbol id="sm-a39">
         <name>__TI_cleanup</name>
         <value>0x5639</value>
         <object_component_ref idref="oc-3c7"/>
      </symbol>
      <symbol id="sm-a4b">
         <name>fseek</name>
         <value>0x4fe5</value>
         <object_component_ref idref="oc-387"/>
      </symbol>
      <symbol id="sm-a55">
         <name>__aeabi_idiv0</name>
         <value>0x3e3f</value>
         <object_component_ref idref="oc-352"/>
      </symbol>
      <symbol id="sm-a56">
         <name>__aeabi_ldiv0</name>
         <value>0x3e3f</value>
         <object_component_ref idref="oc-352"/>
      </symbol>
      <symbol id="sm-a7e">
         <name>__TI_auto_init_nobinit_nopinit</name>
         <value>0x54c5</value>
         <object_component_ref idref="oc-118"/>
      </symbol>
      <symbol id="sm-a88">
         <name>_system_pre_init</name>
         <value>0x5905</value>
         <object_component_ref idref="oc-97"/>
      </symbol>
      <symbol id="sm-a9b">
         <name>HOSTclose</name>
         <value>0x543d</value>
         <object_component_ref idref="oc-416"/>
      </symbol>
      <symbol id="sm-aac">
         <name>HOSTlseek</name>
         <value>0x4de1</value>
         <object_component_ref idref="oc-428"/>
      </symbol>
      <symbol id="sm-abe">
         <name>parmbuf</name>
         <value>0x200008dc</value>
      </symbol>
      <symbol id="sm-abf">
         <name>HOSTopen</name>
         <value>0x50ad</value>
         <object_component_ref idref="oc-410"/>
      </symbol>
      <symbol id="sm-ad0">
         <name>HOSTread</name>
         <value>0x5169</value>
         <object_component_ref idref="oc-41c"/>
      </symbol>
      <symbol id="sm-ae1">
         <name>HOSTrename</name>
         <value>0x4e49</value>
         <object_component_ref idref="oc-434"/>
      </symbol>
      <symbol id="sm-af2">
         <name>HOSTunlink</name>
         <value>0x5481</value>
         <object_component_ref idref="oc-42e"/>
      </symbol>
      <symbol id="sm-b03">
         <name>HOSTwrite</name>
         <value>0x51c1</value>
         <object_component_ref idref="oc-422"/>
      </symbol>
      <symbol id="sm-b27">
         <name>__TI_readmsg</name>
         <value>0x566d</value>
         <object_component_ref idref="oc-463"/>
      </symbol>
      <symbol id="sm-b28">
         <name>C$$IO$$</name>
         <value>0x55f7</value>
         <object_component_ref idref="oc-45d"/>
      </symbol>
      <symbol id="sm-b29">
         <name>__CIOBUF_</name>
         <value>0x20000714</value>
         <object_component_ref idref="oc-48e"/>
      </symbol>
      <symbol id="sm-b2a">
         <name>__TI_writemsg</name>
         <value>0x55c9</value>
         <object_component_ref idref="oc-45d"/>
      </symbol>
      <symbol id="sm-b3b">
         <name>lseek</name>
         <value>0x5789</value>
         <object_component_ref idref="oc-3b3"/>
      </symbol>
      <symbol id="sm-b50">
         <name>__TI_closefile</name>
         <value>0x4cfd</value>
         <object_component_ref idref="oc-404"/>
      </symbol>
      <symbol id="sm-b73">
         <name>finddevice</name>
         <value>0x56d5</value>
         <object_component_ref idref="oc-4ac"/>
      </symbol>
      <symbol id="sm-b74">
         <name>getdevice</name>
         <value>0x5509</value>
         <object_component_ref idref="oc-484"/>
      </symbol>
      <symbol id="sm-b83">
         <name>strcmp</name>
         <value>0x5867</value>
         <object_component_ref idref="oc-4c3"/>
      </symbol>
      <symbol id="sm-b91">
         <name>strcpy</name>
         <value>0x5895</value>
         <object_component_ref idref="oc-477"/>
      </symbol>
      <symbol id="sm-ba1">
         <name>strncpy</name>
         <value>0x5601</value>
         <object_component_ref idref="oc-4a6"/>
      </symbol>
      <symbol id="sm-bb6">
         <name>close</name>
         <value>0x510d</value>
         <object_component_ref idref="oc-44c"/>
      </symbol>
      <symbol id="sm-bc6">
         <name>unlink</name>
         <value>0x5735</value>
         <object_component_ref idref="oc-452"/>
      </symbol>
      <symbol id="sm-bc7">
         <name>__TI_static_base__</name>
         <value>0x0</value>
      </symbol>
      <symbol id="sm-bca">
         <name>__mpu_init</name>
         <value>0x0</value>
      </symbol>
      <symbol id="sm-bcb">
         <name>_system_post_cinit</name>
         <value>0x0</value>
      </symbol>
      <symbol id="sm-bcc">
         <name>NMI_Handler</name>
         <value>0x58e9</value>
      </symbol>
      <symbol id="sm-bcd">
         <name>HardFault_Handler</name>
         <value>0x58e9</value>
      </symbol>
      <symbol id="sm-bce">
         <name>MemManage_Handler</name>
         <value>0x58e9</value>
      </symbol>
      <symbol id="sm-bcf">
         <name>BusFault_Handler</name>
         <value>0x58e9</value>
      </symbol>
      <symbol id="sm-bd0">
         <name>UsageFault_Handler</name>
         <value>0x58e9</value>
      </symbol>
      <symbol id="sm-bd1">
         <name>SVC_Handler</name>
         <value>0x58e9</value>
      </symbol>
      <symbol id="sm-bd2">
         <name>DebugMon_Handler</name>
         <value>0x58e9</value>
      </symbol>
      <symbol id="sm-bd3">
         <name>PendSV_Handler</name>
         <value>0x58e9</value>
      </symbol>
      <symbol id="sm-bd4">
         <name>SysTick_Handler</name>
         <value>0x58e9</value>
      </symbol>
      <symbol id="sm-bd5">
         <name>PSS_IRQHandler</name>
         <value>0x58e9</value>
      </symbol>
      <symbol id="sm-bd6">
         <name>CS_IRQHandler</name>
         <value>0x58e9</value>
      </symbol>
      <symbol id="sm-bd7">
         <name>PCM_IRQHandler</name>
         <value>0x58e9</value>
      </symbol>
      <symbol id="sm-bd8">
         <name>WDT_A_IRQHandler</name>
         <value>0x58e9</value>
      </symbol>
      <symbol id="sm-bd9">
         <name>FPU_IRQHandler</name>
         <value>0x58e9</value>
      </symbol>
      <symbol id="sm-bda">
         <name>FLCTL_IRQHandler</name>
         <value>0x58e9</value>
      </symbol>
      <symbol id="sm-bdb">
         <name>COMP_E0_IRQHandler</name>
         <value>0x58e9</value>
      </symbol>
      <symbol id="sm-bdc">
         <name>COMP_E1_IRQHandler</name>
         <value>0x58e9</value>
      </symbol>
      <symbol id="sm-bdd">
         <name>TA0_0_IRQHandler</name>
         <value>0x58e9</value>
      </symbol>
      <symbol id="sm-bde">
         <name>TA0_N_IRQHandler</name>
         <value>0x58e9</value>
      </symbol>
      <symbol id="sm-bdf">
         <name>TA1_0_IRQHandler</name>
         <value>0x3717</value>
      </symbol>
      <symbol id="sm-be0">
         <name>TA1_N_IRQHandler</name>
         <value>0x58e9</value>
      </symbol>
      <symbol id="sm-be1">
         <name>TA2_0_IRQHandler</name>
         <value>0x58e9</value>
      </symbol>
      <symbol id="sm-be2">
         <name>TA2_N_IRQHandler</name>
         <value>0x58e9</value>
      </symbol>
      <symbol id="sm-be3">
         <name>TA3_0_IRQHandler</name>
         <value>0x58e9</value>
      </symbol>
      <symbol id="sm-be4">
         <name>TA3_N_IRQHandler</name>
         <value>0x58e9</value>
      </symbol>
      <symbol id="sm-be5">
         <name>EUSCIA0_IRQHandler</name>
         <value>0x58e9</value>
      </symbol>
      <symbol id="sm-be6">
         <name>EUSCIA1_IRQHandler</name>
         <value>0x58e9</value>
      </symbol>
      <symbol id="sm-be7">
         <name>EUSCIA2_IRQHandler</name>
         <value>0x58e9</value>
      </symbol>
      <symbol id="sm-be8">
         <name>EUSCIA3_IRQHandler</name>
         <value>0x58e9</value>
      </symbol>
      <symbol id="sm-be9">
         <name>EUSCIB0_IRQHandler</name>
         <value>0x58e9</value>
      </symbol>
      <symbol id="sm-bea">
         <name>EUSCIB1_IRQHandler</name>
         <value>0x58e9</value>
      </symbol>
      <symbol id="sm-beb">
         <name>EUSCIB2_IRQHandler</name>
         <value>0x58e9</value>
      </symbol>
      <symbol id="sm-bec">
         <name>EUSCIB3_IRQHandler</name>
         <value>0x58e9</value>
      </symbol>
      <symbol id="sm-bed">
         <name>ADC14_IRQHandler</name>
         <value>0x58e9</value>
      </symbol>
      <symbol id="sm-bee">
         <name>T32_INT1_IRQHandler</name>
         <value>0x58e9</value>
      </symbol>
      <symbol id="sm-bef">
         <name>T32_INT2_IRQHandler</name>
         <value>0x58e9</value>
      </symbol>
      <symbol id="sm-bf0">
         <name>T32_INTC_IRQHandler</name>
         <value>0x58e9</value>
      </symbol>
      <symbol id="sm-bf1">
         <name>AES256_IRQHandler</name>
         <value>0x58e9</value>
      </symbol>
      <symbol id="sm-bf2">
         <name>RTC_C_IRQHandler</name>
         <value>0x58e9</value>
      </symbol>
      <symbol id="sm-bf3">
         <name>DMA_ERR_IRQHandler</name>
         <value>0x58e9</value>
      </symbol>
      <symbol id="sm-bf4">
         <name>DMA_INT3_IRQHandler</name>
         <value>0x58e9</value>
      </symbol>
      <symbol id="sm-bf5">
         <name>DMA_INT2_IRQHandler</name>
         <value>0x58e9</value>
      </symbol>
      <symbol id="sm-bf6">
         <name>DMA_INT1_IRQHandler</name>
         <value>0x58e9</value>
      </symbol>
      <symbol id="sm-bf7">
         <name>DMA_INT0_IRQHandler</name>
         <value>0x58e9</value>
      </symbol>
      <symbol id="sm-bf8">
         <name>PORT1_IRQHandler</name>
         <value>0x58e9</value>
      </symbol>
      <symbol id="sm-bf9">
         <name>PORT2_IRQHandler</name>
         <value>0x58e9</value>
      </symbol>
      <symbol id="sm-bfa">
         <name>PORT3_IRQHandler</name>
         <value>0x58e9</value>
      </symbol>
      <symbol id="sm-bfb">
         <name>PORT4_IRQHandler</name>
         <value>0x58e9</value>
      </symbol>
      <symbol id="sm-bfc">
         <name>PORT5_IRQHandler</name>
         <value>0x58e9</value>
      </symbol>
      <symbol id="sm-bfd">
         <name>PORT6_IRQHandler</name>
         <value>0x58e9</value>
      </symbol>
      <symbol id="sm-bfe">
         <name>remove</name>
         <value>0x5735</value>
      </symbol>
   </symbol_table>
   <title>Link successful</title>
</link_info>
