******************************************************************************
                  TI ARM Linker PC v18.12.2                    
******************************************************************************
>> Linked Mon Nov 25 19:05:53 2019

OUTPUT FILE NAME:   <Lab 8.out>
ENTRY POINT SYMBOL: "_c_int00_noargs"  address: 00005125


MEMORY CONFIGURATION

         name            origin    length      used     unused   attr    fill
----------------------  --------  ---------  --------  --------  ----  --------
  MAIN                  00000000   00040000  00005690  0003a970  R  X
  INFO                  00200000   00004000  00000000  00004000  R  X
  SRAM_CODE             01000000   00010000  00000ae0  0000f520  RW X
  SRAM_DATA             20000000   00010000  00000ae0  0000f520  RW  


SEGMENT ALLOCATION MAP

run origin  load origin   length   init length attrs members
----------  ----------- ---------- ----------- ----- -------
00000000    00000000    00005690   00005690    r-x
  00000000    00000000    000000e4   000000e4    r-- .intvecs
  000000e4    000000e4    000052ac   000052ac    r-x .text
  00005390    00005390    00000230   00000230    r-- .const
  000055c0    000055c0    000000d0   000000d0    r-- .cinit
20000000    20000000    000008e4   00000000    rw-
  20000000    20000000    000000e4   00000000    rw- .vtable
  200000e8    200000e8    00000400   00000000    rw- .sysmem
  200004e8    200004e8    0000022c   00000000    rw- .data
  20000714    20000714    000001d0   00000000    rw- .bss
2000fe00    2000fe00    00000200   00000000    rw-
  2000fe00    2000fe00    00000200   00000000    rw- .stack


SECTION ALLOCATION MAP

 output                                  attributes/
section   page    origin      length       input sections
--------  ----  ----------  ----------   ----------------
.intvecs   0    00000000    000000e4     
                  00000000    000000e4     startup_msp432p401r_ccs.obj (.intvecs:retain)

.text      0    000000e4    000052ac     
                  000000e4    00000d7c     cs.obj (.text)
                  00000e60    00000a4e     rtsv7M4_T_le_v4SPD16_eabi.lib : _printfi.c.obj (.text:__TI_printfi)
                  000018ae    00000002                                   : _lock.c.obj (.text:_nop)
                  000018b0    000008d4     adc14.obj (.text)
                  00002184    00000480     gpio.obj (.text)
                  00002604    000003f0     interrupt.obj (.text)
                  000029f4    00000334     system_msp432p401r.obj (.text)
                  00002d28    00000294     main.obj (.text)
                  00002fbc    00000270     rtsv7M4_T_le_v4SPD16_eabi.lib : _printfi.c.obj (.text:_pconv_a)
                  0000322c    00000244     sysctl.obj (.text)
                  00003470    000001d0     rtsv7M4_T_le_v4SPD16_eabi.lib : _printfi.c.obj (.text:_pconv_g)
                  00003640    000001b6                                   : fd_add_t2.asm.obj (.text)
                  000037f6    00000002                                   : div0.asm.obj (.text)
                  000037f8    0000013c                                   : _printfi.c.obj (.text:_pconv_e)
                  00003934    00000136                                   : fd_div_t2.asm.obj (.text)
                  00003a6a    00000002     --HOLE-- [fill = 0]
                  00003a6c    00000124                                   : _printfi.c.obj (.text:fcvt)
                  00003b90    00000114                                   : fputs.c.obj (.text:fputs)
                  00003ca4    00000110                                   : s_scalbn.c.obj (.text:scalbn)
                  00003db4    000000fc                                   : fd_mul_t2.asm.obj (.text)
                  00003eb0    000000f4                                   : memory.c.obj (.text:aligned_alloc)
                  00003fa4    000000e8                                   : memory.c.obj (.text:free)
                  0000408c    000000dc                                   : setvbuf.c.obj (.text:setvbuf)
                  00004168    000000d8     wdt_a.obj (.text)
                  00004240    000000cc     ref_a.obj (.text)
                  0000430c    000000b1     rtsv7M4_T_le_v4SPD16_eabi.lib : _printfi.c.obj (.text:_ltostr)
                  000043bd    00000001     --HOLE-- [fill = 0]
                  000043be    0000009c                                   : memcpy_t2.asm.obj (.text)
                  0000445a    00000096                                   : ull_div_t2.asm.obj (.text)
                  000044f0    0000008c                                   : fputc.c.obj (.text:fputc)
                  0000457c    00000086                                   : fd_cmp_t2.asm.obj (.text:__aeabi_cdcmple)
                  00004602    00000086                                   : fd_cmp_t2.asm.obj (.text:__aeabi_cdrcmple)
                  00004688    0000007c                                   : memory.c.obj (.text:split)
                  00004704    0000007a                                   : memset_t2.asm.obj (.text)
                  0000477e    00000002     --HOLE-- [fill = 0]
                  00004780    00000074                                   : fclose.c.obj (.text:__TI_closefile)
                  000047f4    0000006e                                   : _printfi.c.obj (.text:_mcpy)
                  00004862    00000002     --HOLE-- [fill = 0]
                  00004864    00000068                                   : hostlseek.c.obj (.text:HOSTlseek)
                  000048cc    00000068                                   : hostrename.c.obj (.text:HOSTrename)
                  00004934    00000068                                   : copy_decompress_lzss.c.obj (.text:decompress:lzss:__TI_decompress_lzss)
                  0000499c    00000068                                   : printf.c.obj (.text:printf)
                  00004a04    00000064                                   : s_frexp.c.obj (.text:frexp)
                  00004a68    00000064                                   : fseek.c.obj (.text:fseek)
                  00004acc    00000062                                   : _io_perm.c.obj (.text:__TI_wrt_ok)
                  00004b2e    00000002     --HOLE-- [fill = 0]
                  00004b30    00000060                                   : hostopen.c.obj (.text:HOSTopen)
                  00004b90    0000005c                                   : close.c.obj (.text:close)
                  00004bec    00000058                                   : hostread.c.obj (.text:HOSTread)
                  00004c44    00000058                                   : hostwrite.c.obj (.text:HOSTwrite)
                  00004c9c    00000056                                   : _printfi.c.obj (.text:_pconv_f)
                  00004cf2    00000054                                   : ltoa.c.obj (.text:ltoa)
                  00004d46    00000052                                   : _printfi.c.obj (.text:_ecpy)
                  00004d98    0000004c                                   : fflush.c.obj (.text:__TI_doflush)
                  00004de4    0000004c                                   : atoi.c.obj (.text:atoi)
                  00004e30    00000048                                   : exit.c.obj (.text:exit)
                  00004e78    00000048                                   : fd_toi_t2.asm.obj (.text)
                  00004ec0    00000044                                   : hostclose.c.obj (.text:HOSTclose)
                  00004f04    00000044                                   : hostunlink.c.obj (.text:HOSTunlink)
                  00004f48    00000044                                   : autoinit.c.obj (.text:__TI_auto_init_nobinit_nopinit:__TI_auto_init_nobinit_nopinit)
                  00004f8c    00000044                                   : getdevice.c.obj (.text:getdevice)
                  00004fd0    0000003e                                   : _printfi.c.obj (.text:_fcpy)
                  0000500e    0000003e     cpu.obj (.text)
                  0000504c    00000038     rtsv7M4_T_le_v4SPD16_eabi.lib : trgmsg.c.obj (.text:__TI_writemsg)
                  00005084    00000036                                   : strncpy.c.obj (.text:strncpy)
                  000050ba    00000002     --HOLE-- [fill = 0]
                  000050bc    00000034                                   : fopen.c.obj (.text:__TI_cleanup)
                  000050f0    00000034                                   : trgmsg.c.obj (.text:__TI_readmsg)
                  00005124    00000034                                   : boot_cortex_m.c.obj (.text:_c_int00_noargs:_c_int00_noargs)
                  00005158    00000030                                   : getdevice.c.obj (.text:finddevice)
                  00005188    0000002e                                   : i_tofd_t2.asm.obj (.text)
                  000051b6    00000002     --HOLE-- [fill = 0]
                  000051b8    0000002c                                   : unlink.c.obj (.text:unlink)
                  000051e4    00000028                                   : memory.c.obj (.text:free_list_insert)
                  0000520c    00000028                                   : lseek.c.obj (.text:lseek)
                  00005234    00000028                                   : write.c.obj (.text:write)
                  0000525c    00000020                                   : memchr.c.obj (.text:memchr)
                  0000527c    0000001c                                   : copy_zero_init.c.obj (.text:decompress:ZI:__TI_zero_init_nomemset:__TI_zero_init_nomemset)
                  00005298    0000001c                                   : memory.c.obj (.text:free_list_remove)
                  000052b4    0000001c                                   : memccpy.c.obj (.text:memccpy)
                  000052d0    0000001a                                   : s_copysign.c.obj (.text:copysign)
                  000052ea    00000018                                   : strcmp.c.obj (.text:strcmp)
                  00005302    00000016                                   : strchr.c.obj (.text:strchr)
                  00005318    00000014                                   : strcpy.c.obj (.text:strcpy)
                  0000532c    00000014                                   : strlen.c.obj (.text:strlen)
                  00005340    00000012                                   : wcslen.c.obj (.text:wcslen)
                  00005352    0000000e                                   : copy_decompress_none.c.obj (.text:decompress:none:__TI_decompress_none)
                  00005360    0000000e     startup_msp432p401r_ccs.obj (.text)
                  0000536e    00000002     --HOLE-- [fill = 0]
                  00005370    00000008     rtsv7M4_T_le_v4SPD16_eabi.lib : errno.c.obj (.text:__aeabi_errno_addr)
                  00005378    00000008                                   : memory.c.obj (.text:malloc)
                  00005380    00000004                                   : printf.c.obj (.text:_outc)
                  00005384    00000004                                   : printf.c.obj (.text:_outs)
                  00005388    00000004                                   : pre_init.c.obj (.text:_system_pre_init)
                  0000538c    00000004                                   : exit.c.obj (.text:abort:abort)

.const     0    00005390    00000230     
                  00005390    00000101     rtsv7M4_T_le_v4SPD16_eabi.lib : ctype.c.obj (.const:.string:_ctypes_)
                  00005491    00000003     --HOLE-- [fill = 0]
                  00005494    00000080     adc14.obj (.const:_ctlRegs)
                  00005514    00000050     interrupt.obj (.const:g_pulRegs)
                  00005564    00000020     interrupt.obj (.const:g_pulPriority)
                  00005584    0000001c     gpio.obj (.const:GPIO_PORT_TO_INT)
                  000055a0    00000008     interrupt.obj (.const:g_pulDisRegs)
                  000055a8    00000008     interrupt.obj (.const:g_pulEnRegs)
                  000055b0    00000008     interrupt.obj (.const:g_pulPendRegs)
                  000055b8    00000008     interrupt.obj (.const:g_pulUnpendRegs)

.cinit     0    000055c0    000000d0     
                  000055c0    0000009a     (.cinit..data.load) [load image, compression = lzss]
                  0000565a    00000002     --HOLE-- [fill = 0]
                  0000565c    0000000c     (__TI_handler_table)
                  00005668    00000008     (.cinit..bss.load) [load image, compression = zero_init]
                  00005670    00000008     (.cinit..vtable.load) [load image, compression = zero_init]
                  00005678    00000018     (__TI_cinit_table)

.init_array 
*          0    00000000    00000000     UNINITIALIZED

.binit     0    00000000    00000000     

.vtable    0    20000000    000000e4     UNINITIALIZED
                  20000000    000000e4     interrupt.obj (.vtable)

.sysmem    0    200000e8    00000400     UNINITIALIZED
                  200000e8    00000010     rtsv7M4_T_le_v4SPD16_eabi.lib : memory.c.obj (.sysmem)
                  200000f8    000003f0     --HOLE--

.data      0    200004e8    0000022c     UNINITIALIZED
                  200004e8    000000f0     rtsv7M4_T_le_v4SPD16_eabi.lib : defs.c.obj (.data:_ftable)
                  200005d8    00000078                                   : host_device.c.obj (.data:_device)
                  20000650    00000050                                   : host_device.c.obj (.data:_stream)
                  200006a0    00000030     gpio.obj (.data:GPIO_PORT_TO_BASE)
                  200006d0    00000010     main.obj (.data)
                  200006e0    00000010     rtsv7M4_T_le_v4SPD16_eabi.lib : defs.c.obj (.data)
                  200006f0    0000000c                                   : exit.c.obj (.data:$O1$$)
                  200006fc    00000008                                   : _lock.c.obj (.data:$O1$$)
                  20000704    00000008                                   : memory.c.obj (.data:$O1$$)
                  2000070c    00000004                                   : errno.c.obj (.data)
                  20000710    00000004     system_msp432p401r.obj (.data)

.bss       0    20000714    000001d0     UNINITIALIZED
                  20000714    00000120     rtsv7M4_T_le_v4SPD16_eabi.lib : trgmsg.c.obj (.bss:_CIOBUF_)
                  20000834    000000a0     (.common:__TI_tmpnams)
                  200008d4    00000008     cs.obj (.bss)
                  200008dc    00000008     (.common:parmbuf)

.stack     0    2000fe00    00000200     UNINITIALIZED
                  2000fe00    00000004     rtsv7M4_T_le_v4SPD16_eabi.lib : boot_cortex_m.c.obj (.stack)
                  2000fe04    000001fc     --HOLE--

MODULE SUMMARY

       Module                        code    ro data   rw data
       ------                        ----    -------   -------
    .\
       system_msp432p401r.obj        820     0         8      
       main.obj                      660     0         32     
       startup_msp432p401r_ccs.obj   14      228       0      
    +--+-----------------------------+-------+---------+---------+
       Total:                        1494    228       40     
                                                              
    .\driverlib\MSP432P4xx\
       cs.obj                        3452    0         16     
       adc14.obj                     2260    128       0      
       interrupt.obj                 1008    144       456    
       gpio.obj                      1152    28        96     
       sysctl.obj                    580     0         0      
       wdt_a.obj                     216     0         0      
       ref_a.obj                     204     0         0      
       cpu.obj                       62      0         0      
    +--+-----------------------------+-------+---------+---------+
       Total:                        8934    300       568    
                                                              
    C:\ti\ccs910\ccs\tools\compiler\ti-cgt-arm_18.12.2.LTS\lib\rtsv7M4_T_le_v4SPD16_eabi.lib
       _printfi.c.obj                4851    0         0      
       defs.c.obj                    0       0         832    
       memory.c.obj                  676     0         16     
       trgmsg.c.obj                  108     0         576    
       fd_add_t2.asm.obj             438     0         0      
       host_device.c.obj             0       0         400    
       fd_div_t2.asm.obj             310     0         0      
       fputs.c.obj                   276     0         0      
       s_scalbn.c.obj                272     0         0      
       fd_cmp_t2.asm.obj             268     0         0      
       ctype.c.obj                   0       257       0      
       fd_mul_t2.asm.obj             252     0         0      
       setvbuf.c.obj                 220     0         0      
       memcpy_t2.asm.obj             156     0         0      
       ull_div_t2.asm.obj            150     0         0      
       fputc.c.obj                   140     0         0      
       memset_t2.asm.obj             122     0         0      
       fclose.c.obj                  116     0         0      
       getdevice.c.obj               116     0         0      
       hostopen.c.obj                96      0         16     
       printf.c.obj                  112     0         0      
       copy_decompress_lzss.c.obj    104     0         0      
       hostlseek.c.obj               104     0         0      
       hostrename.c.obj              104     0         0      
       exit.c.obj                    76      0         24     
       fseek.c.obj                   100     0         0      
       s_frexp.c.obj                 100     0         0      
       _io_perm.c.obj                98      0         0      
       close.c.obj                   92      0         0      
       hostread.c.obj                88      0         0      
       hostwrite.c.obj               88      0         0      
       ltoa.c.obj                    84      0         0      
       atoi.c.obj                    76      0         0      
       fflush.c.obj                  76      0         0      
       fd_toi_t2.asm.obj             72      0         0      
       autoinit.c.obj                68      0         0      
       hostclose.c.obj               68      0         0      
       hostunlink.c.obj              68      0         0      
       strncpy.c.obj                 54      0         0      
       boot_cortex_m.c.obj           52      0         0      
       fopen.c.obj                   52      0         0      
       i_tofd_t2.asm.obj             46      0         0      
       unlink.c.obj                  44      0         0      
       lseek.c.obj                   40      0         0      
       write.c.obj                   40      0         0      
       memchr.c.obj                  32      0         0      
       copy_zero_init.c.obj          28      0         0      
       memccpy.c.obj                 28      0         0      
       s_copysign.c.obj              26      0         0      
       strcmp.c.obj                  24      0         0      
       strchr.c.obj                  22      0         0      
       strcpy.c.obj                  20      0         0      
       strlen.c.obj                  20      0         0      
       _lock.c.obj                   2       0         16     
       wcslen.c.obj                  18      0         0      
       errno.c.obj                   8       0         8      
       copy_decompress_none.c.obj    14      0         0      
       pre_init.c.obj                4       0         0      
       div0.asm.obj                  2       0         0      
    +--+-----------------------------+-------+---------+---------+
       Total:                        10721   257       1888   
                                                              
       Heap:                         0       0         2048   
       Stack:                        0       0         1024   
       Linker Generated:             0       206       0      
    +--+-----------------------------+-------+---------+---------+
       Grand Total:                  21149   991       5568   


LINKER GENERATED COPY TABLES

__TI_cinit_table @ 00005678 records: 3, size/record: 8, table size: 24
	.data: load addr=000055c0, load size=0000009a bytes, run addr=200004e8, run size=0000022c bytes, compression=lzss
	.bss: load addr=00005668, load size=00000008 bytes, run addr=20000714, run size=000001d0 bytes, compression=zero_init
	.vtable: load addr=00005670, load size=00000008 bytes, run addr=20000000, run size=000000e4 bytes, compression=zero_init


LINKER GENERATED HANDLER TABLE

__TI_handler_table @ 0000565c records: 3, size/record: 4, table size: 12
	index: 0, handler: __TI_zero_init
	index: 1, handler: __TI_decompress_lzss
	index: 2, handler: __TI_decompress_none


GLOBAL SYMBOLS: SORTED ALPHABETICALLY BY Name 

address   name                                         
-------   ----                                         
0000536d  ADC14_IRQHandler                             
000020fd  ADC14_clearInterruptFlag                     
00001ca5  ADC14_configureConversionMemory              
00001b4d  ADC14_configureMultiSequenceMode             
00001be3  ADC14_configureSingleSampleMode              
00001ddd  ADC14_disableComparatorWindow                
00001c7b  ADC14_disableConversion                      
0000207b  ADC14_disableInterrupt                       
00001a21  ADC14_disableModule                          
00001ffb  ADC14_disableReferenceBurst                  
00001a61  ADC14_disableSampleTimer                     
00001d4d  ADC14_enableComparatorWindow                 
00001c39  ADC14_enableConversion                       
00002053  ADC14_enableInterrupt                        
00001a19  ADC14_enableModule                           
00001fe5  ADC14_enableReferenceBurst                   
00001a37  ADC14_enableSampleTimer                      
000020c7  ADC14_getEnabledInterruptStatus              
000020a3  ADC14_getInterruptStatus                     
00001f05  ADC14_getMultiSequenceResult                 
00001ad7  ADC14_getResolution                          
00001eeb  ADC14_getResult                              
00001f71  ADC14_getResultArray                         
00001a77  ADC14_initModule                             
00001c87  ADC14_isBusy                                 
00002129  ADC14_registerInterrupt                      
00001e3b  ADC14_setComparatorWindowValue               
00002011  ADC14_setPowerMode                           
00001abd  ADC14_setResolution                          
00001ec1  ADC14_setResultFormat                        
00001b23  ADC14_setSampleHoldTime                      
00001ae1  ADC14_setSampleHoldTrigger                   
00001c59  ADC14_toggleConversionTrigger                
0000213d  ADC14_unregisterInterrupt                    
0000536d  AES256_IRQHandler                            
0000536d  BusFault_Handler                             
0000538d  C$$EXIT                                      
0000507b  C$$IO$$                                      
0000536d  COMP_E0_IRQHandler                           
0000536d  COMP_E1_IRQHandler                           
00005043  CPU_basepriGet                               
00005035  CPU_basepriSet                               
0000500f  CPU_cpsid                                    
00005025  CPU_cpsie                                    
0000501b  CPU_primask                                  
00005031  CPU_wfi                                      
0000536d  CS_IRQHandler                                
00000de5  CS_clearInterruptFlag                        
0000068d  CS_disableClockRequest                       
00000773  CS_disableDCOExternalResistor                
00000cb9  CS_disableFaultCounter                       
00000da3  CS_disableInterrupt                          
00000665  CS_enableClockRequest                        
000006d5  CS_enableDCOExternalResistor                 
00000c8d  CS_enableFaultCounter                        
00000d81  CS_enableInterrupt                           
00000c25  CS_getACLK                                   
00000be5  CS_getBCLK                                   
0000086d  CS_getDCOFrequency                           
00000dcb  CS_getEnabledInterruptStatus                 
00000c01  CS_getHSMCLK                                 
00000dc5  CS_getInterruptStatus                        
00000c6b  CS_getMCLK                                   
00000c49  CS_getSMCLK                                  
00000385  CS_initClockSignal                           
00000e07  CS_registerInterrupt                         
00000ce5  CS_resetFaultCounter                         
00000791  CS_setDCOCenteredFrequency                   
000006fd  CS_setDCOExternalResistorCalibration         
00000a0d  CS_setDCOFrequency                           
00000349  CS_setExternalClockSourceFrequency           
000006af  CS_setReferenceOscillatorFrequency           
00000d31  CS_startFaultCounter                         
00000489  CS_startHFXT                                 
000004ad  CS_startHFXTWithTimeout                      
00000571  CS_startLFXT                                 
00000595  CS_startLFXTWithTimeout                      
000007c9  CS_tuneDCOFrequency                          
00000e1b  CS_unregisterInterrupt                       
0000536d  DMA_ERR_IRQHandler                           
0000536d  DMA_INT0_IRQHandler                          
0000536d  DMA_INT1_IRQHandler                          
0000536d  DMA_INT2_IRQHandler                          
0000536d  DMA_INT3_IRQHandler                          
0000536d  DebugMon_Handler                             
0000536d  Default_Handler                              
0000536d  EUSCIA0_IRQHandler                           
0000536d  EUSCIA1_IRQHandler                           
0000536d  EUSCIA2_IRQHandler                           
0000536d  EUSCIA3_IRQHandler                           
0000536d  EUSCIB0_IRQHandler                           
0000536d  EUSCIB1_IRQHandler                           
0000536d  EUSCIB2_IRQHandler                           
0000536d  EUSCIB3_IRQHandler                           
0000536d  FLCTL_IRQHandler                             
0000536d  FPU_IRQHandler                               
000024a7  GPIO_clearInterruptFlag                      
00002467  GPIO_disableInterrupt                        
00002445  GPIO_enableInterrupt                         
000024ff  GPIO_getEnabledInterruptStatus               
00002417  GPIO_getInputPinValue                        
00002489  GPIO_getInterruptStatus                      
000024c9  GPIO_interruptEdgeSelect                     
000025bf  GPIO_registerInterrupt                       
000021bf  GPIO_setAsInputPin                           
00002373  GPIO_setAsInputPinWithPullDownResistor       
000023c5  GPIO_setAsInputPinWithPullUpResistor         
00002185  GPIO_setAsOutputPin                          
00002289  GPIO_setAsPeripheralModuleFunctionInputPin   
00002205  GPIO_setAsPeripheralModuleFunctionOutputPin  
0000257b  GPIO_setDriveStrengthHigh                    
0000259d  GPIO_setDriveStrengthLow                     
0000230d  GPIO_setOutputHighOnPin                      
0000232f  GPIO_setOutputLowOnPin                       
00002351  GPIO_toggleOutputOnPin                       
000025df  GPIO_unregisterInterrupt                     
00004ec1  HOSTclose                                    
00004865  HOSTlseek                                    
00004b31  HOSTopen                                     
00004bed  HOSTread                                     
000048cd  HOSTrename                                   
00004f05  HOSTunlink                                   
00004c45  HOSTwrite                                    
0000536d  HardFault_Handler                            
000027c7  Interrupt_disableInterrupt                   
00002617  Interrupt_disableMaster                      
000029c5  Interrupt_disableSleepOnIsrExit              
00002755  Interrupt_enableInterrupt                    
00002607  Interrupt_enableMaster                       
000029b3  Interrupt_enableSleepOnIsrExit               
0000272f  Interrupt_getPriority                        
000026a7  Interrupt_getPriorityGrouping                
00002993  Interrupt_getPriorityMask                    
000029ad  Interrupt_getVectorTableAddress              
00002839  Interrupt_isEnabled                          
000028c5  Interrupt_pendInterrupt                      
00002627  Interrupt_registerInterrupt                  
000026df  Interrupt_setPriority                        
0000268d  Interrupt_setPriorityGrouping                
00002983  Interrupt_setPriorityMask                    
0000299d  Interrupt_setVectorTableAddress              
00002935  Interrupt_unpendInterrupt                    
00002679  Interrupt_unregisterInterrupt                
0000536d  MemManage_Handler                            
0000536d  NMI_Handler                                  
0000536d  PCM_IRQHandler                               
0000536d  PORT1_IRQHandler                             
0000536d  PORT2_IRQHandler                             
0000536d  PORT3_IRQHandler                             
0000536d  PORT4_IRQHandler                             
0000536d  PORT5_IRQHandler                             
0000536d  PORT6_IRQHandler                             
0000536d  PSS_IRQHandler                               
0000536d  PendSV_Handler                               
00004283  REF_A_disableReferenceVoltage                
00004273  REF_A_disableReferenceVoltageOutput          
0000425b  REF_A_disableTempSensor                      
0000427b  REF_A_enableReferenceVoltage                 
0000426b  REF_A_enableReferenceVoltageOutput           
00004263  REF_A_enableTempSensor                       
0000428b  REF_A_getBandgapMode                         
000042b9  REF_A_getBufferedBandgapVoltageStatus        
000042c5  REF_A_getVariableReferenceVoltageStatus      
00004295  REF_A_isBandgapActive                        
000042ad  REF_A_isRefGenActive                         
000042a1  REF_A_isRefGenBusy                           
000042d9  REF_A_setBufferedBandgapVoltageOneTimeTrigger
00004241  REF_A_setReferenceVoltage                    
000042d1  REF_A_setReferenceVoltageOneTimeTrigger      
0000536d  RTC_C_IRQHandler                             
00005361  Reset_Handler                                
0000536d  SVC_Handler                                  
0000341f  SysCtl_disableGlitchFilter                   
000032af  SysCtl_disableNMISource                      
000033b7  SysCtl_disablePeripheralAtCPUHalt            
000032f9  SysCtl_disableSRAMBank                       
0000337d  SysCtl_disableSRAMBankRetention              
00003413  SysCtl_enableGlitchFilter                    
000032c3  SysCtl_enableNMISource                       
000033a3  SysCtl_enablePeripheralAtCPUHalt             
000032dd  SysCtl_enableSRAMBank                        
00003361  SysCtl_enableSRAMBankRetention               
000032a9  SysCtl_getFlashSize                          
000032d7  SysCtl_getNMISourceStatus                    
000032a3  SysCtl_getSRAMSize                           
0000322d  SysCtl_getTLVInfo                            
0000342b  SysCtl_getTempCalibrationConstant            
00003399  SysCtl_rebootDevice                          
000033ef  SysCtl_setWDTPasswordViolationResetType      
000033cb  SysCtl_setWDTTimeoutResetType                
0000536d  SysTick_Handler                              
20000710  SystemCoreClock                              
000029f5  SystemCoreClockUpdate                        
00002c6d  SystemInit                                   
0000536d  T32_INT1_IRQHandler                          
0000536d  T32_INT2_IRQHandler                          
0000536d  T32_INTC_IRQHandler                          
0000536d  TA0_0_IRQHandler                             
0000536d  TA0_N_IRQHandler                             
0000536d  TA1_0_IRQHandler                             
0000536d  TA1_N_IRQHandler                             
0000536d  TA2_0_IRQHandler                             
0000536d  TA2_N_IRQHandler                             
0000536d  TA3_0_IRQHandler                             
0000536d  TA3_N_IRQHandler                             
0000536d  UsageFault_Handler                           
4000480c  WDTCTL_SYM                                   
0000536d  WDT_A_IRQHandler                             
000041a9  WDT_A_clearTimer                             
00004169  WDT_A_holdTimer                              
000041e5  WDT_A_initIntervalTimer                      
000041c9  WDT_A_initWatchdogTimer                      
00004219  WDT_A_registerInterrupt                      
00004201  WDT_A_setPasswordViolationReset              
0000420d  WDT_A_setTimeoutReset                        
00004189  WDT_A_startTimer                             
0000422d  WDT_A_unregisterInterrupt                    
20000714  __CIOBUF_                                    
20010000  __STACK_END                                  
00000200  __STACK_SIZE                                 
00000400  __SYSMEM_SIZE                                
00005678  __TI_CINIT_Base                              
00005690  __TI_CINIT_Limit                             
0000565c  __TI_Handler_Table_Base                      
00005668  __TI_Handler_Table_Limit                     
00004f49  __TI_auto_init_nobinit_nopinit               
000050bd  __TI_cleanup                                 
200006f0  __TI_cleanup_ptr                             
00004781  __TI_closefile                               
00004935  __TI_decompress_lzss                         
00005353  __TI_decompress_none                         
00004d99  __TI_doflush                                 
200006f4  __TI_dtors_ptr                               
200006f8  __TI_enable_exit_profile_output              
200006e0  __TI_ft_end                                  
ffffffff  __TI_pprof_out_hndl                          
00000e61  __TI_printfi                                 
ffffffff  __TI_prof_data_size                          
ffffffff  __TI_prof_data_start                         
000050f1  __TI_readmsg                                 
00000000  __TI_static_base__                           
20000834  __TI_tmpnams                                 
0000504d  __TI_writemsg                                
00004acd  __TI_wrt_ok                                  
0000527d  __TI_zero_init_nomemset                      
0000457d  __aeabi_cdcmpeq                              
0000457d  __aeabi_cdcmple                              
00004603  __aeabi_cdrcmple                             
00004e79  __aeabi_d2iz                                 
0000364b  __aeabi_dadd                                 
00003935  __aeabi_ddiv                                 
00003db5  __aeabi_dmul                                 
00003641  __aeabi_dsub                                 
00005371  __aeabi_errno_addr                           
00005189  __aeabi_i2d                                  
000037f7  __aeabi_idiv0                                
000037f7  __aeabi_ldiv0                                
00004705  __aeabi_memclr                               
00004705  __aeabi_memclr4                              
00004705  __aeabi_memclr8                              
000043bf  __aeabi_memcpy                               
000043bf  __aeabi_memcpy4                              
000043bf  __aeabi_memcpy8                              
00004707  __aeabi_memset                               
00004707  __aeabi_memset4                              
00004707  __aeabi_memset8                              
200006ec  __aeabi_stderr                               
200006e4  __aeabi_stdin                                
200006e8  __aeabi_stdout                               
0000445b  __aeabi_uldivmod                             
ffffffff  __binit__                                    
ffffffff  __c_args__                                   
UNDEFED   __mpu_init                                   
2000fe00  __stack                                      
00005125  _c_int00_noargs                              
00005390  _ctypes_                                     
200005d8  _device                                      
200004e8  _ftable                                      
200006fc  _lock                                        
000018af  _nop                                         
20000650  _stream                                      
200000e8  _sys_memory                                  
UNDEFED   _system_post_cinit                           
00005389  _system_pre_init                             
20000700  _unlock                                      
0000538d  abort                                        
200006d0  adc                                          
00003eb1  aligned_alloc                                
00004de5  atoi                                         
ffffffff  binit                                        
00004b91  close                                        
000052d1  copysign                                     
000052d1  copysignl                                    
200006dc  delay                                        
2000070c  errno                                        
00004e31  exit                                         
00005159  finddevice                                   
000044f1  fputc                                        
00003b91  fputs                                        
00003fa5  free                                         
00004a05  frexp                                        
00004a05  frexpl                                       
00004a69  fseek                                        
20000000  g_pfnRAMVectors                              
00004f8d  getdevice                                    
00000000  interruptVectors                             
00003ca5  ldexp                                        
00003ca5  ldexpl                                       
0000520d  lseek                                        
00004cf3  ltoa                                         
00002d29  main                                         
00005379  malloc                                       
00003eb1  memalign                                     
000052b5  memccpy                                      
0000525d  memchr                                       
000043bf  memcpy                                       
0000470d  memset                                       
200008dc  parmbuf                                      
0000499d  printf                                       
000044f1  putc                                         
000051b9  remove                                       
00003ca5  scalbn                                       
00003ca5  scalbnl                                      
0000408d  setvbuf                                      
00005303  strchr                                       
000052eb  strcmp                                       
00005319  strcpy                                       
0000532d  strlen                                       
00005085  strncpy                                      
200006d4  toggle1                                      
200006d8  toggle2                                      
000051b9  unlink                                       
00005341  wcslen                                       
00005235  write                                        


GLOBAL SYMBOLS: SORTED BY Symbol Address 

address   name                                         
-------   ----                                         
00000000  __TI_static_base__                           
00000000  interruptVectors                             
00000200  __STACK_SIZE                                 
00000349  CS_setExternalClockSourceFrequency           
00000385  CS_initClockSignal                           
00000400  __SYSMEM_SIZE                                
00000489  CS_startHFXT                                 
000004ad  CS_startHFXTWithTimeout                      
00000571  CS_startLFXT                                 
00000595  CS_startLFXTWithTimeout                      
00000665  CS_enableClockRequest                        
0000068d  CS_disableClockRequest                       
000006af  CS_setReferenceOscillatorFrequency           
000006d5  CS_enableDCOExternalResistor                 
000006fd  CS_setDCOExternalResistorCalibration         
00000773  CS_disableDCOExternalResistor                
00000791  CS_setDCOCenteredFrequency                   
000007c9  CS_tuneDCOFrequency                          
0000086d  CS_getDCOFrequency                           
00000a0d  CS_setDCOFrequency                           
00000be5  CS_getBCLK                                   
00000c01  CS_getHSMCLK                                 
00000c25  CS_getACLK                                   
00000c49  CS_getSMCLK                                  
00000c6b  CS_getMCLK                                   
00000c8d  CS_enableFaultCounter                        
00000cb9  CS_disableFaultCounter                       
00000ce5  CS_resetFaultCounter                         
00000d31  CS_startFaultCounter                         
00000d81  CS_enableInterrupt                           
00000da3  CS_disableInterrupt                          
00000dc5  CS_getInterruptStatus                        
00000dcb  CS_getEnabledInterruptStatus                 
00000de5  CS_clearInterruptFlag                        
00000e07  CS_registerInterrupt                         
00000e1b  CS_unregisterInterrupt                       
00000e61  __TI_printfi                                 
000018af  _nop                                         
00001a19  ADC14_enableModule                           
00001a21  ADC14_disableModule                          
00001a37  ADC14_enableSampleTimer                      
00001a61  ADC14_disableSampleTimer                     
00001a77  ADC14_initModule                             
00001abd  ADC14_setResolution                          
00001ad7  ADC14_getResolution                          
00001ae1  ADC14_setSampleHoldTrigger                   
00001b23  ADC14_setSampleHoldTime                      
00001b4d  ADC14_configureMultiSequenceMode             
00001be3  ADC14_configureSingleSampleMode              
00001c39  ADC14_enableConversion                       
00001c59  ADC14_toggleConversionTrigger                
00001c7b  ADC14_disableConversion                      
00001c87  ADC14_isBusy                                 
00001ca5  ADC14_configureConversionMemory              
00001d4d  ADC14_enableComparatorWindow                 
00001ddd  ADC14_disableComparatorWindow                
00001e3b  ADC14_setComparatorWindowValue               
00001ec1  ADC14_setResultFormat                        
00001eeb  ADC14_getResult                              
00001f05  ADC14_getMultiSequenceResult                 
00001f71  ADC14_getResultArray                         
00001fe5  ADC14_enableReferenceBurst                   
00001ffb  ADC14_disableReferenceBurst                  
00002011  ADC14_setPowerMode                           
00002053  ADC14_enableInterrupt                        
0000207b  ADC14_disableInterrupt                       
000020a3  ADC14_getInterruptStatus                     
000020c7  ADC14_getEnabledInterruptStatus              
000020fd  ADC14_clearInterruptFlag                     
00002129  ADC14_registerInterrupt                      
0000213d  ADC14_unregisterInterrupt                    
00002185  GPIO_setAsOutputPin                          
000021bf  GPIO_setAsInputPin                           
00002205  GPIO_setAsPeripheralModuleFunctionOutputPin  
00002289  GPIO_setAsPeripheralModuleFunctionInputPin   
0000230d  GPIO_setOutputHighOnPin                      
0000232f  GPIO_setOutputLowOnPin                       
00002351  GPIO_toggleOutputOnPin                       
00002373  GPIO_setAsInputPinWithPullDownResistor       
000023c5  GPIO_setAsInputPinWithPullUpResistor         
00002417  GPIO_getInputPinValue                        
00002445  GPIO_enableInterrupt                         
00002467  GPIO_disableInterrupt                        
00002489  GPIO_getInterruptStatus                      
000024a7  GPIO_clearInterruptFlag                      
000024c9  GPIO_interruptEdgeSelect                     
000024ff  GPIO_getEnabledInterruptStatus               
0000257b  GPIO_setDriveStrengthHigh                    
0000259d  GPIO_setDriveStrengthLow                     
000025bf  GPIO_registerInterrupt                       
000025df  GPIO_unregisterInterrupt                     
00002607  Interrupt_enableMaster                       
00002617  Interrupt_disableMaster                      
00002627  Interrupt_registerInterrupt                  
00002679  Interrupt_unregisterInterrupt                
0000268d  Interrupt_setPriorityGrouping                
000026a7  Interrupt_getPriorityGrouping                
000026df  Interrupt_setPriority                        
0000272f  Interrupt_getPriority                        
00002755  Interrupt_enableInterrupt                    
000027c7  Interrupt_disableInterrupt                   
00002839  Interrupt_isEnabled                          
000028c5  Interrupt_pendInterrupt                      
00002935  Interrupt_unpendInterrupt                    
00002983  Interrupt_setPriorityMask                    
00002993  Interrupt_getPriorityMask                    
0000299d  Interrupt_setVectorTableAddress              
000029ad  Interrupt_getVectorTableAddress              
000029b3  Interrupt_enableSleepOnIsrExit               
000029c5  Interrupt_disableSleepOnIsrExit              
000029f5  SystemCoreClockUpdate                        
00002c6d  SystemInit                                   
00002d29  main                                         
0000322d  SysCtl_getTLVInfo                            
000032a3  SysCtl_getSRAMSize                           
000032a9  SysCtl_getFlashSize                          
000032af  SysCtl_disableNMISource                      
000032c3  SysCtl_enableNMISource                       
000032d7  SysCtl_getNMISourceStatus                    
000032dd  SysCtl_enableSRAMBank                        
000032f9  SysCtl_disableSRAMBank                       
00003361  SysCtl_enableSRAMBankRetention               
0000337d  SysCtl_disableSRAMBankRetention              
00003399  SysCtl_rebootDevice                          
000033a3  SysCtl_enablePeripheralAtCPUHalt             
000033b7  SysCtl_disablePeripheralAtCPUHalt            
000033cb  SysCtl_setWDTTimeoutResetType                
000033ef  SysCtl_setWDTPasswordViolationResetType      
00003413  SysCtl_enableGlitchFilter                    
0000341f  SysCtl_disableGlitchFilter                   
0000342b  SysCtl_getTempCalibrationConstant            
00003641  __aeabi_dsub                                 
0000364b  __aeabi_dadd                                 
000037f7  __aeabi_idiv0                                
000037f7  __aeabi_ldiv0                                
00003935  __aeabi_ddiv                                 
00003b91  fputs                                        
00003ca5  ldexp                                        
00003ca5  ldexpl                                       
00003ca5  scalbn                                       
00003ca5  scalbnl                                      
00003db5  __aeabi_dmul                                 
00003eb1  aligned_alloc                                
00003eb1  memalign                                     
00003fa5  free                                         
0000408d  setvbuf                                      
00004169  WDT_A_holdTimer                              
00004189  WDT_A_startTimer                             
000041a9  WDT_A_clearTimer                             
000041c9  WDT_A_initWatchdogTimer                      
000041e5  WDT_A_initIntervalTimer                      
00004201  WDT_A_setPasswordViolationReset              
0000420d  WDT_A_setTimeoutReset                        
00004219  WDT_A_registerInterrupt                      
0000422d  WDT_A_unregisterInterrupt                    
00004241  REF_A_setReferenceVoltage                    
0000425b  REF_A_disableTempSensor                      
00004263  REF_A_enableTempSensor                       
0000426b  REF_A_enableReferenceVoltageOutput           
00004273  REF_A_disableReferenceVoltageOutput          
0000427b  REF_A_enableReferenceVoltage                 
00004283  REF_A_disableReferenceVoltage                
0000428b  REF_A_getBandgapMode                         
00004295  REF_A_isBandgapActive                        
000042a1  REF_A_isRefGenBusy                           
000042ad  REF_A_isRefGenActive                         
000042b9  REF_A_getBufferedBandgapVoltageStatus        
000042c5  REF_A_getVariableReferenceVoltageStatus      
000042d1  REF_A_setReferenceVoltageOneTimeTrigger      
000042d9  REF_A_setBufferedBandgapVoltageOneTimeTrigger
000043bf  __aeabi_memcpy                               
000043bf  __aeabi_memcpy4                              
000043bf  __aeabi_memcpy8                              
000043bf  memcpy                                       
0000445b  __aeabi_uldivmod                             
000044f1  fputc                                        
000044f1  putc                                         
0000457d  __aeabi_cdcmpeq                              
0000457d  __aeabi_cdcmple                              
00004603  __aeabi_cdrcmple                             
00004705  __aeabi_memclr                               
00004705  __aeabi_memclr4                              
00004705  __aeabi_memclr8                              
00004707  __aeabi_memset                               
00004707  __aeabi_memset4                              
00004707  __aeabi_memset8                              
0000470d  memset                                       
00004781  __TI_closefile                               
00004865  HOSTlseek                                    
000048cd  HOSTrename                                   
00004935  __TI_decompress_lzss                         
0000499d  printf                                       
00004a05  frexp                                        
00004a05  frexpl                                       
00004a69  fseek                                        
00004acd  __TI_wrt_ok                                  
00004b31  HOSTopen                                     
00004b91  close                                        
00004bed  HOSTread                                     
00004c45  HOSTwrite                                    
00004cf3  ltoa                                         
00004d99  __TI_doflush                                 
00004de5  atoi                                         
00004e31  exit                                         
00004e79  __aeabi_d2iz                                 
00004ec1  HOSTclose                                    
00004f05  HOSTunlink                                   
00004f49  __TI_auto_init_nobinit_nopinit               
00004f8d  getdevice                                    
0000500f  CPU_cpsid                                    
0000501b  CPU_primask                                  
00005025  CPU_cpsie                                    
00005031  CPU_wfi                                      
00005035  CPU_basepriSet                               
00005043  CPU_basepriGet                               
0000504d  __TI_writemsg                                
0000507b  C$$IO$$                                      
00005085  strncpy                                      
000050bd  __TI_cleanup                                 
000050f1  __TI_readmsg                                 
00005125  _c_int00_noargs                              
00005159  finddevice                                   
00005189  __aeabi_i2d                                  
000051b9  remove                                       
000051b9  unlink                                       
0000520d  lseek                                        
00005235  write                                        
0000525d  memchr                                       
0000527d  __TI_zero_init_nomemset                      
000052b5  memccpy                                      
000052d1  copysign                                     
000052d1  copysignl                                    
000052eb  strcmp                                       
00005303  strchr                                       
00005319  strcpy                                       
0000532d  strlen                                       
00005341  wcslen                                       
00005353  __TI_decompress_none                         
00005361  Reset_Handler                                
0000536d  ADC14_IRQHandler                             
0000536d  AES256_IRQHandler                            
0000536d  BusFault_Handler                             
0000536d  COMP_E0_IRQHandler                           
0000536d  COMP_E1_IRQHandler                           
0000536d  CS_IRQHandler                                
0000536d  DMA_ERR_IRQHandler                           
0000536d  DMA_INT0_IRQHandler                          
0000536d  DMA_INT1_IRQHandler                          
0000536d  DMA_INT2_IRQHandler                          
0000536d  DMA_INT3_IRQHandler                          
0000536d  DebugMon_Handler                             
0000536d  Default_Handler                              
0000536d  EUSCIA0_IRQHandler                           
0000536d  EUSCIA1_IRQHandler                           
0000536d  EUSCIA2_IRQHandler                           
0000536d  EUSCIA3_IRQHandler                           
0000536d  EUSCIB0_IRQHandler                           
0000536d  EUSCIB1_IRQHandler                           
0000536d  EUSCIB2_IRQHandler                           
0000536d  EUSCIB3_IRQHandler                           
0000536d  FLCTL_IRQHandler                             
0000536d  FPU_IRQHandler                               
0000536d  HardFault_Handler                            
0000536d  MemManage_Handler                            
0000536d  NMI_Handler                                  
0000536d  PCM_IRQHandler                               
0000536d  PORT1_IRQHandler                             
0000536d  PORT2_IRQHandler                             
0000536d  PORT3_IRQHandler                             
0000536d  PORT4_IRQHandler                             
0000536d  PORT5_IRQHandler                             
0000536d  PORT6_IRQHandler                             
0000536d  PSS_IRQHandler                               
0000536d  PendSV_Handler                               
0000536d  RTC_C_IRQHandler                             
0000536d  SVC_Handler                                  
0000536d  SysTick_Handler                              
0000536d  T32_INT1_IRQHandler                          
0000536d  T32_INT2_IRQHandler                          
0000536d  T32_INTC_IRQHandler                          
0000536d  TA0_0_IRQHandler                             
0000536d  TA0_N_IRQHandler                             
0000536d  TA1_0_IRQHandler                             
0000536d  TA1_N_IRQHandler                             
0000536d  TA2_0_IRQHandler                             
0000536d  TA2_N_IRQHandler                             
0000536d  TA3_0_IRQHandler                             
0000536d  TA3_N_IRQHandler                             
0000536d  UsageFault_Handler                           
0000536d  WDT_A_IRQHandler                             
00005371  __aeabi_errno_addr                           
00005379  malloc                                       
00005389  _system_pre_init                             
0000538d  C$$EXIT                                      
0000538d  abort                                        
00005390  _ctypes_                                     
0000565c  __TI_Handler_Table_Base                      
00005668  __TI_Handler_Table_Limit                     
00005678  __TI_CINIT_Base                              
00005690  __TI_CINIT_Limit                             
20000000  g_pfnRAMVectors                              
200000e8  _sys_memory                                  
200004e8  _ftable                                      
200005d8  _device                                      
20000650  _stream                                      
200006d0  adc                                          
200006d4  toggle1                                      
200006d8  toggle2                                      
200006dc  delay                                        
200006e0  __TI_ft_end                                  
200006e4  __aeabi_stdin                                
200006e8  __aeabi_stdout                               
200006ec  __aeabi_stderr                               
200006f0  __TI_cleanup_ptr                             
200006f4  __TI_dtors_ptr                               
200006f8  __TI_enable_exit_profile_output              
200006fc  _lock                                        
20000700  _unlock                                      
2000070c  errno                                        
20000710  SystemCoreClock                              
20000714  __CIOBUF_                                    
20000834  __TI_tmpnams                                 
200008dc  parmbuf                                      
2000fe00  __stack                                      
20010000  __STACK_END                                  
4000480c  WDTCTL_SYM                                   
ffffffff  __TI_pprof_out_hndl                          
ffffffff  __TI_prof_data_size                          
ffffffff  __TI_prof_data_start                         
ffffffff  __binit__                                    
ffffffff  __c_args__                                   
ffffffff  binit                                        
UNDEFED   __mpu_init                                   
UNDEFED   _system_post_cinit                           

[334 symbols]
