<?xml version="1.0" encoding="ISO-8859-1" ?>
<link_info>
   <banner>TI ARM Linker PC v18.12.2.LTS</banner>
   <copyright>Copyright (c) 1996-2018 Texas Instruments Incorporated</copyright>
   <link_time>0x5ddc6c61</link_time>
   <link_errors>0x0</link_errors>
   <output_file>Lab 8.out</output_file>
   <entry_point>
      <name>_c_int00_noargs</name>
      <address>0x5125</address>
   </entry_point>
   <input_file_list>
      <input_file id="fl-2">
         <path>.\</path>
         <kind>object</kind>
         <file>main.obj</file>
         <name>main.obj</name>
      </input_file>
      <input_file id="fl-3">
         <path>.\</path>
         <kind>object</kind>
         <file>startup_msp432p401r_ccs.obj</file>
         <name>startup_msp432p401r_ccs.obj</name>
      </input_file>
      <input_file id="fl-4">
         <path>.\</path>
         <kind>object</kind>
         <file>system_msp432p401r.obj</file>
         <name>system_msp432p401r.obj</name>
      </input_file>
      <input_file id="fl-5">
         <path>.\driverlib\MSP432P4xx\</path>
         <kind>object</kind>
         <file>adc14.obj</file>
         <name>adc14.obj</name>
      </input_file>
      <input_file id="fl-6">
         <path>.\driverlib\MSP432P4xx\</path>
         <kind>object</kind>
         <file>aes256.obj</file>
         <name>aes256.obj</name>
      </input_file>
      <input_file id="fl-7">
         <path>.\driverlib\MSP432P4xx\</path>
         <kind>object</kind>
         <file>comp_e.obj</file>
         <name>comp_e.obj</name>
      </input_file>
      <input_file id="fl-8">
         <path>.\driverlib\MSP432P4xx\</path>
         <kind>object</kind>
         <file>cpu.obj</file>
         <name>cpu.obj</name>
      </input_file>
      <input_file id="fl-9">
         <path>.\driverlib\MSP432P4xx\</path>
         <kind>object</kind>
         <file>crc32.obj</file>
         <name>crc32.obj</name>
      </input_file>
      <input_file id="fl-a">
         <path>.\driverlib\MSP432P4xx\</path>
         <kind>object</kind>
         <file>cs.obj</file>
         <name>cs.obj</name>
      </input_file>
      <input_file id="fl-b">
         <path>.\driverlib\MSP432P4xx\</path>
         <kind>object</kind>
         <file>dma.obj</file>
         <name>dma.obj</name>
      </input_file>
      <input_file id="fl-c">
         <path>.\driverlib\MSP432P4xx\</path>
         <kind>object</kind>
         <file>flash.obj</file>
         <name>flash.obj</name>
      </input_file>
      <input_file id="fl-d">
         <path>.\driverlib\MSP432P4xx\</path>
         <kind>object</kind>
         <file>fpu.obj</file>
         <name>fpu.obj</name>
      </input_file>
      <input_file id="fl-e">
         <path>.\driverlib\MSP432P4xx\</path>
         <kind>object</kind>
         <file>gpio.obj</file>
         <name>gpio.obj</name>
      </input_file>
      <input_file id="fl-f">
         <path>.\driverlib\MSP432P4xx\</path>
         <kind>object</kind>
         <file>i2c.obj</file>
         <name>i2c.obj</name>
      </input_file>
      <input_file id="fl-10">
         <path>.\driverlib\MSP432P4xx\</path>
         <kind>object</kind>
         <file>interrupt.obj</file>
         <name>interrupt.obj</name>
      </input_file>
      <input_file id="fl-11">
         <path>.\driverlib\MSP432P4xx\</path>
         <kind>object</kind>
         <file>mpu.obj</file>
         <name>mpu.obj</name>
      </input_file>
      <input_file id="fl-12">
         <path>.\driverlib\MSP432P4xx\</path>
         <kind>object</kind>
         <file>pcm.obj</file>
         <name>pcm.obj</name>
      </input_file>
      <input_file id="fl-13">
         <path>.\driverlib\MSP432P4xx\</path>
         <kind>object</kind>
         <file>pmap.obj</file>
         <name>pmap.obj</name>
      </input_file>
      <input_file id="fl-14">
         <path>.\driverlib\MSP432P4xx\</path>
         <kind>object</kind>
         <file>pss.obj</file>
         <name>pss.obj</name>
      </input_file>
      <input_file id="fl-15">
         <path>.\driverlib\MSP432P4xx\</path>
         <kind>object</kind>
         <file>ref_a.obj</file>
         <name>ref_a.obj</name>
      </input_file>
      <input_file id="fl-16">
         <path>.\driverlib\MSP432P4xx\</path>
         <kind>object</kind>
         <file>reset.obj</file>
         <name>reset.obj</name>
      </input_file>
      <input_file id="fl-17">
         <path>.\driverlib\MSP432P4xx\</path>
         <kind>object</kind>
         <file>rtc_c.obj</file>
         <name>rtc_c.obj</name>
      </input_file>
      <input_file id="fl-18">
         <path>.\driverlib\MSP432P4xx\</path>
         <kind>object</kind>
         <file>spi.obj</file>
         <name>spi.obj</name>
      </input_file>
      <input_file id="fl-19">
         <path>.\driverlib\MSP432P4xx\</path>
         <kind>object</kind>
         <file>sysctl.obj</file>
         <name>sysctl.obj</name>
      </input_file>
      <input_file id="fl-1a">
         <path>.\driverlib\MSP432P4xx\</path>
         <kind>object</kind>
         <file>systick.obj</file>
         <name>systick.obj</name>
      </input_file>
      <input_file id="fl-1b">
         <path>.\driverlib\MSP432P4xx\</path>
         <kind>object</kind>
         <file>timer32.obj</file>
         <name>timer32.obj</name>
      </input_file>
      <input_file id="fl-1c">
         <path>.\driverlib\MSP432P4xx\</path>
         <kind>object</kind>
         <file>timer_a.obj</file>
         <name>timer_a.obj</name>
      </input_file>
      <input_file id="fl-1d">
         <path>.\driverlib\MSP432P4xx\</path>
         <kind>object</kind>
         <file>uart.obj</file>
         <name>uart.obj</name>
      </input_file>
      <input_file id="fl-1e">
         <path>.\driverlib\MSP432P4xx\</path>
         <kind>object</kind>
         <file>wdt_a.obj</file>
         <name>wdt_a.obj</name>
      </input_file>
      <input_file id="fl-22">
         <kind>object</kind>
         <file>&lt;internal&gt;</file>
         <name>&lt;internal&gt;</name>
      </input_file>
      <input_file id="fl-d8">
         <path>C:\ti\ccs910\ccs\tools\compiler\ti-cgt-arm_18.12.2.LTS\lib\</path>
         <kind>archive</kind>
         <file>rtsv7M4_T_le_v4SPD16_eabi.lib</file>
         <name>printf.c.obj</name>
      </input_file>
      <input_file id="fl-d9">
         <path>C:\ti\ccs910\ccs\tools\compiler\ti-cgt-arm_18.12.2.LTS\lib\</path>
         <kind>archive</kind>
         <file>rtsv7M4_T_le_v4SPD16_eabi.lib</file>
         <name>_printfi.c.obj</name>
      </input_file>
      <input_file id="fl-da">
         <path>C:\ti\ccs910\ccs\tools\compiler\ti-cgt-arm_18.12.2.LTS\lib\</path>
         <kind>archive</kind>
         <file>rtsv7M4_T_le_v4SPD16_eabi.lib</file>
         <name>fputc.c.obj</name>
      </input_file>
      <input_file id="fl-db">
         <path>C:\ti\ccs910\ccs\tools\compiler\ti-cgt-arm_18.12.2.LTS\lib\</path>
         <kind>archive</kind>
         <file>rtsv7M4_T_le_v4SPD16_eabi.lib</file>
         <name>fputs.c.obj</name>
      </input_file>
      <input_file id="fl-dc">
         <path>C:\ti\ccs910\ccs\tools\compiler\ti-cgt-arm_18.12.2.LTS\lib\</path>
         <kind>archive</kind>
         <file>rtsv7M4_T_le_v4SPD16_eabi.lib</file>
         <name>_io_perm.c.obj</name>
      </input_file>
      <input_file id="fl-dd">
         <path>C:\ti\ccs910\ccs\tools\compiler\ti-cgt-arm_18.12.2.LTS\lib\</path>
         <kind>archive</kind>
         <file>rtsv7M4_T_le_v4SPD16_eabi.lib</file>
         <name>setvbuf.c.obj</name>
      </input_file>
      <input_file id="fl-de">
         <path>C:\ti\ccs910\ccs\tools\compiler\ti-cgt-arm_18.12.2.LTS\lib\</path>
         <kind>archive</kind>
         <file>rtsv7M4_T_le_v4SPD16_eabi.lib</file>
         <name>s_frexp.c.obj</name>
      </input_file>
      <input_file id="fl-df">
         <path>C:\ti\ccs910\ccs\tools\compiler\ti-cgt-arm_18.12.2.LTS\lib\</path>
         <kind>archive</kind>
         <file>rtsv7M4_T_le_v4SPD16_eabi.lib</file>
         <name>s_scalbn.c.obj</name>
      </input_file>
      <input_file id="fl-e0">
         <path>C:\ti\ccs910\ccs\tools\compiler\ti-cgt-arm_18.12.2.LTS\lib\</path>
         <kind>archive</kind>
         <file>rtsv7M4_T_le_v4SPD16_eabi.lib</file>
         <name>ull_div_t2.asm.obj</name>
      </input_file>
      <input_file id="fl-e1">
         <path>C:\ti\ccs910\ccs\tools\compiler\ti-cgt-arm_18.12.2.LTS\lib\</path>
         <kind>archive</kind>
         <file>rtsv7M4_T_le_v4SPD16_eabi.lib</file>
         <name>memset_t2.asm.obj</name>
      </input_file>
      <input_file id="fl-e2">
         <path>C:\ti\ccs910\ccs\tools\compiler\ti-cgt-arm_18.12.2.LTS\lib\</path>
         <kind>archive</kind>
         <file>rtsv7M4_T_le_v4SPD16_eabi.lib</file>
         <name>fd_add_t2.asm.obj</name>
      </input_file>
      <input_file id="fl-e3">
         <path>C:\ti\ccs910\ccs\tools\compiler\ti-cgt-arm_18.12.2.LTS\lib\</path>
         <kind>archive</kind>
         <file>rtsv7M4_T_le_v4SPD16_eabi.lib</file>
         <name>fd_cmp_t2.asm.obj</name>
      </input_file>
      <input_file id="fl-e4">
         <path>C:\ti\ccs910\ccs\tools\compiler\ti-cgt-arm_18.12.2.LTS\lib\</path>
         <kind>archive</kind>
         <file>rtsv7M4_T_le_v4SPD16_eabi.lib</file>
         <name>fd_div_t2.asm.obj</name>
      </input_file>
      <input_file id="fl-e5">
         <path>C:\ti\ccs910\ccs\tools\compiler\ti-cgt-arm_18.12.2.LTS\lib\</path>
         <kind>archive</kind>
         <file>rtsv7M4_T_le_v4SPD16_eabi.lib</file>
         <name>fd_mul_t2.asm.obj</name>
      </input_file>
      <input_file id="fl-e6">
         <path>C:\ti\ccs910\ccs\tools\compiler\ti-cgt-arm_18.12.2.LTS\lib\</path>
         <kind>archive</kind>
         <file>rtsv7M4_T_le_v4SPD16_eabi.lib</file>
         <name>fd_toi_t2.asm.obj</name>
      </input_file>
      <input_file id="fl-e7">
         <path>C:\ti\ccs910\ccs\tools\compiler\ti-cgt-arm_18.12.2.LTS\lib\</path>
         <kind>archive</kind>
         <file>rtsv7M4_T_le_v4SPD16_eabi.lib</file>
         <name>i_tofd_t2.asm.obj</name>
      </input_file>
      <input_file id="fl-e8">
         <path>C:\ti\ccs910\ccs\tools\compiler\ti-cgt-arm_18.12.2.LTS\lib\</path>
         <kind>archive</kind>
         <file>rtsv7M4_T_le_v4SPD16_eabi.lib</file>
         <name>memcpy_t2.asm.obj</name>
      </input_file>
      <input_file id="fl-e9">
         <path>C:\ti\ccs910\ccs\tools\compiler\ti-cgt-arm_18.12.2.LTS\lib\</path>
         <kind>archive</kind>
         <file>rtsv7M4_T_le_v4SPD16_eabi.lib</file>
         <name>copy_zero_init.c.obj</name>
      </input_file>
      <input_file id="fl-ea">
         <path>C:\ti\ccs910\ccs\tools\compiler\ti-cgt-arm_18.12.2.LTS\lib\</path>
         <kind>archive</kind>
         <file>rtsv7M4_T_le_v4SPD16_eabi.lib</file>
         <name>copy_decompress_none.c.obj</name>
      </input_file>
      <input_file id="fl-eb">
         <path>C:\ti\ccs910\ccs\tools\compiler\ti-cgt-arm_18.12.2.LTS\lib\</path>
         <kind>archive</kind>
         <file>rtsv7M4_T_le_v4SPD16_eabi.lib</file>
         <name>copy_decompress_lzss.c.obj</name>
      </input_file>
      <input_file id="fl-ec">
         <path>C:\ti\ccs910\ccs\tools\compiler\ti-cgt-arm_18.12.2.LTS\lib\</path>
         <kind>archive</kind>
         <file>rtsv7M4_T_le_v4SPD16_eabi.lib</file>
         <name>exit.c.obj</name>
      </input_file>
      <input_file id="fl-ed">
         <path>C:\ti\ccs910\ccs\tools\compiler\ti-cgt-arm_18.12.2.LTS\lib\</path>
         <kind>archive</kind>
         <file>rtsv7M4_T_le_v4SPD16_eabi.lib</file>
         <name>_lock.c.obj</name>
      </input_file>
      <input_file id="fl-ee">
         <path>C:\ti\ccs910\ccs\tools\compiler\ti-cgt-arm_18.12.2.LTS\lib\</path>
         <kind>archive</kind>
         <file>rtsv7M4_T_le_v4SPD16_eabi.lib</file>
         <name>atoi.c.obj</name>
      </input_file>
      <input_file id="fl-ef">
         <path>C:\ti\ccs910\ccs\tools\compiler\ti-cgt-arm_18.12.2.LTS\lib\</path>
         <kind>archive</kind>
         <file>rtsv7M4_T_le_v4SPD16_eabi.lib</file>
         <name>ctype.c.obj</name>
      </input_file>
      <input_file id="fl-f0">
         <path>C:\ti\ccs910\ccs\tools\compiler\ti-cgt-arm_18.12.2.LTS\lib\</path>
         <kind>archive</kind>
         <file>rtsv7M4_T_le_v4SPD16_eabi.lib</file>
         <name>defs.c.obj</name>
      </input_file>
      <input_file id="fl-f1">
         <path>C:\ti\ccs910\ccs\tools\compiler\ti-cgt-arm_18.12.2.LTS\lib\</path>
         <kind>archive</kind>
         <file>rtsv7M4_T_le_v4SPD16_eabi.lib</file>
         <name>ltoa.c.obj</name>
      </input_file>
      <input_file id="fl-f2">
         <path>C:\ti\ccs910\ccs\tools\compiler\ti-cgt-arm_18.12.2.LTS\lib\</path>
         <kind>archive</kind>
         <file>rtsv7M4_T_le_v4SPD16_eabi.lib</file>
         <name>memccpy.c.obj</name>
      </input_file>
      <input_file id="fl-f3">
         <path>C:\ti\ccs910\ccs\tools\compiler\ti-cgt-arm_18.12.2.LTS\lib\</path>
         <kind>archive</kind>
         <file>rtsv7M4_T_le_v4SPD16_eabi.lib</file>
         <name>memchr.c.obj</name>
      </input_file>
      <input_file id="fl-f4">
         <path>C:\ti\ccs910\ccs\tools\compiler\ti-cgt-arm_18.12.2.LTS\lib\</path>
         <kind>archive</kind>
         <file>rtsv7M4_T_le_v4SPD16_eabi.lib</file>
         <name>memory.c.obj</name>
      </input_file>
      <input_file id="fl-f5">
         <path>C:\ti\ccs910\ccs\tools\compiler\ti-cgt-arm_18.12.2.LTS\lib\</path>
         <kind>archive</kind>
         <file>rtsv7M4_T_le_v4SPD16_eabi.lib</file>
         <name>strchr.c.obj</name>
      </input_file>
      <input_file id="fl-f6">
         <path>C:\ti\ccs910\ccs\tools\compiler\ti-cgt-arm_18.12.2.LTS\lib\</path>
         <kind>archive</kind>
         <file>rtsv7M4_T_le_v4SPD16_eabi.lib</file>
         <name>strlen.c.obj</name>
      </input_file>
      <input_file id="fl-f7">
         <path>C:\ti\ccs910\ccs\tools\compiler\ti-cgt-arm_18.12.2.LTS\lib\</path>
         <kind>archive</kind>
         <file>rtsv7M4_T_le_v4SPD16_eabi.lib</file>
         <name>write.c.obj</name>
      </input_file>
      <input_file id="fl-f8">
         <path>C:\ti\ccs910\ccs\tools\compiler\ti-cgt-arm_18.12.2.LTS\lib\</path>
         <kind>archive</kind>
         <file>rtsv7M4_T_le_v4SPD16_eabi.lib</file>
         <name>host_device.c.obj</name>
      </input_file>
      <input_file id="fl-f9">
         <path>C:\ti\ccs910\ccs\tools\compiler\ti-cgt-arm_18.12.2.LTS\lib\</path>
         <kind>archive</kind>
         <file>rtsv7M4_T_le_v4SPD16_eabi.lib</file>
         <name>boot_cortex_m.c.obj</name>
      </input_file>
      <input_file id="fl-fa">
         <path>C:\ti\ccs910\ccs\tools\compiler\ti-cgt-arm_18.12.2.LTS\lib\</path>
         <kind>archive</kind>
         <file>rtsv7M4_T_le_v4SPD16_eabi.lib</file>
         <name>errno.c.obj</name>
      </input_file>
      <input_file id="fl-fb">
         <path>C:\ti\ccs910\ccs\tools\compiler\ti-cgt-arm_18.12.2.LTS\lib\</path>
         <kind>archive</kind>
         <file>rtsv7M4_T_le_v4SPD16_eabi.lib</file>
         <name>wcslen.c.obj</name>
      </input_file>
      <input_file id="fl-fc">
         <path>C:\ti\ccs910\ccs\tools\compiler\ti-cgt-arm_18.12.2.LTS\lib\</path>
         <kind>archive</kind>
         <file>rtsv7M4_T_le_v4SPD16_eabi.lib</file>
         <name>s_copysign.c.obj</name>
      </input_file>
      <input_file id="fl-fd">
         <path>C:\ti\ccs910\ccs\tools\compiler\ti-cgt-arm_18.12.2.LTS\lib\</path>
         <kind>archive</kind>
         <file>rtsv7M4_T_le_v4SPD16_eabi.lib</file>
         <name>fflush.c.obj</name>
      </input_file>
      <input_file id="fl-fe">
         <path>C:\ti\ccs910\ccs\tools\compiler\ti-cgt-arm_18.12.2.LTS\lib\</path>
         <kind>archive</kind>
         <file>rtsv7M4_T_le_v4SPD16_eabi.lib</file>
         <name>fopen.c.obj</name>
      </input_file>
      <input_file id="fl-ff">
         <path>C:\ti\ccs910\ccs\tools\compiler\ti-cgt-arm_18.12.2.LTS\lib\</path>
         <kind>archive</kind>
         <file>rtsv7M4_T_le_v4SPD16_eabi.lib</file>
         <name>fseek.c.obj</name>
      </input_file>
      <input_file id="fl-100">
         <path>C:\ti\ccs910\ccs\tools\compiler\ti-cgt-arm_18.12.2.LTS\lib\</path>
         <kind>archive</kind>
         <file>rtsv7M4_T_le_v4SPD16_eabi.lib</file>
         <name>div0.asm.obj</name>
      </input_file>
      <input_file id="fl-101">
         <path>C:\ti\ccs910\ccs\tools\compiler\ti-cgt-arm_18.12.2.LTS\lib\</path>
         <kind>archive</kind>
         <file>rtsv7M4_T_le_v4SPD16_eabi.lib</file>
         <name>autoinit.c.obj</name>
      </input_file>
      <input_file id="fl-102">
         <path>C:\ti\ccs910\ccs\tools\compiler\ti-cgt-arm_18.12.2.LTS\lib\</path>
         <kind>archive</kind>
         <file>rtsv7M4_T_le_v4SPD16_eabi.lib</file>
         <name>pre_init.c.obj</name>
      </input_file>
      <input_file id="fl-103">
         <path>C:\ti\ccs910\ccs\tools\compiler\ti-cgt-arm_18.12.2.LTS\lib\</path>
         <kind>archive</kind>
         <file>rtsv7M4_T_le_v4SPD16_eabi.lib</file>
         <name>cpy_tbl.c.obj</name>
      </input_file>
      <input_file id="fl-104">
         <path>C:\ti\ccs910\ccs\tools\compiler\ti-cgt-arm_18.12.2.LTS\lib\</path>
         <kind>archive</kind>
         <file>rtsv7M4_T_le_v4SPD16_eabi.lib</file>
         <name>args_main.c.obj</name>
      </input_file>
      <input_file id="fl-105">
         <path>C:\ti\ccs910\ccs\tools\compiler\ti-cgt-arm_18.12.2.LTS\lib\</path>
         <kind>archive</kind>
         <file>rtsv7M4_T_le_v4SPD16_eabi.lib</file>
         <name>hostclose.c.obj</name>
      </input_file>
      <input_file id="fl-106">
         <path>C:\ti\ccs910\ccs\tools\compiler\ti-cgt-arm_18.12.2.LTS\lib\</path>
         <kind>archive</kind>
         <file>rtsv7M4_T_le_v4SPD16_eabi.lib</file>
         <name>hostlseek.c.obj</name>
      </input_file>
      <input_file id="fl-107">
         <path>C:\ti\ccs910\ccs\tools\compiler\ti-cgt-arm_18.12.2.LTS\lib\</path>
         <kind>archive</kind>
         <file>rtsv7M4_T_le_v4SPD16_eabi.lib</file>
         <name>hostopen.c.obj</name>
      </input_file>
      <input_file id="fl-108">
         <path>C:\ti\ccs910\ccs\tools\compiler\ti-cgt-arm_18.12.2.LTS\lib\</path>
         <kind>archive</kind>
         <file>rtsv7M4_T_le_v4SPD16_eabi.lib</file>
         <name>hostread.c.obj</name>
      </input_file>
      <input_file id="fl-109">
         <path>C:\ti\ccs910\ccs\tools\compiler\ti-cgt-arm_18.12.2.LTS\lib\</path>
         <kind>archive</kind>
         <file>rtsv7M4_T_le_v4SPD16_eabi.lib</file>
         <name>hostrename.c.obj</name>
      </input_file>
      <input_file id="fl-10a">
         <path>C:\ti\ccs910\ccs\tools\compiler\ti-cgt-arm_18.12.2.LTS\lib\</path>
         <kind>archive</kind>
         <file>rtsv7M4_T_le_v4SPD16_eabi.lib</file>
         <name>hostunlink.c.obj</name>
      </input_file>
      <input_file id="fl-10b">
         <path>C:\ti\ccs910\ccs\tools\compiler\ti-cgt-arm_18.12.2.LTS\lib\</path>
         <kind>archive</kind>
         <file>rtsv7M4_T_le_v4SPD16_eabi.lib</file>
         <name>hostwrite.c.obj</name>
      </input_file>
      <input_file id="fl-10c">
         <path>C:\ti\ccs910\ccs\tools\compiler\ti-cgt-arm_18.12.2.LTS\lib\</path>
         <kind>archive</kind>
         <file>rtsv7M4_T_le_v4SPD16_eabi.lib</file>
         <name>trgmsg.c.obj</name>
      </input_file>
      <input_file id="fl-10d">
         <path>C:\ti\ccs910\ccs\tools\compiler\ti-cgt-arm_18.12.2.LTS\lib\</path>
         <kind>archive</kind>
         <file>rtsv7M4_T_le_v4SPD16_eabi.lib</file>
         <name>open.c.obj</name>
      </input_file>
      <input_file id="fl-10e">
         <path>C:\ti\ccs910\ccs\tools\compiler\ti-cgt-arm_18.12.2.LTS\lib\</path>
         <kind>archive</kind>
         <file>rtsv7M4_T_le_v4SPD16_eabi.lib</file>
         <name>lseek.c.obj</name>
      </input_file>
      <input_file id="fl-10f">
         <path>C:\ti\ccs910\ccs\tools\compiler\ti-cgt-arm_18.12.2.LTS\lib\</path>
         <kind>archive</kind>
         <file>rtsv7M4_T_le_v4SPD16_eabi.lib</file>
         <name>fclose.c.obj</name>
      </input_file>
      <input_file id="fl-110">
         <path>C:\ti\ccs910\ccs\tools\compiler\ti-cgt-arm_18.12.2.LTS\lib\</path>
         <kind>archive</kind>
         <file>rtsv7M4_T_le_v4SPD16_eabi.lib</file>
         <name>getdevice.c.obj</name>
      </input_file>
      <input_file id="fl-111">
         <path>C:\ti\ccs910\ccs\tools\compiler\ti-cgt-arm_18.12.2.LTS\lib\</path>
         <kind>archive</kind>
         <file>rtsv7M4_T_le_v4SPD16_eabi.lib</file>
         <name>strcmp.c.obj</name>
      </input_file>
      <input_file id="fl-112">
         <path>C:\ti\ccs910\ccs\tools\compiler\ti-cgt-arm_18.12.2.LTS\lib\</path>
         <kind>archive</kind>
         <file>rtsv7M4_T_le_v4SPD16_eabi.lib</file>
         <name>strcpy.c.obj</name>
      </input_file>
      <input_file id="fl-113">
         <path>C:\ti\ccs910\ccs\tools\compiler\ti-cgt-arm_18.12.2.LTS\lib\</path>
         <kind>archive</kind>
         <file>rtsv7M4_T_le_v4SPD16_eabi.lib</file>
         <name>strncpy.c.obj</name>
      </input_file>
      <input_file id="fl-114">
         <path>C:\ti\ccs910\ccs\tools\compiler\ti-cgt-arm_18.12.2.LTS\lib\</path>
         <kind>archive</kind>
         <file>rtsv7M4_T_le_v4SPD16_eabi.lib</file>
         <name>remove.c.obj</name>
      </input_file>
      <input_file id="fl-115">
         <path>C:\ti\ccs910\ccs\tools\compiler\ti-cgt-arm_18.12.2.LTS\lib\</path>
         <kind>archive</kind>
         <file>rtsv7M4_T_le_v4SPD16_eabi.lib</file>
         <name>close.c.obj</name>
      </input_file>
      <input_file id="fl-116">
         <path>C:\ti\ccs910\ccs\tools\compiler\ti-cgt-arm_18.12.2.LTS\lib\</path>
         <kind>archive</kind>
         <file>rtsv7M4_T_le_v4SPD16_eabi.lib</file>
         <name>unlink.c.obj</name>
      </input_file>
   </input_file_list>
   <object_component_list>
      <object_component id="oc-23">
         <name>.intvecs:retain</name>
         <load_address>0x0</load_address>
         <run_address>0x0</run_address>
         <size>0xe4</size>
         <input_file_ref idref="fl-3"/>
      </object_component>
      <object_component id="oc-d9">
         <name>.text</name>
         <load_address>0xe4</load_address>
         <run_address>0xe4</run_address>
         <size>0xd7c</size>
         <input_file_ref idref="fl-a"/>
      </object_component>
      <object_component id="oc-173">
         <name>.text:__TI_printfi</name>
         <load_address>0xe60</load_address>
         <run_address>0xe60</run_address>
         <size>0xa4e</size>
         <input_file_ref idref="fl-d9"/>
      </object_component>
      <object_component id="oc-240">
         <name>.text:_nop</name>
         <load_address>0x18ae</load_address>
         <run_address>0x18ae</run_address>
         <size>0x2</size>
         <input_file_ref idref="fl-ed"/>
      </object_component>
      <object_component id="oc-e5">
         <name>.text</name>
         <load_address>0x18b0</load_address>
         <run_address>0x18b0</run_address>
         <size>0x8d4</size>
         <input_file_ref idref="fl-5"/>
      </object_component>
      <object_component id="oc-df">
         <name>.text</name>
         <load_address>0x2184</load_address>
         <run_address>0x2184</run_address>
         <size>0x480</size>
         <input_file_ref idref="fl-e"/>
      </object_component>
      <object_component id="oc-153">
         <name>.text</name>
         <load_address>0x2604</load_address>
         <run_address>0x2604</run_address>
         <size>0x3f0</size>
         <input_file_ref idref="fl-10"/>
      </object_component>
      <object_component id="oc-a9">
         <name>.text</name>
         <load_address>0x29f4</load_address>
         <run_address>0x29f4</run_address>
         <size>0x334</size>
         <input_file_ref idref="fl-4"/>
      </object_component>
      <object_component id="oc-97">
         <name>.text</name>
         <load_address>0x2d28</load_address>
         <run_address>0x2d28</run_address>
         <size>0x294</size>
         <input_file_ref idref="fl-2"/>
      </object_component>
      <object_component id="oc-21c">
         <name>.text:_pconv_a</name>
         <load_address>0x2fbc</load_address>
         <run_address>0x2fbc</run_address>
         <size>0x270</size>
         <input_file_ref idref="fl-d9"/>
      </object_component>
      <object_component id="oc-14d">
         <name>.text</name>
         <load_address>0x322c</load_address>
         <run_address>0x322c</run_address>
         <size>0x244</size>
         <input_file_ref idref="fl-19"/>
      </object_component>
      <object_component id="oc-20a">
         <name>.text:_pconv_g</name>
         <load_address>0x3470</load_address>
         <run_address>0x3470</run_address>
         <size>0x1d0</size>
         <input_file_ref idref="fl-d9"/>
      </object_component>
      <object_component id="oc-2ba">
         <name>.text</name>
         <load_address>0x3640</load_address>
         <run_address>0x3640</run_address>
         <size>0x1b6</size>
         <input_file_ref idref="fl-e2"/>
      </object_component>
      <object_component id="oc-340">
         <name>.text</name>
         <load_address>0x37f6</load_address>
         <run_address>0x37f6</run_address>
         <size>0x2</size>
         <input_file_ref idref="fl-100"/>
      </object_component>
      <object_component id="oc-216">
         <name>.text:_pconv_e</name>
         <load_address>0x37f8</load_address>
         <run_address>0x37f8</run_address>
         <size>0x13c</size>
         <input_file_ref idref="fl-d9"/>
      </object_component>
      <object_component id="oc-2a0">
         <name>.text</name>
         <load_address>0x3934</load_address>
         <run_address>0x3934</run_address>
         <size>0x136</size>
         <input_file_ref idref="fl-e4"/>
      </object_component>
      <object_component id="oc-2cc">
         <name>.text:fcvt</name>
         <load_address>0x3a6c</load_address>
         <run_address>0x3a6c</run_address>
         <size>0x124</size>
         <input_file_ref idref="fl-d9"/>
      </object_component>
      <object_component id="oc-24e">
         <name>.text:fputs</name>
         <load_address>0x3b90</load_address>
         <run_address>0x3b90</run_address>
         <size>0x114</size>
         <input_file_ref idref="fl-db"/>
      </object_component>
      <object_component id="oc-2e0">
         <name>.text:scalbn</name>
         <load_address>0x3ca4</load_address>
         <run_address>0x3ca4</run_address>
         <size>0x110</size>
         <input_file_ref idref="fl-df"/>
      </object_component>
      <object_component id="oc-29b">
         <name>.text</name>
         <load_address>0x3db4</load_address>
         <run_address>0x3db4</run_address>
         <size>0xfc</size>
         <input_file_ref idref="fl-e5"/>
      </object_component>
      <object_component id="oc-3eb">
         <name>.text:aligned_alloc</name>
         <load_address>0x3eb0</load_address>
         <run_address>0x3eb0</run_address>
         <size>0xf4</size>
         <input_file_ref idref="fl-f4"/>
      </object_component>
      <object_component id="oc-3a9">
         <name>.text:free</name>
         <load_address>0x3fa4</load_address>
         <run_address>0x3fa4</run_address>
         <size>0xe8</size>
         <input_file_ref idref="fl-f4"/>
      </object_component>
      <object_component id="oc-37b">
         <name>.text:setvbuf</name>
         <load_address>0x408c</load_address>
         <run_address>0x408c</run_address>
         <size>0xdc</size>
         <input_file_ref idref="fl-dd"/>
      </object_component>
      <object_component id="oc-d3">
         <name>.text</name>
         <load_address>0x4168</load_address>
         <run_address>0x4168</run_address>
         <size>0xd8</size>
         <input_file_ref idref="fl-1e"/>
      </object_component>
      <object_component id="oc-eb">
         <name>.text</name>
         <load_address>0x4240</load_address>
         <run_address>0x4240</run_address>
         <size>0xcc</size>
         <input_file_ref idref="fl-15"/>
      </object_component>
      <object_component id="oc-1ff">
         <name>.text:_ltostr</name>
         <load_address>0x430c</load_address>
         <run_address>0x430c</run_address>
         <size>0xb1</size>
         <input_file_ref idref="fl-d9"/>
      </object_component>
      <object_component id="oc-37">
         <name>.text</name>
         <load_address>0x43be</load_address>
         <run_address>0x43be</run_address>
         <size>0x9c</size>
         <input_file_ref idref="fl-e8"/>
      </object_component>
      <object_component id="oc-294">
         <name>.text</name>
         <load_address>0x445a</load_address>
         <run_address>0x445a</run_address>
         <size>0x96</size>
         <input_file_ref idref="fl-e0"/>
      </object_component>
      <object_component id="oc-255">
         <name>.text:fputc</name>
         <load_address>0x44f0</load_address>
         <run_address>0x44f0</run_address>
         <size>0x8c</size>
         <input_file_ref idref="fl-da"/>
      </object_component>
      <object_component id="oc-205">
         <name>.text:__aeabi_cdcmple</name>
         <load_address>0x457c</load_address>
         <run_address>0x457c</run_address>
         <size>0x86</size>
         <input_file_ref idref="fl-e3"/>
      </object_component>
      <object_component id="oc-2a5">
         <name>.text:__aeabi_cdrcmple</name>
         <load_address>0x4602</load_address>
         <run_address>0x4602</run_address>
         <size>0x86</size>
         <input_file_ref idref="fl-e3"/>
      </object_component>
      <object_component id="oc-433">
         <name>.text:split</name>
         <load_address>0x4688</load_address>
         <run_address>0x4688</run_address>
         <size>0x7c</size>
         <input_file_ref idref="fl-f4"/>
      </object_component>
      <object_component id="oc-8b">
         <name>.text</name>
         <load_address>0x4704</load_address>
         <run_address>0x4704</run_address>
         <size>0x7a</size>
         <input_file_ref idref="fl-e1"/>
      </object_component>
      <object_component id="oc-3f2">
         <name>.text:__TI_closefile</name>
         <load_address>0x4780</load_address>
         <run_address>0x4780</run_address>
         <size>0x74</size>
         <input_file_ref idref="fl-10f"/>
      </object_component>
      <object_component id="oc-2c5">
         <name>.text:_mcpy</name>
         <load_address>0x47f4</load_address>
         <run_address>0x47f4</run_address>
         <size>0x6e</size>
         <input_file_ref idref="fl-d9"/>
      </object_component>
      <object_component id="oc-416">
         <name>.text:HOSTlseek</name>
         <load_address>0x4864</load_address>
         <run_address>0x4864</run_address>
         <size>0x68</size>
         <input_file_ref idref="fl-106"/>
      </object_component>
      <object_component id="oc-422">
         <name>.text:HOSTrename</name>
         <load_address>0x48cc</load_address>
         <run_address>0x48cc</run_address>
         <size>0x68</size>
         <input_file_ref idref="fl-109"/>
      </object_component>
      <object_component id="oc-14">
         <name>.text:decompress:lzss:__TI_decompress_lzss</name>
         <load_address>0x4934</load_address>
         <run_address>0x4934</run_address>
         <size>0x68</size>
         <input_file_ref idref="fl-eb"/>
      </object_component>
      <object_component id="oc-f1">
         <name>.text:printf</name>
         <load_address>0x499c</load_address>
         <run_address>0x499c</run_address>
         <size>0x68</size>
         <input_file_ref idref="fl-d8"/>
      </object_component>
      <object_component id="oc-2da">
         <name>.text:frexp</name>
         <load_address>0x4a04</load_address>
         <run_address>0x4a04</run_address>
         <size>0x64</size>
         <input_file_ref idref="fl-de"/>
      </object_component>
      <object_component id="oc-375">
         <name>.text:fseek</name>
         <load_address>0x4a68</load_address>
         <run_address>0x4a68</run_address>
         <size>0x64</size>
         <input_file_ref idref="fl-ff"/>
      </object_component>
      <object_component id="oc-311">
         <name>.text:__TI_wrt_ok</name>
         <load_address>0x4acc</load_address>
         <run_address>0x4acc</run_address>
         <size>0x62</size>
         <input_file_ref idref="fl-dc"/>
      </object_component>
      <object_component id="oc-3fe">
         <name>.text:HOSTopen</name>
         <load_address>0x4b30</load_address>
         <run_address>0x4b30</run_address>
         <size>0x60</size>
         <input_file_ref idref="fl-107"/>
      </object_component>
      <object_component id="oc-43a">
         <name>.text:close</name>
         <load_address>0x4b90</load_address>
         <run_address>0x4b90</run_address>
         <size>0x5c</size>
         <input_file_ref idref="fl-115"/>
      </object_component>
      <object_component id="oc-40a">
         <name>.text:HOSTread</name>
         <load_address>0x4bec</load_address>
         <run_address>0x4bec</run_address>
         <size>0x58</size>
         <input_file_ref idref="fl-108"/>
      </object_component>
      <object_component id="oc-410">
         <name>.text:HOSTwrite</name>
         <load_address>0x4c44</load_address>
         <run_address>0x4c44</run_address>
         <size>0x58</size>
         <input_file_ref idref="fl-10b"/>
      </object_component>
      <object_component id="oc-210">
         <name>.text:_pconv_f</name>
         <load_address>0x4c9c</load_address>
         <run_address>0x4c9c</run_address>
         <size>0x56</size>
         <input_file_ref idref="fl-d9"/>
      </object_component>
      <object_component id="oc-2af">
         <name>.text:ltoa</name>
         <load_address>0x4cf2</load_address>
         <run_address>0x4cf2</run_address>
         <size>0x54</size>
         <input_file_ref idref="fl-f1"/>
      </object_component>
      <object_component id="oc-2bf">
         <name>.text:_ecpy</name>
         <load_address>0x4d46</load_address>
         <run_address>0x4d46</run_address>
         <size>0x52</size>
         <input_file_ref idref="fl-d9"/>
      </object_component>
      <object_component id="oc-31d">
         <name>.text:__TI_doflush</name>
         <load_address>0x4d98</load_address>
         <run_address>0x4d98</run_address>
         <size>0x4c</size>
         <input_file_ref idref="fl-fd"/>
      </object_component>
      <object_component id="oc-1f9">
         <name>.text:atoi</name>
         <load_address>0x4de4</load_address>
         <run_address>0x4de4</run_address>
         <size>0x4c</size>
         <input_file_ref idref="fl-ee"/>
      </object_component>
      <object_component id="oc-106">
         <name>.text:exit</name>
         <load_address>0x4e30</load_address>
         <run_address>0x4e30</run_address>
         <size>0x48</size>
         <input_file_ref idref="fl-ec"/>
      </object_component>
      <object_component id="oc-2aa">
         <name>.text</name>
         <load_address>0x4e78</load_address>
         <run_address>0x4e78</run_address>
         <size>0x48</size>
         <input_file_ref idref="fl-e6"/>
      </object_component>
      <object_component id="oc-404">
         <name>.text:HOSTclose</name>
         <load_address>0x4ec0</load_address>
         <run_address>0x4ec0</run_address>
         <size>0x44</size>
         <input_file_ref idref="fl-105"/>
      </object_component>
      <object_component id="oc-41c">
         <name>.text:HOSTunlink</name>
         <load_address>0x4f04</load_address>
         <run_address>0x4f04</run_address>
         <size>0x44</size>
         <input_file_ref idref="fl-10a"/>
      </object_component>
      <object_component id="oc-10c">
         <name>.text:__TI_auto_init_nobinit_nopinit:__TI_auto_init_nobinit_nopinit</name>
         <load_address>0x4f48</load_address>
         <run_address>0x4f48</run_address>
         <size>0x44</size>
         <input_file_ref idref="fl-101"/>
      </object_component>
      <object_component id="oc-472">
         <name>.text:getdevice</name>
         <load_address>0x4f8c</load_address>
         <run_address>0x4f8c</run_address>
         <size>0x44</size>
         <input_file_ref idref="fl-110"/>
      </object_component>
      <object_component id="oc-2d2">
         <name>.text:_fcpy</name>
         <load_address>0x4fd0</load_address>
         <run_address>0x4fd0</run_address>
         <size>0x3e</size>
         <input_file_ref idref="fl-d9"/>
      </object_component>
      <object_component id="oc-1c1">
         <name>.text</name>
         <load_address>0x500e</load_address>
         <run_address>0x500e</run_address>
         <size>0x3e</size>
         <input_file_ref idref="fl-8"/>
      </object_component>
      <object_component id="oc-44b">
         <name>.text:__TI_writemsg</name>
         <load_address>0x504c</load_address>
         <run_address>0x504c</run_address>
         <size>0x38</size>
         <input_file_ref idref="fl-10c"/>
      </object_component>
      <object_component id="oc-494">
         <name>.text:strncpy</name>
         <load_address>0x5084</load_address>
         <run_address>0x5084</run_address>
         <size>0x36</size>
         <input_file_ref idref="fl-113"/>
      </object_component>
      <object_component id="oc-3b5">
         <name>.text:__TI_cleanup</name>
         <load_address>0x50bc</load_address>
         <run_address>0x50bc</run_address>
         <size>0x34</size>
         <input_file_ref idref="fl-fe"/>
      </object_component>
      <object_component id="oc-451">
         <name>.text:__TI_readmsg</name>
         <load_address>0x50f0</load_address>
         <run_address>0x50f0</run_address>
         <size>0x34</size>
         <input_file_ref idref="fl-10c"/>
      </object_component>
      <object_component id="oc-55">
         <name>.text:_c_int00_noargs:_c_int00_noargs</name>
         <load_address>0x5124</load_address>
         <run_address>0x5124</run_address>
         <size>0x34</size>
         <input_file_ref idref="fl-f9"/>
      </object_component>
      <object_component id="oc-49a">
         <name>.text:finddevice</name>
         <load_address>0x5158</load_address>
         <run_address>0x5158</run_address>
         <size>0x30</size>
         <input_file_ref idref="fl-110"/>
      </object_component>
      <object_component id="oc-2b5">
         <name>.text</name>
         <load_address>0x5188</load_address>
         <run_address>0x5188</run_address>
         <size>0x2e</size>
         <input_file_ref idref="fl-e7"/>
      </object_component>
      <object_component id="oc-440">
         <name>.text:unlink</name>
         <load_address>0x51b8</load_address>
         <run_address>0x51b8</run_address>
         <size>0x2c</size>
         <input_file_ref idref="fl-116"/>
      </object_component>
      <object_component id="oc-3e4">
         <name>.text:free_list_insert</name>
         <load_address>0x51e4</load_address>
         <run_address>0x51e4</run_address>
         <size>0x28</size>
         <input_file_ref idref="fl-f4"/>
      </object_component>
      <object_component id="oc-3a1">
         <name>.text:lseek</name>
         <load_address>0x520c</load_address>
         <run_address>0x520c</run_address>
         <size>0x28</size>
         <input_file_ref idref="fl-10e"/>
      </object_component>
      <object_component id="oc-323">
         <name>.text:write</name>
         <load_address>0x5234</load_address>
         <run_address>0x5234</run_address>
         <size>0x28</size>
         <input_file_ref idref="fl-f7"/>
      </object_component>
      <object_component id="oc-317">
         <name>.text:memchr</name>
         <load_address>0x525c</load_address>
         <run_address>0x525c</run_address>
         <size>0x20</size>
         <input_file_ref idref="fl-f3"/>
      </object_component>
      <object_component id="oc-43">
         <name>.text:decompress:ZI:__TI_zero_init_nomemset:__TI_zero_init_nomemset</name>
         <load_address>0x527c</load_address>
         <run_address>0x527c</run_address>
         <size>0x1c</size>
         <input_file_ref idref="fl-e9"/>
      </object_component>
      <object_component id="oc-3de">
         <name>.text:free_list_remove</name>
         <load_address>0x5298</load_address>
         <run_address>0x5298</run_address>
         <size>0x1c</size>
         <input_file_ref idref="fl-f4"/>
      </object_component>
      <object_component id="oc-222">
         <name>.text:memccpy</name>
         <load_address>0x52b4</load_address>
         <run_address>0x52b4</run_address>
         <size>0x1c</size>
         <input_file_ref idref="fl-f2"/>
      </object_component>
      <object_component id="oc-359">
         <name>.text:copysign</name>
         <load_address>0x52d0</load_address>
         <run_address>0x52d0</run_address>
         <size>0x1a</size>
         <input_file_ref idref="fl-fc"/>
      </object_component>
      <object_component id="oc-4b1">
         <name>.text:strcmp</name>
         <load_address>0x52ea</load_address>
         <run_address>0x52ea</run_address>
         <size>0x18</size>
         <input_file_ref idref="fl-111"/>
      </object_component>
      <object_component id="oc-2e6">
         <name>.text:strchr</name>
         <load_address>0x5302</load_address>
         <run_address>0x5302</run_address>
         <size>0x16</size>
         <input_file_ref idref="fl-f5"/>
      </object_component>
      <object_component id="oc-465">
         <name>.text:strcpy</name>
         <load_address>0x5318</load_address>
         <run_address>0x5318</run_address>
         <size>0x14</size>
         <input_file_ref idref="fl-112"/>
      </object_component>
      <object_component id="oc-1f3">
         <name>.text:strlen</name>
         <load_address>0x532c</load_address>
         <run_address>0x532c</run_address>
         <size>0x14</size>
         <input_file_ref idref="fl-f6"/>
      </object_component>
      <object_component id="oc-228">
         <name>.text:wcslen</name>
         <load_address>0x5340</load_address>
         <run_address>0x5340</run_address>
         <size>0x12</size>
         <input_file_ref idref="fl-fb"/>
      </object_component>
      <object_component id="oc-1a">
         <name>.text:decompress:none:__TI_decompress_none</name>
         <load_address>0x5352</load_address>
         <run_address>0x5352</run_address>
         <size>0xe</size>
         <input_file_ref idref="fl-ea"/>
      </object_component>
      <object_component id="oc-67">
         <name>.text</name>
         <load_address>0x5360</load_address>
         <run_address>0x5360</run_address>
         <size>0xe</size>
         <input_file_ref idref="fl-3"/>
      </object_component>
      <object_component id="oc-22e">
         <name>.text:__aeabi_errno_addr</name>
         <load_address>0x5370</load_address>
         <run_address>0x5370</run_address>
         <size>0x8</size>
         <input_file_ref idref="fl-fa"/>
      </object_component>
      <object_component id="oc-3af">
         <name>.text:malloc</name>
         <load_address>0x5378</load_address>
         <run_address>0x5378</run_address>
         <size>0x8</size>
         <input_file_ref idref="fl-f4"/>
      </object_component>
      <object_component id="oc-185">
         <name>.text:_outc</name>
         <load_address>0x5380</load_address>
         <run_address>0x5380</run_address>
         <size>0x4</size>
         <input_file_ref idref="fl-d8"/>
      </object_component>
      <object_component id="oc-17f">
         <name>.text:_outs</name>
         <load_address>0x5384</load_address>
         <run_address>0x5384</run_address>
         <size>0x4</size>
         <input_file_ref idref="fl-d8"/>
      </object_component>
      <object_component id="oc-91">
         <name>.text:_system_pre_init</name>
         <load_address>0x5388</load_address>
         <run_address>0x5388</run_address>
         <size>0x4</size>
         <input_file_ref idref="fl-102"/>
      </object_component>
      <object_component id="oc-100">
         <name>.text:abort:abort</name>
         <load_address>0x538c</load_address>
         <run_address>0x538c</run_address>
         <size>0x4</size>
         <input_file_ref idref="fl-ec"/>
      </object_component>
      <object_component id="oc-28f">
         <name>.const:.string:_ctypes_</name>
         <load_address>0x5390</load_address>
         <run_address>0x5390</run_address>
         <size>0x101</size>
         <input_file_ref idref="fl-ef"/>
      </object_component>
      <object_component id="oc-16d">
         <name>.const:_ctlRegs</name>
         <load_address>0x5494</load_address>
         <run_address>0x5494</run_address>
         <size>0x80</size>
         <input_file_ref idref="fl-5"/>
      </object_component>
      <object_component id="oc-1cd">
         <name>.const:g_pulRegs</name>
         <load_address>0x5514</load_address>
         <run_address>0x5514</run_address>
         <size>0x50</size>
         <input_file_ref idref="fl-10"/>
      </object_component>
      <object_component id="oc-1ca">
         <name>.const:g_pulPriority</name>
         <load_address>0x5564</load_address>
         <run_address>0x5564</run_address>
         <size>0x20</size>
         <input_file_ref idref="fl-10"/>
      </object_component>
      <object_component id="oc-168">
         <name>.const:GPIO_PORT_TO_INT</name>
         <load_address>0x5584</load_address>
         <run_address>0x5584</run_address>
         <size>0x1c</size>
         <input_file_ref idref="fl-e"/>
      </object_component>
      <object_component id="oc-1d3">
         <name>.const:g_pulDisRegs</name>
         <load_address>0x55a0</load_address>
         <run_address>0x55a0</run_address>
         <size>0x8</size>
         <input_file_ref idref="fl-10"/>
      </object_component>
      <object_component id="oc-1d0">
         <name>.const:g_pulEnRegs</name>
         <load_address>0x55a8</load_address>
         <run_address>0x55a8</run_address>
         <size>0x8</size>
         <input_file_ref idref="fl-10"/>
      </object_component>
      <object_component id="oc-1d6">
         <name>.const:g_pulPendRegs</name>
         <load_address>0x55b0</load_address>
         <run_address>0x55b0</run_address>
         <size>0x8</size>
         <input_file_ref idref="fl-10"/>
      </object_component>
      <object_component id="oc-1d9">
         <name>.const:g_pulUnpendRegs</name>
         <load_address>0x55b8</load_address>
         <run_address>0x55b8</run_address>
         <size>0x8</size>
         <input_file_ref idref="fl-10"/>
      </object_component>
      <object_component id="oc-4f0">
         <name>.cinit..data.load</name>
         <load_address>0x55c0</load_address>
         <run_address>0x55c0</run_address>
         <size>0x9a</size>
      </object_component>
      <object_component id="oc-4ed">
         <name>__TI_handler_table</name>
         <load_address>0x565c</load_address>
         <run_address>0x565c</run_address>
         <size>0xc</size>
      </object_component>
      <object_component id="oc-4f1">
         <name>.cinit..bss.load</name>
         <load_address>0x5668</load_address>
         <run_address>0x5668</run_address>
         <size>0x8</size>
      </object_component>
      <object_component id="oc-4ef">
         <name>.cinit..vtable.load</name>
         <load_address>0x5670</load_address>
         <run_address>0x5670</run_address>
         <size>0x8</size>
      </object_component>
      <object_component id="oc-4ee">
         <name>__TI_cinit_table</name>
         <load_address>0x5678</load_address>
         <run_address>0x5678</run_address>
         <size>0x18</size>
      </object_component>
      <object_component id="oc-4c2">
         <name>.binit</name>
         <load_address>0x0</load_address>
         <run_address>0x0</run_address>
         <size>0x0</size>
      </object_component>
      <object_component id="oc-1c7">
         <name>.vtable</name>
         <uninitialized>true</uninitialized>
         <run_address>0x20000000</run_address>
         <size>0xe4</size>
         <input_file_ref idref="fl-10"/>
      </object_component>
      <object_component id="oc-f7">
         <name>.data</name>
         <load_address>0x200006d0</load_address>
         <run_address>0x200006d0</run_address>
         <size>0x10</size>
         <input_file_ref idref="fl-2"/>
      </object_component>
      <object_component id="oc-13e">
         <name>.data</name>
         <load_address>0x20000710</load_address>
         <run_address>0x20000710</run_address>
         <size>0x4</size>
         <input_file_ref idref="fl-4"/>
      </object_component>
      <object_component id="oc-165">
         <name>.data:GPIO_PORT_TO_BASE</name>
         <load_address>0x200006a0</load_address>
         <run_address>0x200006a0</run_address>
         <size>0x30</size>
         <input_file_ref idref="fl-e"/>
      </object_component>
      <object_component id="oc-195">
         <name>.data:$O1$$</name>
         <load_address>0x200006f0</load_address>
         <run_address>0x200006f0</run_address>
         <size>0xc</size>
         <input_file_ref idref="fl-ec"/>
      </object_component>
      <object_component id="oc-179">
         <name>.data:$O1$$</name>
         <load_address>0x200006fc</load_address>
         <run_address>0x200006fc</run_address>
         <size>0x8</size>
         <input_file_ref idref="fl-ed"/>
      </object_component>
      <object_component id="oc-17c">
         <name>.data:_ftable</name>
         <load_address>0x200004e8</load_address>
         <run_address>0x200004e8</run_address>
         <size>0xf0</size>
         <input_file_ref idref="fl-f0"/>
      </object_component>
      <object_component id="oc-3f8">
         <name>.data</name>
         <load_address>0x200006e0</load_address>
         <run_address>0x200006e0</run_address>
         <size>0x10</size>
         <input_file_ref idref="fl-f0"/>
      </object_component>
      <object_component id="oc-42e">
         <name>.data:$O1$$</name>
         <load_address>0x20000704</load_address>
         <run_address>0x20000704</run_address>
         <size>0x8</size>
         <input_file_ref idref="fl-f4"/>
      </object_component>
      <object_component id="oc-3c8">
         <name>.data:_device</name>
         <load_address>0x200005d8</load_address>
         <run_address>0x200005d8</run_address>
         <size>0x78</size>
         <input_file_ref idref="fl-f8"/>
      </object_component>
      <object_component id="oc-387">
         <name>.data:_stream</name>
         <load_address>0x20000650</load_address>
         <run_address>0x20000650</run_address>
         <size>0x50</size>
         <input_file_ref idref="fl-f8"/>
      </object_component>
      <object_component id="oc-2f6">
         <name>.data</name>
         <load_address>0x2000070c</load_address>
         <run_address>0x2000070c</run_address>
         <size>0x4</size>
         <input_file_ref idref="fl-fa"/>
      </object_component>
      <object_component id="oc-160">
         <name>.bss</name>
         <uninitialized>true</uninitialized>
         <run_address>0x200008d4</run_address>
         <size>0x8</size>
         <input_file_ref idref="fl-a"/>
      </object_component>
      <object_component id="oc-47c">
         <name>.bss:_CIOBUF_</name>
         <uninitialized>true</uninitialized>
         <run_address>0x20000714</run_address>
         <size>0x120</size>
         <input_file_ref idref="fl-10c"/>
      </object_component>
      <object_component id="oc-446">
         <name>.common:__TI_tmpnams</name>
         <uninitialized>true</uninitialized>
         <run_address>0x20000834</run_address>
         <size>0xa0</size>
      </object_component>
      <object_component id="oc-457">
         <name>.common:parmbuf</name>
         <uninitialized>true</uninitialized>
         <run_address>0x200008dc</run_address>
         <size>0x8</size>
      </object_component>
      <object_component id="oc-26">
         <name>.sysmem</name>
         <uninitialized>true</uninitialized>
         <run_address>0x200000e8</run_address>
         <size>0x10</size>
         <input_file_ref idref="fl-f4"/>
      </object_component>
      <object_component id="oc-4f3">
         <name>.sysmem</name>
         <uninitialized>true</uninitialized>
         <run_address>0x200000e8</run_address>
         <size>0x0</size>
      </object_component>
      <object_component id="oc-29">
         <name>.stack</name>
         <uninitialized>true</uninitialized>
         <run_address>0x2000fe00</run_address>
         <size>0x4</size>
         <input_file_ref idref="fl-f9"/>
      </object_component>
      <object_component id="oc-4f2">
         <name>.stack</name>
         <uninitialized>true</uninitialized>
         <run_address>0x2000fe00</run_address>
         <size>0x0</size>
      </object_component>
      <object_component id="oc-14c">
         <name>.debug_info</name>
         <load_address>0x0</load_address>
         <run_address>0x0</run_address>
         <size>0xafe</size>
         <input_file_ref idref="fl-2"/>
      </object_component>
      <object_component id="oc-f8">
         <name>.debug_info</name>
         <load_address>0xafe</load_address>
         <run_address>0xafe</run_address>
         <size>0x12a</size>
         <input_file_ref idref="fl-2"/>
      </object_component>
      <object_component id="oc-98">
         <name>.debug_info</name>
         <load_address>0xc28</load_address>
         <run_address>0xc28</run_address>
         <size>0x536</size>
         <input_file_ref idref="fl-2"/>
      </object_component>
      <object_component id="oc-b2">
         <name>.debug_info</name>
         <load_address>0x115e</load_address>
         <run_address>0x115e</run_address>
         <size>0x26b</size>
         <input_file_ref idref="fl-2"/>
      </object_component>
      <object_component id="oc-1ba">
         <name>.debug_info</name>
         <load_address>0x13c9</load_address>
         <run_address>0x13c9</run_address>
         <size>0x1055</size>
         <input_file_ref idref="fl-2"/>
      </object_component>
      <object_component id="oc-1b5">
         <name>.debug_info</name>
         <load_address>0x241e</load_address>
         <run_address>0x241e</run_address>
         <size>0x37e2</size>
         <input_file_ref idref="fl-2"/>
      </object_component>
      <object_component id="oc-1e4">
         <name>.debug_info</name>
         <load_address>0x5c00</load_address>
         <run_address>0x5c00</run_address>
         <size>0x1b5</size>
         <input_file_ref idref="fl-2"/>
      </object_component>
      <object_component id="oc-fb">
         <name>.debug_info</name>
         <load_address>0x5db5</load_address>
         <run_address>0x5db5</run_address>
         <size>0x8b</size>
         <input_file_ref idref="fl-2"/>
      </object_component>
      <object_component id="oc-147">
         <name>.debug_info</name>
         <load_address>0x5e40</load_address>
         <run_address>0x5e40</run_address>
         <size>0x297</size>
         <input_file_ref idref="fl-2"/>
      </object_component>
      <object_component id="oc-15a">
         <name>.debug_info</name>
         <load_address>0x60d7</load_address>
         <run_address>0x60d7</run_address>
         <size>0xef</size>
         <input_file_ref idref="fl-2"/>
      </object_component>
      <object_component id="oc-142">
         <name>.debug_info</name>
         <load_address>0x61c6</load_address>
         <run_address>0x61c6</run_address>
         <size>0xbb</size>
         <input_file_ref idref="fl-2"/>
      </object_component>
      <object_component id="oc-18d">
         <name>.debug_info</name>
         <load_address>0x6281</load_address>
         <run_address>0x6281</run_address>
         <size>0x2c</size>
         <input_file_ref idref="fl-2"/>
      </object_component>
      <object_component id="oc-6f">
         <name>.debug_info</name>
         <load_address>0x62ad</load_address>
         <run_address>0x62ad</run_address>
         <size>0x2d2</size>
         <input_file_ref idref="fl-3"/>
      </object_component>
      <object_component id="oc-24">
         <name>.debug_info</name>
         <load_address>0x657f</load_address>
         <run_address>0x657f</run_address>
         <size>0xfe</size>
         <input_file_ref idref="fl-3"/>
      </object_component>
      <object_component id="oc-6a">
         <name>.debug_info</name>
         <load_address>0x667d</load_address>
         <run_address>0x667d</run_address>
         <size>0x1c5</size>
         <input_file_ref idref="fl-3"/>
      </object_component>
      <object_component id="oc-32">
         <name>.debug_info</name>
         <load_address>0x6842</load_address>
         <run_address>0x6842</run_address>
         <size>0x84</size>
         <input_file_ref idref="fl-3"/>
      </object_component>
      <object_component id="oc-13f">
         <name>.debug_info</name>
         <load_address>0x68c6</load_address>
         <run_address>0x68c6</run_address>
         <size>0xf7</size>
         <input_file_ref idref="fl-4"/>
      </object_component>
      <object_component id="oc-ab">
         <name>.debug_info</name>
         <load_address>0x69bd</load_address>
         <run_address>0x69bd</run_address>
         <size>0x269</size>
         <input_file_ref idref="fl-4"/>
      </object_component>
      <object_component id="oc-171">
         <name>.debug_info</name>
         <load_address>0x6c26</load_address>
         <run_address>0x6c26</run_address>
         <size>0x69a</size>
         <input_file_ref idref="fl-5"/>
      </object_component>
      <object_component id="oc-16e">
         <name>.debug_info</name>
         <load_address>0x72c0</load_address>
         <run_address>0x72c0</run_address>
         <size>0xf0</size>
         <input_file_ref idref="fl-5"/>
      </object_component>
      <object_component id="oc-e6">
         <name>.debug_info</name>
         <load_address>0x73b0</load_address>
         <run_address>0x73b0</run_address>
         <size>0x2301</size>
         <input_file_ref idref="fl-5"/>
      </object_component>
      <object_component id="oc-1c2">
         <name>.debug_info</name>
         <load_address>0x96b1</load_address>
         <run_address>0x96b1</run_address>
         <size>0x3cd</size>
         <input_file_ref idref="fl-8"/>
      </object_component>
      <object_component id="oc-164">
         <name>.debug_info</name>
         <load_address>0x9a7e</load_address>
         <run_address>0x9a7e</run_address>
         <size>0x78c</size>
         <input_file_ref idref="fl-a"/>
      </object_component>
      <object_component id="oc-161">
         <name>.debug_info</name>
         <load_address>0xa20a</load_address>
         <run_address>0xa20a</run_address>
         <size>0x10d</size>
         <input_file_ref idref="fl-a"/>
      </object_component>
      <object_component id="oc-da">
         <name>.debug_info</name>
         <load_address>0xa317</load_address>
         <run_address>0xa317</run_address>
         <size>0x22e7</size>
         <input_file_ref idref="fl-a"/>
      </object_component>
      <object_component id="oc-16c">
         <name>.debug_info</name>
         <load_address>0xc5fe</load_address>
         <run_address>0xc5fe</run_address>
         <size>0x695</size>
         <input_file_ref idref="fl-e"/>
      </object_component>
      <object_component id="oc-169">
         <name>.debug_info</name>
         <load_address>0xcc93</load_address>
         <run_address>0xcc93</run_address>
         <size>0xff</size>
         <input_file_ref idref="fl-e"/>
      </object_component>
      <object_component id="oc-166">
         <name>.debug_info</name>
         <load_address>0xcd92</load_address>
         <run_address>0xcd92</run_address>
         <size>0x101</size>
         <input_file_ref idref="fl-e"/>
      </object_component>
      <object_component id="oc-e1">
         <name>.debug_info</name>
         <load_address>0xce93</load_address>
         <run_address>0xce93</run_address>
         <size>0x1a02</size>
         <input_file_ref idref="fl-e"/>
      </object_component>
      <object_component id="oc-1dd">
         <name>.debug_info</name>
         <load_address>0xe895</load_address>
         <run_address>0xe895</run_address>
         <size>0x623</size>
         <input_file_ref idref="fl-10"/>
      </object_component>
      <object_component id="oc-1cb">
         <name>.debug_info</name>
         <load_address>0xeeb8</load_address>
         <run_address>0xeeb8</run_address>
         <size>0xfe</size>
         <input_file_ref idref="fl-10"/>
      </object_component>
      <object_component id="oc-1ce">
         <name>.debug_info</name>
         <load_address>0xefb6</load_address>
         <run_address>0xefb6</run_address>
         <size>0xf6</size>
         <input_file_ref idref="fl-10"/>
      </object_component>
      <object_component id="oc-1d1">
         <name>.debug_info</name>
         <load_address>0xf0ac</load_address>
         <run_address>0xf0ac</run_address>
         <size>0xfa</size>
         <input_file_ref idref="fl-10"/>
      </object_component>
      <object_component id="oc-1d4">
         <name>.debug_info</name>
         <load_address>0xf1a6</load_address>
         <run_address>0xf1a6</run_address>
         <size>0xfc</size>
         <input_file_ref idref="fl-10"/>
      </object_component>
      <object_component id="oc-1d7">
         <name>.debug_info</name>
         <load_address>0xf2a2</load_address>
         <run_address>0xf2a2</run_address>
         <size>0xfe</size>
         <input_file_ref idref="fl-10"/>
      </object_component>
      <object_component id="oc-1da">
         <name>.debug_info</name>
         <load_address>0xf3a0</load_address>
         <run_address>0xf3a0</run_address>
         <size>0x102</size>
         <input_file_ref idref="fl-10"/>
      </object_component>
      <object_component id="oc-1c8">
         <name>.debug_info</name>
         <load_address>0xf4a2</load_address>
         <run_address>0xf4a2</run_address>
         <size>0x103</size>
         <input_file_ref idref="fl-10"/>
      </object_component>
      <object_component id="oc-156">
         <name>.debug_info</name>
         <load_address>0xf5a5</load_address>
         <run_address>0xf5a5</run_address>
         <size>0x11a6</size>
         <input_file_ref idref="fl-10"/>
      </object_component>
      <object_component id="oc-ef">
         <name>.debug_info</name>
         <load_address>0x1074b</load_address>
         <run_address>0x1074b</run_address>
         <size>0xa52</size>
         <input_file_ref idref="fl-15"/>
      </object_component>
      <object_component id="oc-1c0">
         <name>.debug_info</name>
         <load_address>0x1119d</load_address>
         <run_address>0x1119d</run_address>
         <size>0x55b</size>
         <input_file_ref idref="fl-19"/>
      </object_component>
      <object_component id="oc-150">
         <name>.debug_info</name>
         <load_address>0x116f8</load_address>
         <run_address>0x116f8</run_address>
         <size>0xea5</size>
         <input_file_ref idref="fl-19"/>
      </object_component>
      <object_component id="oc-15f">
         <name>.debug_info</name>
         <load_address>0x1259d</load_address>
         <run_address>0x1259d</run_address>
         <size>0x723</size>
         <input_file_ref idref="fl-1e"/>
      </object_component>
      <object_component id="oc-d4">
         <name>.debug_info</name>
         <load_address>0x12cc0</load_address>
         <run_address>0x12cc0</run_address>
         <size>0x8b5</size>
         <input_file_ref idref="fl-1e"/>
      </object_component>
      <object_component id="oc-18c">
         <name>.debug_info</name>
         <load_address>0x13575</load_address>
         <run_address>0x13575</run_address>
         <size>0x3e6</size>
         <input_file_ref idref="fl-d8"/>
      </object_component>
      <object_component id="oc-187">
         <name>.debug_info</name>
         <load_address>0x1395b</load_address>
         <run_address>0x1395b</run_address>
         <size>0x158</size>
         <input_file_ref idref="fl-d8"/>
      </object_component>
      <object_component id="oc-183">
         <name>.debug_info</name>
         <load_address>0x13ab3</load_address>
         <run_address>0x13ab3</run_address>
         <size>0x167</size>
         <input_file_ref idref="fl-d8"/>
      </object_component>
      <object_component id="oc-f4">
         <name>.debug_info</name>
         <load_address>0x13c1a</load_address>
         <run_address>0x13c1a</run_address>
         <size>0x1ad</size>
         <input_file_ref idref="fl-d8"/>
      </object_component>
      <object_component id="oc-25e">
         <name>.debug_info</name>
         <load_address>0x13dc7</load_address>
         <run_address>0x13dc7</run_address>
         <size>0xb2</size>
         <input_file_ref idref="fl-d8"/>
      </object_component>
      <object_component id="oc-235">
         <name>.debug_info</name>
         <load_address>0x13e79</load_address>
         <run_address>0x13e79</run_address>
         <size>0x57c</size>
         <input_file_ref idref="fl-d9"/>
      </object_component>
      <object_component id="oc-201">
         <name>.debug_info</name>
         <load_address>0x143f5</load_address>
         <run_address>0x143f5</run_address>
         <size>0x21f</size>
         <input_file_ref idref="fl-d9"/>
      </object_component>
      <object_component id="oc-2c1">
         <name>.debug_info</name>
         <load_address>0x14614</load_address>
         <run_address>0x14614</run_address>
         <size>0x1b4</size>
         <input_file_ref idref="fl-d9"/>
      </object_component>
      <object_component id="oc-2c7">
         <name>.debug_info</name>
         <load_address>0x147c8</load_address>
         <run_address>0x147c8</run_address>
         <size>0x21c</size>
         <input_file_ref idref="fl-d9"/>
      </object_component>
      <object_component id="oc-20c">
         <name>.debug_info</name>
         <load_address>0x149e4</load_address>
         <run_address>0x149e4</run_address>
         <size>0x3bc</size>
         <input_file_ref idref="fl-d9"/>
      </object_component>
      <object_component id="oc-2ce">
         <name>.debug_info</name>
         <load_address>0x14da0</load_address>
         <run_address>0x14da0</run_address>
         <size>0x306</size>
         <input_file_ref idref="fl-d9"/>
      </object_component>
      <object_component id="oc-2d3">
         <name>.debug_info</name>
         <load_address>0x150a6</load_address>
         <run_address>0x150a6</run_address>
         <size>0x216</size>
         <input_file_ref idref="fl-d9"/>
      </object_component>
      <object_component id="oc-212">
         <name>.debug_info</name>
         <load_address>0x152bc</load_address>
         <run_address>0x152bc</run_address>
         <size>0x216</size>
         <input_file_ref idref="fl-d9"/>
      </object_component>
      <object_component id="oc-218">
         <name>.debug_info</name>
         <load_address>0x154d2</load_address>
         <run_address>0x154d2</run_address>
         <size>0x305</size>
         <input_file_ref idref="fl-d9"/>
      </object_component>
      <object_component id="oc-21d">
         <name>.debug_info</name>
         <load_address>0x157d7</load_address>
         <run_address>0x157d7</run_address>
         <size>0x4b1</size>
         <input_file_ref idref="fl-d9"/>
      </object_component>
      <object_component id="oc-174">
         <name>.debug_info</name>
         <load_address>0x15c88</load_address>
         <run_address>0x15c88</run_address>
         <size>0x5f5</size>
         <input_file_ref idref="fl-d9"/>
      </object_component>
      <object_component id="oc-236">
         <name>.debug_info</name>
         <load_address>0x1627d</load_address>
         <run_address>0x1627d</run_address>
         <size>0x86</size>
         <input_file_ref idref="fl-d9"/>
      </object_component>
      <object_component id="oc-302">
         <name>.debug_info</name>
         <load_address>0x16303</load_address>
         <run_address>0x16303</run_address>
         <size>0x39</size>
         <input_file_ref idref="fl-d9"/>
      </object_component>
      <object_component id="oc-370">
         <name>.debug_info</name>
         <load_address>0x1633c</load_address>
         <run_address>0x1633c</run_address>
         <size>0xb6</size>
         <input_file_ref idref="fl-d9"/>
      </object_component>
      <object_component id="oc-307">
         <name>.debug_info</name>
         <load_address>0x163f2</load_address>
         <run_address>0x163f2</run_address>
         <size>0x46</size>
         <input_file_ref idref="fl-d9"/>
      </object_component>
      <object_component id="oc-23b">
         <name>.debug_info</name>
         <load_address>0x16438</load_address>
         <run_address>0x16438</run_address>
         <size>0x46</size>
         <input_file_ref idref="fl-d9"/>
      </object_component>
      <object_component id="oc-2fd">
         <name>.debug_info</name>
         <load_address>0x1647e</load_address>
         <run_address>0x1647e</run_address>
         <size>0x2c</size>
         <input_file_ref idref="fl-d9"/>
      </object_component>
      <object_component id="oc-32c">
         <name>.debug_info</name>
         <load_address>0x164aa</load_address>
         <run_address>0x164aa</run_address>
         <size>0x384</size>
         <input_file_ref idref="fl-da"/>
      </object_component>
      <object_component id="oc-259">
         <name>.debug_info</name>
         <load_address>0x1682e</load_address>
         <run_address>0x1682e</run_address>
         <size>0x1eb</size>
         <input_file_ref idref="fl-da"/>
      </object_component>
      <object_component id="oc-32a">
         <name>.debug_info</name>
         <load_address>0x16a19</load_address>
         <run_address>0x16a19</run_address>
         <size>0x3fd</size>
         <input_file_ref idref="fl-db"/>
      </object_component>
      <object_component id="oc-250">
         <name>.debug_info</name>
         <load_address>0x16e16</load_address>
         <run_address>0x16e16</run_address>
         <size>0x2e3</size>
         <input_file_ref idref="fl-db"/>
      </object_component>
      <object_component id="oc-ca">
         <name>.debug_info</name>
         <load_address>0x170f9</load_address>
         <run_address>0x170f9</run_address>
         <size>0x2c</size>
         <input_file_ref idref="fl-db"/>
      </object_component>
      <object_component id="oc-382">
         <name>.debug_info</name>
         <load_address>0x17125</load_address>
         <run_address>0x17125</run_address>
         <size>0x301</size>
         <input_file_ref idref="fl-dc"/>
      </object_component>
      <object_component id="oc-312">
         <name>.debug_info</name>
         <load_address>0x17426</load_address>
         <run_address>0x17426</run_address>
         <size>0x19d</size>
         <input_file_ref idref="fl-dc"/>
      </object_component>
      <object_component id="oc-3bd">
         <name>.debug_info</name>
         <load_address>0x175c3</load_address>
         <run_address>0x175c3</run_address>
         <size>0xbf</size>
         <input_file_ref idref="fl-dc"/>
      </object_component>
      <object_component id="oc-3bc">
         <name>.debug_info</name>
         <load_address>0x17682</load_address>
         <run_address>0x17682</run_address>
         <size>0x375</size>
         <input_file_ref idref="fl-dd"/>
      </object_component>
      <object_component id="oc-37e">
         <name>.debug_info</name>
         <load_address>0x179f7</load_address>
         <run_address>0x179f7</run_address>
         <size>0x20c</size>
         <input_file_ref idref="fl-dd"/>
      </object_component>
      <object_component id="oc-353">
         <name>.debug_info</name>
         <load_address>0x17c03</load_address>
         <run_address>0x17c03</run_address>
         <size>0x29b</size>
         <input_file_ref idref="fl-de"/>
      </object_component>
      <object_component id="oc-2db">
         <name>.debug_info</name>
         <load_address>0x17e9e</load_address>
         <run_address>0x17e9e</run_address>
         <size>0x196</size>
         <input_file_ref idref="fl-de"/>
      </object_component>
      <object_component id="oc-397">
         <name>.debug_info</name>
         <load_address>0x18034</load_address>
         <run_address>0x18034</run_address>
         <size>0x39</size>
         <input_file_ref idref="fl-de"/>
      </object_component>
      <object_component id="oc-354">
         <name>.debug_info</name>
         <load_address>0x1806d</load_address>
         <run_address>0x1806d</run_address>
         <size>0x2c</size>
         <input_file_ref idref="fl-de"/>
      </object_component>
      <object_component id="oc-360">
         <name>.debug_info</name>
         <load_address>0x18099</load_address>
         <run_address>0x18099</run_address>
         <size>0x2fe</size>
         <input_file_ref idref="fl-df"/>
      </object_component>
      <object_component id="oc-2e1">
         <name>.debug_info</name>
         <load_address>0x18397</load_address>
         <run_address>0x18397</run_address>
         <size>0x226</size>
         <input_file_ref idref="fl-df"/>
      </object_component>
      <object_component id="oc-296">
         <name>.debug_info</name>
         <load_address>0x185bd</load_address>
         <run_address>0x185bd</run_address>
         <size>0x135</size>
         <input_file_ref idref="fl-e0"/>
      </object_component>
      <object_component id="oc-8c">
         <name>.debug_info</name>
         <load_address>0x186f2</load_address>
         <run_address>0x186f2</run_address>
         <size>0x148</size>
         <input_file_ref idref="fl-e1"/>
      </object_component>
      <object_component id="oc-2bc">
         <name>.debug_info</name>
         <load_address>0x1883a</load_address>
         <run_address>0x1883a</run_address>
         <size>0x14d</size>
         <input_file_ref idref="fl-e2"/>
      </object_component>
      <object_component id="oc-207">
         <name>.debug_info</name>
         <load_address>0x18987</load_address>
         <run_address>0x18987</run_address>
         <size>0x129</size>
         <input_file_ref idref="fl-e3"/>
      </object_component>
      <object_component id="oc-2a7">
         <name>.debug_info</name>
         <load_address>0x18ab0</load_address>
         <run_address>0x18ab0</run_address>
         <size>0x12b</size>
         <input_file_ref idref="fl-e3"/>
      </object_component>
      <object_component id="oc-2a1">
         <name>.debug_info</name>
         <load_address>0x18bdb</load_address>
         <run_address>0x18bdb</run_address>
         <size>0x13b</size>
         <input_file_ref idref="fl-e4"/>
      </object_component>
      <object_component id="oc-29e">
         <name>.debug_info</name>
         <load_address>0x18d16</load_address>
         <run_address>0x18d16</run_address>
         <size>0x13b</size>
         <input_file_ref idref="fl-e5"/>
      </object_component>
      <object_component id="oc-2ac">
         <name>.debug_info</name>
         <load_address>0x18e51</load_address>
         <run_address>0x18e51</run_address>
         <size>0x12f</size>
         <input_file_ref idref="fl-e6"/>
      </object_component>
      <object_component id="oc-2b7">
         <name>.debug_info</name>
         <load_address>0x18f80</load_address>
         <run_address>0x18f80</run_address>
         <size>0x12d</size>
         <input_file_ref idref="fl-e7"/>
      </object_component>
      <object_component id="oc-38">
         <name>.debug_info</name>
         <load_address>0x190ad</load_address>
         <run_address>0x190ad</run_address>
         <size>0x11a</size>
         <input_file_ref idref="fl-e8"/>
      </object_component>
      <object_component id="oc-8a">
         <name>.debug_info</name>
         <load_address>0x191c7</load_address>
         <run_address>0x191c7</run_address>
         <size>0x2d5</size>
         <input_file_ref idref="fl-e9"/>
      </object_component>
      <object_component id="oc-44">
         <name>.debug_info</name>
         <load_address>0x1949c</load_address>
         <run_address>0x1949c</run_address>
         <size>0x1d3</size>
         <input_file_ref idref="fl-e9"/>
      </object_component>
      <object_component id="oc-85">
         <name>.debug_info</name>
         <load_address>0x1966f</load_address>
         <run_address>0x1966f</run_address>
         <size>0x46</size>
         <input_file_ref idref="fl-e9"/>
      </object_component>
      <object_component id="oc-42">
         <name>.debug_info</name>
         <load_address>0x196b5</load_address>
         <run_address>0x196b5</run_address>
         <size>0x2a9</size>
         <input_file_ref idref="fl-ea"/>
      </object_component>
      <object_component id="oc-1b">
         <name>.debug_info</name>
         <load_address>0x1995e</load_address>
         <run_address>0x1995e</run_address>
         <size>0x1eb</size>
         <input_file_ref idref="fl-ea"/>
      </object_component>
      <object_component id="oc-3d">
         <name>.debug_info</name>
         <load_address>0x19b49</load_address>
         <run_address>0x19b49</run_address>
         <size>0x46</size>
         <input_file_ref idref="fl-ea"/>
      </object_component>
      <object_component id="oc-7d">
         <name>.debug_info</name>
         <load_address>0x19b8f</load_address>
         <run_address>0x19b8f</run_address>
[...]
         <name>__aeabi_memset4</name>
         <value>0x4707</value>
         <object_component_ref idref="oc-8b"/>
      </symbol>
      <symbol id="sm-73e">
         <name>__aeabi_memclr8</name>
         <value>0x4705</value>
         <object_component_ref idref="oc-8b"/>
      </symbol>
      <symbol id="sm-73f">
         <name>__aeabi_memclr4</name>
         <value>0x4705</value>
         <object_component_ref idref="oc-8b"/>
      </symbol>
      <symbol id="sm-740">
         <name>__aeabi_memclr</name>
         <value>0x4705</value>
         <object_component_ref idref="oc-8b"/>
      </symbol>
      <symbol id="sm-757">
         <name>__aeabi_dsub</name>
         <value>0x3641</value>
         <object_component_ref idref="oc-2ba"/>
      </symbol>
      <symbol id="sm-758">
         <name>__aeabi_dadd</name>
         <value>0x364b</value>
         <object_component_ref idref="oc-2ba"/>
      </symbol>
      <symbol id="sm-77a">
         <name>__aeabi_cdcmpeq</name>
         <value>0x457d</value>
         <object_component_ref idref="oc-205"/>
      </symbol>
      <symbol id="sm-77b">
         <name>__aeabi_cdcmple</name>
         <value>0x457d</value>
         <object_component_ref idref="oc-205"/>
      </symbol>
      <symbol id="sm-77c">
         <name>__aeabi_cdrcmple</name>
         <value>0x4603</value>
         <object_component_ref idref="oc-2a5"/>
      </symbol>
      <symbol id="sm-790">
         <name>__aeabi_ddiv</name>
         <value>0x3935</value>
         <object_component_ref idref="oc-2a0"/>
      </symbol>
      <symbol id="sm-79b">
         <name>__aeabi_dmul</name>
         <value>0x3db5</value>
         <object_component_ref idref="oc-29b"/>
      </symbol>
      <symbol id="sm-7a5">
         <name>__aeabi_d2iz</name>
         <value>0x4e79</value>
         <object_component_ref idref="oc-2aa"/>
      </symbol>
      <symbol id="sm-7af">
         <name>__aeabi_i2d</name>
         <value>0x5189</value>
         <object_component_ref idref="oc-2b5"/>
      </symbol>
      <symbol id="sm-7ca">
         <name>memcpy</name>
         <value>0x43bf</value>
         <object_component_ref idref="oc-37"/>
      </symbol>
      <symbol id="sm-7cb">
         <name>__aeabi_memcpy</name>
         <value>0x43bf</value>
         <object_component_ref idref="oc-37"/>
      </symbol>
      <symbol id="sm-7cc">
         <name>__aeabi_memcpy8</name>
         <value>0x43bf</value>
         <object_component_ref idref="oc-37"/>
      </symbol>
      <symbol id="sm-7cd">
         <name>__aeabi_memcpy4</name>
         <value>0x43bf</value>
         <object_component_ref idref="oc-37"/>
      </symbol>
      <symbol id="sm-7e1">
         <name>__TI_zero_init_nomemset</name>
         <value>0x527d</value>
         <object_component_ref idref="oc-43"/>
      </symbol>
      <symbol id="sm-7f8">
         <name>__TI_decompress_none</name>
         <value>0x5353</value>
         <object_component_ref idref="oc-1a"/>
      </symbol>
      <symbol id="sm-81b">
         <name>__TI_decompress_lzss</name>
         <value>0x4935</value>
         <object_component_ref idref="oc-14"/>
      </symbol>
      <symbol id="sm-841">
         <name>C$$EXIT</name>
         <value>0x538d</value>
         <object_component_ref idref="oc-100"/>
      </symbol>
      <symbol id="sm-842">
         <name>abort</name>
         <value>0x538d</value>
         <object_component_ref idref="oc-100"/>
      </symbol>
      <symbol id="sm-843">
         <name>__TI_dtors_ptr</name>
         <value>0x200006f4</value>
         <object_component_ref idref="oc-195"/>
      </symbol>
      <symbol id="sm-844">
         <name>__TI_cleanup_ptr</name>
         <value>0x200006f0</value>
         <object_component_ref idref="oc-195"/>
      </symbol>
      <symbol id="sm-845">
         <name>__TI_enable_exit_profile_output</name>
         <value>0x200006f8</value>
         <object_component_ref idref="oc-195"/>
      </symbol>
      <symbol id="sm-846">
         <name>exit</name>
         <value>0x4e31</value>
         <object_component_ref idref="oc-106"/>
      </symbol>
      <symbol id="sm-85b">
         <name>_nop</name>
         <value>0x18af</value>
         <object_component_ref idref="oc-240"/>
      </symbol>
      <symbol id="sm-85c">
         <name>_lock</name>
         <value>0x200006fc</value>
         <object_component_ref idref="oc-179"/>
      </symbol>
      <symbol id="sm-85d">
         <name>_unlock</name>
         <value>0x20000700</value>
         <object_component_ref idref="oc-179"/>
      </symbol>
      <symbol id="sm-873">
         <name>atoi</name>
         <value>0x4de5</value>
         <object_component_ref idref="oc-1f9"/>
      </symbol>
      <symbol id="sm-87e">
         <name>_ctypes_</name>
         <value>0x5390</value>
         <object_component_ref idref="oc-28f"/>
      </symbol>
      <symbol id="sm-893">
         <name>__TI_tmpnams</name>
         <value>0x20000834</value>
      </symbol>
      <symbol id="sm-894">
         <name>__aeabi_stdout</name>
         <value>0x200006e8</value>
         <object_component_ref idref="oc-3f8"/>
      </symbol>
      <symbol id="sm-895">
         <name>__aeabi_stderr</name>
         <value>0x200006ec</value>
         <object_component_ref idref="oc-3f8"/>
      </symbol>
      <symbol id="sm-896">
         <name>__aeabi_stdin</name>
         <value>0x200006e4</value>
         <object_component_ref idref="oc-3f8"/>
      </symbol>
      <symbol id="sm-897">
         <name>_ftable</name>
         <value>0x200004e8</value>
         <object_component_ref idref="oc-17c"/>
      </symbol>
      <symbol id="sm-898">
         <name>__TI_ft_end</name>
         <value>0x200006e0</value>
         <object_component_ref idref="oc-3f8"/>
      </symbol>
      <symbol id="sm-8a7">
         <name>ltoa</name>
         <value>0x4cf3</value>
         <object_component_ref idref="oc-2af"/>
      </symbol>
      <symbol id="sm-8b7">
         <name>memccpy</name>
         <value>0x52b5</value>
         <object_component_ref idref="oc-222"/>
      </symbol>
      <symbol id="sm-8c7">
         <name>memchr</name>
         <value>0x525d</value>
         <object_component_ref idref="oc-317"/>
      </symbol>
      <symbol id="sm-94e">
         <name>_sys_memory</name>
         <value>0x200000e8</value>
         <object_component_ref idref="oc-26"/>
      </symbol>
      <symbol id="sm-94f">
         <name>free</name>
         <value>0x3fa5</value>
         <object_component_ref idref="oc-3a9"/>
      </symbol>
      <symbol id="sm-950">
         <name>memalign</name>
         <value>0x3eb1</value>
         <object_component_ref idref="oc-3eb"/>
      </symbol>
      <symbol id="sm-951">
         <name>malloc</name>
         <value>0x5379</value>
         <object_component_ref idref="oc-3af"/>
      </symbol>
      <symbol id="sm-952">
         <name>aligned_alloc</name>
         <value>0x3eb1</value>
         <object_component_ref idref="oc-3eb"/>
      </symbol>
      <symbol id="sm-962">
         <name>strchr</name>
         <value>0x5303</value>
         <object_component_ref idref="oc-2e6"/>
      </symbol>
      <symbol id="sm-970">
         <name>strlen</name>
         <value>0x532d</value>
         <object_component_ref idref="oc-1f3"/>
      </symbol>
      <symbol id="sm-98a">
         <name>write</name>
         <value>0x5235</value>
         <object_component_ref idref="oc-323"/>
      </symbol>
      <symbol id="sm-99b">
         <name>_stream</name>
         <value>0x20000650</value>
         <object_component_ref idref="oc-387"/>
      </symbol>
      <symbol id="sm-99c">
         <name>_device</name>
         <value>0x200005d8</value>
         <object_component_ref idref="oc-3c8"/>
      </symbol>
      <symbol id="sm-9af">
         <name>__stack</name>
         <value>0x2000fe00</value>
         <object_component_ref idref="oc-29"/>
      </symbol>
      <symbol id="sm-9b0">
         <name>_c_int00_noargs</name>
         <value>0x5125</value>
         <object_component_ref idref="oc-55"/>
      </symbol>
      <symbol id="sm-9c6">
         <name>__aeabi_errno_addr</name>
         <value>0x5371</value>
         <object_component_ref idref="oc-22e"/>
      </symbol>
      <symbol id="sm-9c7">
         <name>errno</name>
         <value>0x2000070c</value>
         <object_component_ref idref="oc-2f6"/>
      </symbol>
      <symbol id="sm-9e0">
         <name>wcslen</name>
         <value>0x5341</value>
         <object_component_ref idref="oc-228"/>
      </symbol>
      <symbol id="sm-9ea">
         <name>copysign</name>
         <value>0x52d1</value>
         <object_component_ref idref="oc-359"/>
      </symbol>
      <symbol id="sm-9eb">
         <name>copysignl</name>
         <value>0x52d1</value>
         <object_component_ref idref="oc-359"/>
      </symbol>
      <symbol id="sm-9fb">
         <name>__TI_doflush</name>
         <value>0x4d99</value>
         <object_component_ref idref="oc-31d"/>
      </symbol>
      <symbol id="sm-a0b">
         <name>__TI_cleanup</name>
         <value>0x50bd</value>
         <object_component_ref idref="oc-3b5"/>
      </symbol>
      <symbol id="sm-a1d">
         <name>fseek</name>
         <value>0x4a69</value>
         <object_component_ref idref="oc-375"/>
      </symbol>
      <symbol id="sm-a27">
         <name>__aeabi_idiv0</name>
         <value>0x37f7</value>
         <object_component_ref idref="oc-340"/>
      </symbol>
      <symbol id="sm-a28">
         <name>__aeabi_ldiv0</name>
         <value>0x37f7</value>
         <object_component_ref idref="oc-340"/>
      </symbol>
      <symbol id="sm-a50">
         <name>__TI_auto_init_nobinit_nopinit</name>
         <value>0x4f49</value>
         <object_component_ref idref="oc-10c"/>
      </symbol>
      <symbol id="sm-a5a">
         <name>_system_pre_init</name>
         <value>0x5389</value>
         <object_component_ref idref="oc-91"/>
      </symbol>
      <symbol id="sm-a6d">
         <name>HOSTclose</name>
         <value>0x4ec1</value>
         <object_component_ref idref="oc-404"/>
      </symbol>
      <symbol id="sm-a7e">
         <name>HOSTlseek</name>
         <value>0x4865</value>
         <object_component_ref idref="oc-416"/>
      </symbol>
      <symbol id="sm-a90">
         <name>parmbuf</name>
         <value>0x200008dc</value>
      </symbol>
      <symbol id="sm-a91">
         <name>HOSTopen</name>
         <value>0x4b31</value>
         <object_component_ref idref="oc-3fe"/>
      </symbol>
      <symbol id="sm-aa2">
         <name>HOSTread</name>
         <value>0x4bed</value>
         <object_component_ref idref="oc-40a"/>
      </symbol>
      <symbol id="sm-ab3">
         <name>HOSTrename</name>
         <value>0x48cd</value>
         <object_component_ref idref="oc-422"/>
      </symbol>
      <symbol id="sm-ac4">
         <name>HOSTunlink</name>
         <value>0x4f05</value>
         <object_component_ref idref="oc-41c"/>
      </symbol>
      <symbol id="sm-ad5">
         <name>HOSTwrite</name>
         <value>0x4c45</value>
         <object_component_ref idref="oc-410"/>
      </symbol>
      <symbol id="sm-af9">
         <name>__TI_readmsg</name>
         <value>0x50f1</value>
         <object_component_ref idref="oc-451"/>
      </symbol>
      <symbol id="sm-afa">
         <name>C$$IO$$</name>
         <value>0x507b</value>
         <object_component_ref idref="oc-44b"/>
      </symbol>
      <symbol id="sm-afb">
         <name>__CIOBUF_</name>
         <value>0x20000714</value>
         <object_component_ref idref="oc-47c"/>
      </symbol>
      <symbol id="sm-afc">
         <name>__TI_writemsg</name>
         <value>0x504d</value>
         <object_component_ref idref="oc-44b"/>
      </symbol>
      <symbol id="sm-b0d">
         <name>lseek</name>
         <value>0x520d</value>
         <object_component_ref idref="oc-3a1"/>
      </symbol>
      <symbol id="sm-b22">
         <name>__TI_closefile</name>
         <value>0x4781</value>
         <object_component_ref idref="oc-3f2"/>
      </symbol>
      <symbol id="sm-b45">
         <name>finddevice</name>
         <value>0x5159</value>
         <object_component_ref idref="oc-49a"/>
      </symbol>
      <symbol id="sm-b46">
         <name>getdevice</name>
         <value>0x4f8d</value>
         <object_component_ref idref="oc-472"/>
      </symbol>
      <symbol id="sm-b55">
         <name>strcmp</name>
         <value>0x52eb</value>
         <object_component_ref idref="oc-4b1"/>
      </symbol>
      <symbol id="sm-b63">
         <name>strcpy</name>
         <value>0x5319</value>
         <object_component_ref idref="oc-465"/>
      </symbol>
      <symbol id="sm-b73">
         <name>strncpy</name>
         <value>0x5085</value>
         <object_component_ref idref="oc-494"/>
      </symbol>
      <symbol id="sm-b88">
         <name>close</name>
         <value>0x4b91</value>
         <object_component_ref idref="oc-43a"/>
      </symbol>
      <symbol id="sm-b98">
         <name>unlink</name>
         <value>0x51b9</value>
         <object_component_ref idref="oc-440"/>
      </symbol>
      <symbol id="sm-b99">
         <name>__TI_static_base__</name>
         <value>0x0</value>
      </symbol>
      <symbol id="sm-b9c">
         <name>__mpu_init</name>
         <value>0x0</value>
      </symbol>
      <symbol id="sm-b9d">
         <name>_system_post_cinit</name>
         <value>0x0</value>
      </symbol>
      <symbol id="sm-b9e">
         <name>NMI_Handler</name>
         <value>0x536d</value>
      </symbol>
      <symbol id="sm-b9f">
         <name>HardFault_Handler</name>
         <value>0x536d</value>
      </symbol>
      <symbol id="sm-ba0">
         <name>MemManage_Handler</name>
         <value>0x536d</value>
      </symbol>
      <symbol id="sm-ba1">
         <name>BusFault_Handler</name>
         <value>0x536d</value>
      </symbol>
      <symbol id="sm-ba2">
         <name>UsageFault_Handler</name>
         <value>0x536d</value>
      </symbol>
      <symbol id="sm-ba3">
         <name>SVC_Handler</name>
         <value>0x536d</value>
      </symbol>
      <symbol id="sm-ba4">
         <name>DebugMon_Handler</name>
         <value>0x536d</value>
      </symbol>
      <symbol id="sm-ba5">
         <name>PendSV_Handler</name>
         <value>0x536d</value>
      </symbol>
      <symbol id="sm-ba6">
         <name>SysTick_Handler</name>
         <value>0x536d</value>
      </symbol>
      <symbol id="sm-ba7">
         <name>PSS_IRQHandler</name>
         <value>0x536d</value>
      </symbol>
      <symbol id="sm-ba8">
         <name>CS_IRQHandler</name>
         <value>0x536d</value>
      </symbol>
      <symbol id="sm-ba9">
         <name>PCM_IRQHandler</name>
         <value>0x536d</value>
      </symbol>
      <symbol id="sm-baa">
         <name>WDT_A_IRQHandler</name>
         <value>0x536d</value>
      </symbol>
      <symbol id="sm-bab">
         <name>FPU_IRQHandler</name>
         <value>0x536d</value>
      </symbol>
      <symbol id="sm-bac">
         <name>FLCTL_IRQHandler</name>
         <value>0x536d</value>
      </symbol>
      <symbol id="sm-bad">
         <name>COMP_E0_IRQHandler</name>
         <value>0x536d</value>
      </symbol>
      <symbol id="sm-bae">
         <name>COMP_E1_IRQHandler</name>
         <value>0x536d</value>
      </symbol>
      <symbol id="sm-baf">
         <name>TA0_0_IRQHandler</name>
         <value>0x536d</value>
      </symbol>
      <symbol id="sm-bb0">
         <name>TA0_N_IRQHandler</name>
         <value>0x536d</value>
      </symbol>
      <symbol id="sm-bb1">
         <name>TA1_0_IRQHandler</name>
         <value>0x536d</value>
      </symbol>
      <symbol id="sm-bb2">
         <name>TA1_N_IRQHandler</name>
         <value>0x536d</value>
      </symbol>
      <symbol id="sm-bb3">
         <name>TA2_0_IRQHandler</name>
         <value>0x536d</value>
      </symbol>
      <symbol id="sm-bb4">
         <name>TA2_N_IRQHandler</name>
         <value>0x536d</value>
      </symbol>
      <symbol id="sm-bb5">
         <name>TA3_0_IRQHandler</name>
         <value>0x536d</value>
      </symbol>
      <symbol id="sm-bb6">
         <name>TA3_N_IRQHandler</name>
         <value>0x536d</value>
      </symbol>
      <symbol id="sm-bb7">
         <name>EUSCIA0_IRQHandler</name>
         <value>0x536d</value>
      </symbol>
      <symbol id="sm-bb8">
         <name>EUSCIA1_IRQHandler</name>
         <value>0x536d</value>
      </symbol>
      <symbol id="sm-bb9">
         <name>EUSCIA2_IRQHandler</name>
         <value>0x536d</value>
      </symbol>
      <symbol id="sm-bba">
         <name>EUSCIA3_IRQHandler</name>
         <value>0x536d</value>
      </symbol>
      <symbol id="sm-bbb">
         <name>EUSCIB0_IRQHandler</name>
         <value>0x536d</value>
      </symbol>
      <symbol id="sm-bbc">
         <name>EUSCIB1_IRQHandler</name>
         <value>0x536d</value>
      </symbol>
      <symbol id="sm-bbd">
         <name>EUSCIB2_IRQHandler</name>
         <value>0x536d</value>
      </symbol>
      <symbol id="sm-bbe">
         <name>EUSCIB3_IRQHandler</name>
         <value>0x536d</value>
      </symbol>
      <symbol id="sm-bbf">
         <name>ADC14_IRQHandler</name>
         <value>0x536d</value>
      </symbol>
      <symbol id="sm-bc0">
         <name>T32_INT1_IRQHandler</name>
         <value>0x536d</value>
      </symbol>
      <symbol id="sm-bc1">
         <name>T32_INT2_IRQHandler</name>
         <value>0x536d</value>
      </symbol>
      <symbol id="sm-bc2">
         <name>T32_INTC_IRQHandler</name>
         <value>0x536d</value>
      </symbol>
      <symbol id="sm-bc3">
         <name>AES256_IRQHandler</name>
         <value>0x536d</value>
      </symbol>
      <symbol id="sm-bc4">
         <name>RTC_C_IRQHandler</name>
         <value>0x536d</value>
      </symbol>
      <symbol id="sm-bc5">
         <name>DMA_ERR_IRQHandler</name>
         <value>0x536d</value>
      </symbol>
      <symbol id="sm-bc6">
         <name>DMA_INT3_IRQHandler</name>
         <value>0x536d</value>
      </symbol>
      <symbol id="sm-bc7">
         <name>DMA_INT2_IRQHandler</name>
         <value>0x536d</value>
      </symbol>
      <symbol id="sm-bc8">
         <name>DMA_INT1_IRQHandler</name>
         <value>0x536d</value>
      </symbol>
      <symbol id="sm-bc9">
         <name>DMA_INT0_IRQHandler</name>
         <value>0x536d</value>
      </symbol>
      <symbol id="sm-bca">
         <name>PORT1_IRQHandler</name>
         <value>0x536d</value>
      </symbol>
      <symbol id="sm-bcb">
         <name>PORT2_IRQHandler</name>
         <value>0x536d</value>
      </symbol>
      <symbol id="sm-bcc">
         <name>PORT3_IRQHandler</name>
         <value>0x536d</value>
      </symbol>
      <symbol id="sm-bcd">
         <name>PORT4_IRQHandler</name>
         <value>0x536d</value>
      </symbol>
      <symbol id="sm-bce">
         <name>PORT5_IRQHandler</name>
         <value>0x536d</value>
      </symbol>
      <symbol id="sm-bcf">
         <name>PORT6_IRQHandler</name>
         <value>0x536d</value>
      </symbol>
      <symbol id="sm-bd0">
         <name>remove</name>
         <value>0x51b9</value>
      </symbol>
   </symbol_table>
   <title>Link successful</title>
</link_info>
